{"expand":"renderedFields,names,schema,operations,editmeta,changelog,versionedRepresentations","id":"22247","self":"https://eucalyptus.atlassian.net/rest/api/2/issue/22247","key":"EUCA-6817","fields":{"issuetype":{"self":"https://eucalyptus.atlassian.net/rest/api/2/issuetype/1","id":"1","description":"A problem which impairs or prevents the functions of the product.","iconUrl":"https://eucalyptus.atlassian.net/secure/viewavatar?size=xsmall&avatarId=14803&avatarType=issuetype","name":"Bug","subtask":false,"avatarId":14803},"timespent":null,"customfield_13100":null,"project":{"self":"https://eucalyptus.atlassian.net/rest/api/2/project/10000","id":"10000","key":"EUCA","name":"Eucalyptus","avatarUrls":{"48x48":"https://eucalyptus.atlassian.net/secure/projectavatar?pid=10000&avatarId=10011","24x24":"https://eucalyptus.atlassian.net/secure/projectavatar?size=small&pid=10000&avatarId=10011","16x16":"https://eucalyptus.atlassian.net/secure/projectavatar?size=xsmall&pid=10000&avatarId=10011","32x32":"https://eucalyptus.atlassian.net/secure/projectavatar?size=medium&pid=10000&avatarId=10011"}},"customfield_11000":null,"fixVersions":[{"self":"https://eucalyptus.atlassian.net/rest/api/2/version/12105","id":"12105","description":"Eucalyptus 3.4.0","name":"3.4.0","archived":false,"released":true,"releaseDate":"2013-10-24"}],"customfield_11001":null,"aggregatetimespent":null,"resolution":{"self":"https://eucalyptus.atlassian.net/rest/api/2/resolution/1","id":"1","description":"A fix for this issue is checked into the tree and tested.","name":"Fixed"},"customfield_10310":[{"self":"https://eucalyptus.atlassian.net/rest/api/2/customFieldOption/10209","value":"CentOS 6","id":"10209"}],"customfield_11401":{"self":"https://eucalyptus.atlassian.net/rest/api/2/user?username=tony","name":"tony","key":"tony","accountId":"557058:353956db-b78c-4f3b-9096-f8f58e6709c8","avatarUrls":{"48x48":"https://avatar-cdn.atlassian.com/14ec1b18e630cc0743492fc327a12df7?s=48&d=https%3A%2F%2Feucalyptus.atlassian.net%2Fsecure%2Fuseravatar%3FownerId%3Dtony%26avatarId%3D16600%26noRedirect%3Dtrue","24x24":"https://avatar-cdn.atlassian.com/14ec1b18e630cc0743492fc327a12df7?s=24&d=https%3A%2F%2Feucalyptus.atlassian.net%2Fsecure%2Fuseravatar%3Fsize%3Dsmall%26ownerId%3Dtony%26avatarId%3D16600%26noRedirect%3Dtrue","16x16":"https://avatar-cdn.atlassian.com/14ec1b18e630cc0743492fc327a12df7?s=16&d=https%3A%2F%2Feucalyptus.atlassian.net%2Fsecure%2Fuseravatar%3Fsize%3Dxsmall%26ownerId%3Dtony%26avatarId%3D16600%26noRedirect%3Dtrue","32x32":"https://avatar-cdn.atlassian.com/14ec1b18e630cc0743492fc327a12df7?s=32&d=https%3A%2F%2Feucalyptus.atlassian.net%2Fsecure%2Fuseravatar%3Fsize%3Dmedium%26ownerId%3Dtony%26avatarId%3D16600%26noRedirect%3Dtrue"},"displayName":"Tony Beckham","active":true,"timeZone":"America/Tijuana"},"customfield_10311":[{"self":"https://eucalyptus.atlassian.net/rest/api/2/customFieldOption/10307","value":"Managed","id":"10307"}],"customfield_11400":null,"customfield_10500":{"self":"https://eucalyptus.atlassian.net/rest/api/2/customFieldOption/10403","value":"Not Applicable","id":"10403"},"customfield_10104":["com.atlassian.greenhopper.service.sprint.Sprint@1c03f2a[id=23,rapidViewId=<null>,state=CLOSED,name=3.4 Sprint 1,goal=<null>,startDate=2013-06-24T23:45:13.539Z,endDate=2013-07-12T22:02:13.539Z,completeDate=2013-07-13T03:01:54.678Z,sequence=23]","com.atlassian.greenhopper.service.sprint.Sprint@24b04fca[id=24,rapidViewId=<null>,state=CLOSED,name=3.4 Sprint 2,goal=<null>,startDate=2013-07-16T04:46:03.920Z,endDate=2013-08-02T22:46:03.920Z,completeDate=2013-08-05T18:42:00.787Z,sequence=24]"],"customfield_10302":null,"customfield_10303":null,"customfield_10105":null,"customfield_10700":null,"customfield_10304":null,"customfield_10701":null,"customfield_10702":null,"customfield_10306":null,"customfield_10703":null,"customfield_10308":null,"customfield_10704":null,"resolutiondate":"2013-07-26T17:03:40.316-0500","customfield_10309":[{"self":"https://eucalyptus.atlassian.net/rest/api/2/customFieldOption/10203","value":"Xen","id":"10203"}],"customfield_10705":null,"workratio":-1,"watches":{"self":"https://eucalyptus.atlassian.net/rest/api/2/issue/EUCA-6817/watchers","watchCount":5,"isWatching":false},"lastViewed":null,"created":"2013-06-27T23:59:40.388-0500","customfield_12000":null,"customfield_12400":null,"priority":{"self":"https://eucalyptus.atlassian.net/rest/api/2/priority/1","iconUrl":"https://eucalyptus.atlassian.net/images/icons/priorities/blocker.svg","name":"Blocker","id":"1"},"customfield_12201":null,"customfield_12600":"{repository={count=3, dataType=repository}, json={\"cachedValue\":{\"errors\":[],\"summary\":{\"repository\":{\"overall\":{\"count\":3,\"lastUpdated\":\"2013-07-17T15:59:28.000-0500\",\"dataType\":\"repository\"},\"byInstanceType\":{\"github\":{\"count\":3,\"name\":\"GitHub\"}}}}},\"isStale\":true}}","customfield_10300":null,"customfield_10102":null,"labels":[],"customfield_10301":null,"customfield_11700":null,"aggregatetimeoriginalestimate":null,"timeestimate":null,"customfield_11901":null,"versions":[{"self":"https://eucalyptus.atlassian.net/rest/api/2/version/12105","id":"12105","description":"Eucalyptus 3.4.0","name":"3.4.0","archived":false,"released":true,"releaseDate":"2013-10-24"}],"issuelinks":[{"id":"19042","self":"https://eucalyptus.atlassian.net/rest/api/2/issueLink/19042","type":{"id":"10103","name":"Relates","inward":"relates to","outward":"relates to","self":"https://eucalyptus.atlassian.net/rest/api/2/issueLinkType/10103"},"inwardIssue":{"id":"22465","key":"EUCA-6941","self":"https://eucalyptus.atlassian.net/rest/api/2/issue/22465","fields":{"summary":"Backport: EUCA-6817 Meta Data failing during BFEBS tests","status":{"self":"https://eucalyptus.atlassian.net/rest/api/2/status/6","description":"The issue is considered finished, the resolution is correct. Issues which are closed can be reopened.","iconUrl":"https://eucalyptus.atlassian.net/images/icons/statuses/generic.png","name":"Closed","id":"6","statusCategory":{"self":"https://eucalyptus.atlassian.net/rest/api/2/statuscategory/3","id":3,"key":"done","colorName":"green","name":"Done"}},"priority":{"self":"https://eucalyptus.atlassian.net/rest/api/2/priority/3","iconUrl":"https://eucalyptus.atlassian.net/images/icons/priorities/major.svg","name":"Major","id":"3"},"issuetype":{"self":"https://eucalyptus.atlassian.net/rest/api/2/issuetype/1","id":"1","description":"A problem which impairs or prevents the functions of the product.","iconUrl":"https://eucalyptus.atlassian.net/secure/viewavatar?size=xsmall&avatarId=14803&avatarType=issuetype","name":"Bug","subtask":false,"avatarId":14803}}}}],"assignee":{"self":"https://eucalyptus.atlassian.net/rest/api/2/user?username=tony","name":"tony","key":"tony","accountId":"557058:353956db-b78c-4f3b-9096-f8f58e6709c8","avatarUrls":{"48x48":"https://avatar-cdn.atlassian.com/14ec1b18e630cc0743492fc327a12df7?s=48&d=https%3A%2F%2Feucalyptus.atlassian.net%2Fsecure%2Fuseravatar%3FownerId%3Dtony%26avatarId%3D16600%26noRedirect%3Dtrue","24x24":"https://avatar-cdn.atlassian.com/14ec1b18e630cc0743492fc327a12df7?s=24&d=https%3A%2F%2Feucalyptus.atlassian.net%2Fsecure%2Fuseravatar%3Fsize%3Dsmall%26ownerId%3Dtony%26avatarId%3D16600%26noRedirect%3Dtrue","16x16":"https://avatar-cdn.atlassian.com/14ec1b18e630cc0743492fc327a12df7?s=16&d=https%3A%2F%2Feucalyptus.atlassian.net%2Fsecure%2Fuseravatar%3Fsize%3Dxsmall%26ownerId%3Dtony%26avatarId%3D16600%26noRedirect%3Dtrue","32x32":"https://avatar-cdn.atlassian.com/14ec1b18e630cc0743492fc327a12df7?s=32&d=https%3A%2F%2Feucalyptus.atlassian.net%2Fsecure%2Fuseravatar%3Fsize%3Dmedium%26ownerId%3Dtony%26avatarId%3D16600%26noRedirect%3Dtrue"},"displayName":"Tony Beckham","active":true,"timeZone":"America/Tijuana"},"updated":"2014-06-16T16:16:34.158-0500","status":{"self":"https://eucalyptus.atlassian.net/rest/api/2/status/6","description":"The issue is considered finished, the resolution is correct. Issues which are closed can be reopened.","iconUrl":"https://eucalyptus.atlassian.net/images/icons/statuses/generic.png","name":"Closed","id":"6","statusCategory":{"self":"https://eucalyptus.atlassian.net/rest/api/2/statuscategory/3","id":3,"key":"done","colorName":"green","name":"Done"}},"components":[{"self":"https://eucalyptus.atlassian.net/rest/api/2/component/10002","id":"10002","name":"Cloud Controller"},{"self":"https://eucalyptus.atlassian.net/rest/api/2/component/11504","id":"11504","name":"EC2"}],"timeoriginalestimate":null,"customfield_13000":null,"description":"Metadata service is  failing during BFEBS tests. \r\nNot much info yet other than these tests were passing during our 3.3.0 final runs but is failing today (across the board AFAIK)  with systems built from main testing. I have not tried maint/testing(3.3.1) yet.  Guest(s) are showing that cloud-init is timing out waiting for Metadata after about ~15 minutes. \r\n\r\n(Guessing we can ignore the first time stamp here resulting in the 26260 seconds reported by cloud-init, in this case I stop/started the instance to enable vnc on the NC). \r\nI will also test with instance_store instances on these systems and add that info to this ticket. \r\nThanks,\r\n-M\r\n\r\nFrom boot.log on guest:\r\n...\r\n...\r\ncloud-init running: Thu, 27 Jun 2013 14:19:04 -0700. up 22.53 seconds\r\nwaiting for metadata service at http://169.254.169.254/2009-04-04/meta-data/instt\r\nance-id\r\n  14:19:04 [ 1/100]: empty data [200]\r\n  21:19:06 [ 2/100]: empty data [200]\r\n  21:19:07 [ 3/100]: empty data [200]\r\n...\r\n... \r\n 21:35:44 [98/100]: empty data [200]\r\n  21:36:04 [99/100]: empty data [200]\r\n  21:36:24 [100/100]: empty data [200]\r\ngiving up on md after 26260 seconds\r\nCould not find data source\r\nFailed to get instance data\r\ninit: cloud-init main process (666) terminated with status 1","customfield_13200":null,"customfield_11300":null,"customfield_11500":{"self":"https://eucalyptus.atlassian.net/rest/api/2/user?username=sjones","name":"sjones","key":"sjones","accountId":"557058:f5dce1b0-db45-4dd6-a0e8-3cea5effb5ce","avatarUrls":{"48x48":"https://avatar-cdn.atlassian.com/037fddf6d3bf6d691a448e01136f233a?s=48&d=https%3A%2F%2Feucalyptus.atlassian.net%2Fsecure%2Fuseravatar%3FownerId%3Dsjones%26avatarId%3D18300%26noRedirect%3Dtrue","24x24":"https://avatar-cdn.atlassian.com/037fddf6d3bf6d691a448e01136f233a?s=24&d=https%3A%2F%2Feucalyptus.atlassian.net%2Fsecure%2Fuseravatar%3Fsize%3Dsmall%26ownerId%3Dsjones%26avatarId%3D18300%26noRedirect%3Dtrue","16x16":"https://avatar-cdn.atlassian.com/037fddf6d3bf6d691a448e01136f233a?s=16&d=https%3A%2F%2Feucalyptus.atlassian.net%2Fsecure%2Fuseravatar%3Fsize%3Dxsmall%26ownerId%3Dsjones%26avatarId%3D18300%26noRedirect%3Dtrue","32x32":"https://avatar-cdn.atlassian.com/037fddf6d3bf6d691a448e01136f233a?s=32&d=https%3A%2F%2Feucalyptus.atlassian.net%2Fsecure%2Fuseravatar%3Fsize%3Dmedium%26ownerId%3Dsjones%26avatarId%3D18300%26noRedirect%3Dtrue"},"displayName":"Steve Jones","active":true,"timeZone":"America/Los_Angeles"},"timetracking":{},"customfield_10401":null,"customfield_10005":null,"customfield_10600":null,"customfield_12900":null,"aggregatetimeestimate":null,"attachment":[],"summary":"Meta Data failing during BFEBS tests","creator":{"self":"https://eucalyptus.atlassian.net/rest/api/2/user?username=mclark","name":"mclark","key":"mclark","accountId":"557058:9b68e4d6-90d8-47d3-9c86-519770009164","avatarUrls":{"48x48":"https://avatar-cdn.atlassian.com/4227b07e7ea0ea725670fc4e987ed04d?s=48&d=https%3A%2F%2Feucalyptus.atlassian.net%2Fsecure%2Fuseravatar%3FavatarId%3D10122%26noRedirect%3Dtrue","24x24":"https://avatar-cdn.atlassian.com/4227b07e7ea0ea725670fc4e987ed04d?s=24&d=https%3A%2F%2Feucalyptus.atlassian.net%2Fsecure%2Fuseravatar%3Fsize%3Dsmall%26avatarId%3D10122%26noRedirect%3Dtrue","16x16":"https://avatar-cdn.atlassian.com/4227b07e7ea0ea725670fc4e987ed04d?s=16&d=https%3A%2F%2Feucalyptus.atlassian.net%2Fsecure%2Fuseravatar%3Fsize%3Dxsmall%26avatarId%3D10122%26noRedirect%3Dtrue","32x32":"https://avatar-cdn.atlassian.com/4227b07e7ea0ea725670fc4e987ed04d?s=32&d=https%3A%2F%2Feucalyptus.atlassian.net%2Fsecure%2Fuseravatar%3Fsize%3Dmedium%26avatarId%3D10122%26noRedirect%3Dtrue"},"displayName":"Matt Clark","active":true,"timeZone":"America/Los_Angeles"},"subtasks":[],"reporter":{"self":"https://eucalyptus.atlassian.net/rest/api/2/user?username=mclark","name":"mclark","key":"mclark","accountId":"557058:9b68e4d6-90d8-47d3-9c86-519770009164","avatarUrls":{"48x48":"https://avatar-cdn.atlassian.com/4227b07e7ea0ea725670fc4e987ed04d?s=48&d=https%3A%2F%2Feucalyptus.atlassian.net%2Fsecure%2Fuseravatar%3FavatarId%3D10122%26noRedirect%3Dtrue","24x24":"https://avatar-cdn.atlassian.com/4227b07e7ea0ea725670fc4e987ed04d?s=24&d=https%3A%2F%2Feucalyptus.atlassian.net%2Fsecure%2Fuseravatar%3Fsize%3Dsmall%26avatarId%3D10122%26noRedirect%3Dtrue","16x16":"https://avatar-cdn.atlassian.com/4227b07e7ea0ea725670fc4e987ed04d?s=16&d=https%3A%2F%2Feucalyptus.atlassian.net%2Fsecure%2Fuseravatar%3Fsize%3Dxsmall%26avatarId%3D10122%26noRedirect%3Dtrue","32x32":"https://avatar-cdn.atlassian.com/4227b07e7ea0ea725670fc4e987ed04d?s=32&d=https%3A%2F%2Feucalyptus.atlassian.net%2Fsecure%2Fuseravatar%3Fsize%3Dmedium%26avatarId%3D10122%26noRedirect%3Dtrue"},"displayName":"Matt Clark","active":true,"timeZone":"America/Los_Angeles"},"aggregateprogress":{"progress":0,"total":0},"customfield_10000":"3_*:*_1_*:*_26660781_*|*_10000_*:*_1_*:*_315983164_*|*_10006_*:*_1_*:*_0_*|*_10003_*:*_1_*:*_2137996029","customfield_12100":"0|i00mbb:","customfield_10001":"2013-07-01T23:10:24.326-0500","customfield_10200":null,"customfield_10002":null,"customfield_10003":null,"customfield_12500":null,"customfield_10400":null,"customfield_11600":["shaon(shaon)","mclark(mclark)","sjones(sjones)","tony(tony)"],"customfield_10116":null,"environment":"GIT_HASH\t119d5d161405f197d4271b8fe6a46a3f2f14012b\r\n\r\n10.111.5.60\tCENTOS\t6.3\t64\tBZR\t[CLC CC00 SC00 WS UI]\r\n10.111.5.61\tCENTOS\t6.3\t64\tBZR\t[NC00]\r\n","customfield_10117":null,"customfield_11800":null,"customfield_11802":null,"customfield_11805":null,"duedate":null,"progress":{"progress":0,"total":0},"customfield_11806":null,"comment":{"comments":[{"self":"https://eucalyptus.atlassian.net/rest/api/2/issue/22247/comment/49234","id":"49234","author":{"self":"https://eucalyptus.atlassian.net/rest/api/2/user?username=sjones","name":"sjones","key":"sjones","accountId":"557058:f5dce1b0-db45-4dd6-a0e8-3cea5effb5ce","avatarUrls":{"48x48":"https://avatar-cdn.atlassian.com/037fddf6d3bf6d691a448e01136f233a?s=48&d=https%3A%2F%2Feucalyptus.atlassian.net%2Fsecure%2Fuseravatar%3FownerId%3Dsjones%26avatarId%3D18300%26noRedirect%3Dtrue","24x24":"https://avatar-cdn.atlassian.com/037fddf6d3bf6d691a448e01136f233a?s=24&d=https%3A%2F%2Feucalyptus.atlassian.net%2Fsecure%2Fuseravatar%3Fsize%3Dsmall%26ownerId%3Dsjones%26avatarId%3D18300%26noRedirect%3Dtrue","16x16":"https://avatar-cdn.atlassian.com/037fddf6d3bf6d691a448e01136f233a?s=16&d=https%3A%2F%2Feucalyptus.atlassian.net%2Fsecure%2Fuseravatar%3Fsize%3Dxsmall%26ownerId%3Dsjones%26avatarId%3D18300%26noRedirect%3Dtrue","32x32":"https://avatar-cdn.atlassian.com/037fddf6d3bf6d691a448e01136f233a?s=32&d=https%3A%2F%2Feucalyptus.atlassian.net%2Fsecure%2Fuseravatar%3Fsize%3Dmedium%26ownerId%3Dsjones%26avatarId%3D18300%26noRedirect%3Dtrue"},"displayName":"Steve Jones","active":true,"timeZone":"America/Los_Angeles"},"body":"To verify the fix access meta-data from an instance using a version with a date, e.g.:\r\n\r\n{code}\r\n# curl http://169.254.169.254/2009-04-04/meta-data\r\nami-id\r\nami-launch-index\r\nami-manifest-path\r\nblock-device-mapping/\r\nhostname\r\ninstance-id\r\ninstance-type\r\nkernel-id\r\nlocal-hostname\r\nlocal-ipv4\r\nmac\r\nplacement/\r\npublic-hostname\r\npublic-ipv4\r\npublic-keys/\r\nramdisk-id\r\nreservation-id\r\nsecurity-groups\r\n{code}\r\n\r\nthe versions \"latest\" and \"1.0\" should also be tested.","updateAuthor":{"self":"https://eucalyptus.atlassian.net/rest/api/2/user?username=sjones","name":"sjones","key":"sjones","accountId":"557058:f5dce1b0-db45-4dd6-a0e8-3cea5effb5ce","avatarUrls":{"48x48":"https://avatar-cdn.atlassian.com/037fddf6d3bf6d691a448e01136f233a?s=48&d=https%3A%2F%2Feucalyptus.atlassian.net%2Fsecure%2Fuseravatar%3FownerId%3Dsjones%26avatarId%3D18300%26noRedirect%3Dtrue","24x24":"https://avatar-cdn.atlassian.com/037fddf6d3bf6d691a448e01136f233a?s=24&d=https%3A%2F%2Feucalyptus.atlassian.net%2Fsecure%2Fuseravatar%3Fsize%3Dsmall%26ownerId%3Dsjones%26avatarId%3D18300%26noRedirect%3Dtrue","16x16":"https://avatar-cdn.atlassian.com/037fddf6d3bf6d691a448e01136f233a?s=16&d=https%3A%2F%2Feucalyptus.atlassian.net%2Fsecure%2Fuseravatar%3Fsize%3Dxsmall%26ownerId%3Dsjones%26avatarId%3D18300%26noRedirect%3Dtrue","32x32":"https://avatar-cdn.atlassian.com/037fddf6d3bf6d691a448e01136f233a?s=32&d=https%3A%2F%2Feucalyptus.atlassian.net%2Fsecure%2Fuseravatar%3Fsize%3Dmedium%26ownerId%3Dsjones%26avatarId%3D18300%26noRedirect%3Dtrue"},"displayName":"Steve Jones","active":true,"timeZone":"America/Los_Angeles"},"created":"2013-07-01T23:10:24.326-0500","updated":"2013-07-01T23:10:24.326-0500"},{"self":"https://eucalyptus.atlassian.net/rest/api/2/issue/22247/comment/49339","id":"49339","author":{"self":"https://eucalyptus.atlassian.net/rest/api/2/user?username=shaon","name":"shaon","key":"shaon","accountId":"557058:1e5e1aa5-5986-4a9e-b9ed-814f7000cd4f","avatarUrls":{"48x48":"https://avatar-cdn.atlassian.com/70d1c1681d03ea38518d3b4f59db4385?s=48&d=https%3A%2F%2Feucalyptus.atlassian.net%2Fsecure%2Fuseravatar%3FownerId%3Dshaon%26avatarId%3D11900%26noRedirect%3Dtrue","24x24":"https://avatar-cdn.atlassian.com/70d1c1681d03ea38518d3b4f59db4385?s=24&d=https%3A%2F%2Feucalyptus.atlassian.net%2Fsecure%2Fuseravatar%3Fsize%3Dsmall%26ownerId%3Dshaon%26avatarId%3D11900%26noRedirect%3Dtrue","16x16":"https://avatar-cdn.atlassian.com/70d1c1681d03ea38518d3b4f59db4385?s=16&d=https%3A%2F%2Feucalyptus.atlassian.net%2Fsecure%2Fuseravatar%3Fsize%3Dxsmall%26ownerId%3Dshaon%26avatarId%3D11900%26noRedirect%3Dtrue","32x32":"https://avatar-cdn.atlassian.com/70d1c1681d03ea38518d3b4f59db4385?s=32&d=https%3A%2F%2Feucalyptus.atlassian.net%2Fsecure%2Fuseravatar%3Fsize%3Dmedium%26ownerId%3Dshaon%26avatarId%3D11900%26noRedirect%3Dtrue"},"displayName":"Imran Hossain Shaon","active":true,"timeZone":"America/Los_Angeles"},"body":"I am seeing this with instance-store backed instances too. I am using ubuntu precise image,\nhttp://cloud-images.ubuntu.com/precise/current/ (built on: 02-Jul-2013)\n\n{noformat}\n2013-07-03 20:51:22,144 - util.py[WARNING]: 'http://169.254.169.254/2009-04-04/meta-data/instance-id' failed [0/120s]: empty data [200]\n{noformat}\n\ncomplete console log,\n{noformat}\n[root@h-31 ~]# euca-get-console-output i-2C20442C\ni-2C20442C\n2013-07-04T03:54:31.076Z\n^[[1;256r^[[256;256H^[[6n\nGoogle, Inc.\nSerial Graphics Adapter 12/07/11\nSGABIOS $Id: sgabios.S 8 2010-04-22 00:03:40Z nlaredo $ (mockbuild@c6b18n1.dev.centos.org) Wed
Dec  7 17:04:47 UTC 2011\nTerm: 80x24\n4 0\nSeaBIOS (version seabios-0.6.1.2-26.el6)\n\n\n\ngPXE (http://etherboot.org) - 00:03.0 C100 PCI2.10 PnP BBS PMM0FE0@10 C100\n\n\n^[[2J[    0.000000] Initializing cgroup subsys cpuset\n[    0.000000] Initializing cgroup subsys cpu\n[    0.000000] Linux version 3.2.0-48-virtual (buildd@komainu) (gcc version 4.6.3 (Ubuntu/Linaro 4.6.3-1ubuntu5) ) #74-Ubuntu SMP Thu Jun 6 20:02:55 UTC 2013 (Ubuntu 3.2.0-48.74-virtual 3.2.46)\n[    0.000000] Command line: root=/dev/vda1 console=ttyS0\n[    0.000000] KERNEL supported cpus:\n[    0.000000]   Intel GenuineIntel\n[    0.000000]   AMD AuthenticAMD\n[    0.000000]   Centaur CentaurHauls\n[    0.000000] Disabled fast string operations\n[    0.000000] BIOS-provided physical RAM map:\n[    0.000000]  BIOS-e820: 0000000000000000 - 000000000009d800 (usable)\n[    0.000000]  BIOS-e820: 000000000009d800 - 00000000000a0000 (reserved)\n[    0.000000]  BIOS-e820: 00000000000f0000 - 0000000000100000 (reserved)\n[    0.000000]  BIOS-e820: 0000000000100000 - 000000000fffd000 (usable)\n[    0.000000]  BIOS-e820: 000000000fffd000 - 0000000010000000 (reserved)\n[    0.000000]  BIOS-e820: 00000000fffbc000 - 0000000100000000 (reserved)\n[    0.000000] NX (Execute Disable) protection: active\n[    0.000000] SMBIOS 2.4 present.\n[    0.000000] No AGP bridge found\n[    0.000000] last_pfn = 0xfffd max_arch_pfn = 0x400000000\n[    0.000000] PAT not supported by CPU.\n[    0.000000] found SMP MP-table at [ffff8800000fda50] fda50\n[    0.000000] init_memory_mapping: 0000000000000000-000000000fffd000\n[    0.000000] ACPI: RSDP 00000000000fda00 00014 (v00 BOCHS )\n[    0.000000] ACPI: RSDT 000000000fffd6e0 00034 (v01 BOCHS  BXPCRSDT 00000001 BXPC 00000001)\n[    0.000000] ACPI: FACP 000000000ffffe40 00074 (v01 BOCHS  BXPCFACP 00000001 BXPC 00000001)\n[    0.000000] ACPI: DSDT 000000000fffd900 024F1 (v01   BXPC   BXDSDT 00000001 INTL 20090123)\n[    0.000000] ACPI: FACS 000000000ffffe00 00040\n[    0.000000] ACPI: SSDT 000000000fffd860 0009E (v01 BOCHS  BXPCSSDT 00000001 BXPC 00000001)\n[    0.000000] ACPI: APIC 000000000fffd770 00078 (v01 BOCHS  BXPCAPIC 00000001 BXPC 00000001)\n[    0.000000] ACPI: SSDT 000000000fffd720 0004E (v01   BXPC BXSSDTPC 00000001 INTL 20090123)\n[    0.000000] No NUMA configuration found\n[    0.000000] Faking a node at 0000000000000000-000000000fffd000\n[    0.000000] Initmem setup node 0 0000000000000000-000000000fffd000\n[    0.000000]   NODE_DATA [000000000fff5000 - 000000000fff9fff]\n[    0.000000] kvm-clock: Using msrs 4b564d01 and 4b564d00\n[    0.000000] kvm-clock: cpu 0, msr 0:1cf7681, boot clock\n[    0.000000] Zone PFN ranges:\n[    0.000000]   DMA      0x00000010 -> 0x00001000\n[    0.000000]   DMA32    0x00001000 -> 0x00100000\n[    0.000000]   Normal   empty\n[    0.000000] Movable zone start PFN for each node\n[    0.000000] early_node_map[2] active PFN ranges\n[    0.000000]     0: 0x00000010 -> 0x0000009d\n[    0.000000]     0: 0x00000100 -> 0x0000fffd\n[    0.000000] ACPI: PM-Timer IO Port: 0xb008\n[    0.000000] ACPI: LAPIC (acpi_id[0x00] lapic_id[0x00] enabled)\n[    0.000000] ACPI: LAPIC_NMI (acpi_id[0xff] dfl dfl lint[0x1])\n[    0.000000] ACPI: IOAPIC (id[0x00] address[0xfec00000] gsi_base[0])\n[    0.000000] IOAPIC[0]: apic_id 0, version 17, address 0xfec00000, GSI 0-23\n[    0.000000] ACPI: INT_SRC_OVR (bus 0 bus_irq 0 global_irq 2 dfl dfl)\n[    0.000000] ACPI: INT_SRC_OVR (bus 0 bus_irq 5 global_irq 5 high level)\n[    0.000000] ACPI: INT_SRC_OVR (bus 0 bus_irq 9 global_irq 9 high level)\n[    0.000000] ACPI: INT_SRC_OVR (bus 0 bus_irq 10 global_irq 10 high level)\n[    0.000000] ACPI: INT_SRC_OVR (bus 0 bus_irq 11 global_irq 11 high level)\n[    0.000000] Using ACPI (MADT) for SMP configuration information\n[    0.000000] SMP: Allowing 1 CPUs, 0 hotplug CPUs\n[    0.000000] PM: Registered nosave memory: 000000000009d000 - 000000000009e000\n[    0.000000] PM: Registered nosave memory: 000000000009e000 - 00000000000a0000\n[    0.000000] PM: Registered nosave memory: 00000000000a0000 - 00000000000f0000\n[    0.000000] PM: Registered nosave memory: 00000000000f0000 - 0000000000100000\n[    0.000000] Allocating PCI resources starting at 10000000 (gap: 10000000:effbc000)\n[    0.000000] Booting paravirtualized kernel on KVM\n[    0.000000] setup_percpu: NR_CPUS:64 nr_cpumask_bits:64 nr_cpu_ids:1 nr_node_ids:1\n[    0.000000] PERCPU: Embedded 28 pages/cpu @ffff88000fc00000 s82880 r8192 d23616 u2097152\n[    0.000000] kvm-clock: cpu 0, msr 0:fc13681, primary cpu clock\n[    0.000000] kvm-stealtime: cpu 0, msr fc0dd40\n[    0.000000] Built 1 zonelists in Node order, mobility grouping on.  Total pages: 64389\n[    0.000000] Policy zone: DMA32\n[    0.000000] Kernel command line: root=/dev/vda1 console=ttyS0\n[    0.000000] PID hash table entries: 1024 (order: 1, 8192 bytes)\n[    0.000000] Checking aperture...\n[    0.000000] No AGP bridge found\n[    0.000000] Memory: 241700k/262132k available (6553k kernel code, 460k absent, 19972k reserved, 6642k data, 924k init)\n[    0.000000] SLUB: Genslabs=15, HWalign=64, Order=0-3, MinObjects=0, CPUs=1, Nodes=1\n[    0.000000] Hierarchical RCU implementation.\n[    0.000000] \tRCU dyntick-idle grace-period acceleration is enabled.\n[    0.000000] NR_IRQS:4352 nr_irqs:256 16\n[    0.000000] Console: colour dummy device 80x25\n[    0.000000] console [ttyS0] enabled\n[    0.000000] allocated 2097152 bytes of page_cgroup\n[    0.000000] please try 'cgroup_disable=memory' option if you don't want memory cgroups\n[    0.000000] Detected 2393.984 MHz processor.\n[    0.008000] Calibrating delay loop (skipped) preset value.. 4787.96 BogoMIPS (lpj=9575936)\n[    0.008000] pid_max: default: 32768 minimum: 301\n[    0.008000] Security Framework initialized\n[    0.008000] AppArmor: AppArmor initialized\n[    0.008000] Yama: becoming mindful.\n[    0.008000] Dentry cache hash table entries: 32768 (order: 6, 262144 bytes)\n[    0.008060] Inode-cache hash table entries: 16384 (order: 5, 131072 bytes)\n[    0.008832] Mount-cache hash table entries: 256\n[    0.009424] Initializing cgroup subsys cpuacct\n[    0.009929] Initializing cgroup subsys memory\n[    0.010406] Initializing cgroup subsys devices\n[    0.010898] Initializing cgroup subsys freezer\n[    0.011379] Initializing cgroup subsys blkio\n[    0.011845] Initializing cgroup subsys perf_event\n[    0.012080] Disabled fast string operations\n[    0.012565] mce: CPU supports 10 MCE banks\n[    0.013088] SMP alternatives: switching to UP code\n[    0.033411] Freeing SMP alternatives: 24k freed\n[    0.033937] ACPI: Core revision 20110623\n[    0.035651] ftrace: allocating 26564 entries in 105 pages\n[    0.045468] ..TIMER: vector=0x30 apic1=0 pin1=2 apic2=-1 pin2=-1\n[    0.048005] CPU0: Intel QEMU Virtual CPU version (cpu64-rhel6) stepping 03\n[    0.052002] Performance Events: Broken PMU hardware detected, using software events only.\n[    0.052002] NMI watchdog disabled (cpu0): hardware events not enabled\n[    0.052002] Brought up 1 CPUs\n[    0.052002] Total of 1 processors activated (4787.96 BogoMIPS).\n[    0.052002] devtmpfs: initialized\n[    0.052289] EVM: security.selinux\n[    0.052658] EVM: security.SMACK64\n[    0.053025] EVM: security.capability\n[    0.054135] print_constraints: dummy:\n[    0.054605] RTC time: 20:51:19, date: 07/03/13\n[    0.055125] NET: Registered protocol family 16\n[    0.055714] ACPI: bus type pci registered\n[    0.056091] PCI: Using configuration type 1 for base access\n[    0.057412] bio: create slab <bio-0> at 0\n[    0.057933] ACPI: Added _OSI(Module Device)\n[    0.058393] ACPI: Added _OSI(Processor Device)\n[    0.058880] ACPI: Added _OSI(3.0 _SCP Extensions)\n[    0.059384] ACPI: Added _OSI(Processor Aggregator Device)\n[    0.062015] ACPI: Interpreter enabled\n[    0.062424] ACPI: (supports S0 S5)\n[    0.062838] ACPI: Using IOAPIC for interrupt routing\n[    0.066570] ACPI: No dock devices found.\n[    0.067016] HEST: Table not found.\n[    0.067388] PCI: Ignoring host bridge windows from ACPI; if necessary, use \"pci=use_crs\" and report a bug\n[    0.068021] ACPI: PCI Root Bridge [PCI0] (domain 0000 [bus 00-ff])\n[    0.070634] pci 0000:00:01.3: quirk: [io  0xb000-0xb03f] claimed by PIIX4 ACPI\n[    0.071429] pci 0000:00:01.3: quirk: [io  0xb100-0xb10f] claimed by PIIX4 SMB\n[    0.074075]  pci0000:00: Unable to request _OSC control (_OSC support mask: 0x1e)\n[    0.078424] ACPI: PCI Interrupt Link [LNKA] (IRQs 5 *10 11)\n[    0.079161] ACPI: PCI Interrupt Link [LNKB] (IRQs 5 *10 11)\n[    0.079890] ACPI: PCI Interrupt Link [LNKC] (IRQs 5 10 *11)\n[    0.080241] ACPI: PCI Interrupt Link [LNKD] (IRQs 5 10 *11)\n[    0.080977] ACPI: PCI Interrupt Link [LNKS] (IRQs 9) *0\n[    0.081698] vgaarb: loaded\n[    0.082075] i2c-core: driver [aat2870] using legacy suspend method\n[    0.082744] i2c-core: driver [aat2870] using legacy resume method\n[    0.083453] SCSI subsystem initialized\n[    0.084069] usbcore: registered new interface driver usbfs\n[    0.084690] usbcore: registered new interface driver hub\n[    0.085286] usbcore: registered new device driver usb\n[    0.085917] PCI: Using ACPI for IRQ routing\n[    0.086551] NetLabel: Initializing\n[    0.086941] NetLabel:  domain hash size = 128\n[    0.087413] NetLabel:  protocols = UNLABELED CIPSOv4\n[    0.088015] NetLabel:  unlabeled traffic allowed by default\n[    0.088664] Switching to clocksource kvm-clock\n[    0.093022] AppArmor: AppArmor Filesystem Enabled\n[    0.093567] pnp: PnP ACPI init\n[    0.093915] ACPI: bus type pnp registered\n[    0.094978] pnp: PnP ACPI: found 6 devices\n[    0.095434] ACPI: ACPI bus type pnp unregistered\n[    0.101892] NET: Registered protocol family 2\n[    0.102417] IP route cache hash table entries: 2048 (order: 2, 16384 bytes)\n[    0.103315] TCP established hash table entries: 8192 (order: 5, 131072 bytes)\n[    0.104155] TCP bind hash table entries: 8192 (order: 5, 131072 bytes)\n[    0.104906] TCP: Hash tables configured (established 8192 bind 8192)\n[    0.105591] TCP reno registered\n[    0.105936] UDP hash table entries: 128 (order: 0, 4096 bytes)\n[    0.106569] UDP-Lite hash table entries: 128 (order: 0, 4096 bytes)\n[    0.107279] NET: Registered protocol family 1\n[    0.107769] pci 0000:00:00.0: Limiting direct PCI/PCI transfers\n[    0.108430] pci 0000:00:01.0: PIIX3: Enabling Passive Release\n[    0.109070] pci 0000:00:01.0: Activating ISA DMA hang workarounds\n[    0.109830] ACPI: PCI Interrupt Link [LNKD] enabled at IRQ 11\n[    0.110477] pci 0000:00:01.2: PCI INT D -> Link[LNKD] -> GSI 11 (level, high) -> IRQ 11\n[    0.111382] pci 0000:00:01.2: PCI INT D disabled\n[    0.112150] audit: initializing netlink socket (disabled)\n[    0.112756] type=2000 audit(1372909880.112:1): initialized\n[    0.134899] HugeTLB registered 2 MB page size, pre-allocated 0 pages\n[    0.137035] VFS: Disk quotas dquot_6.5.2\n[    0.137526] Dquot-cache hash table entries: 512 (order 0, 4096 bytes)\n[    0.138624] fuse init (API version 7.17)\n[    0.139134] msgmni has been set to 472\n[    0.140044] Block layer SCSI generic (bsg) driver version 0.4 loaded (major 253)\n[    0.140870] io scheduler noop registered\n[    0.141298] io scheduler deadline registered (default)\n[    0.141887] io scheduler cfq registered\n[    0.142372] pci_hotplug: PCI Hot Plug PCI Core version: 0.5\n[    0.142997] pciehp: PCI Express Hot Plug Controller Driver version: 0.4\n[    0.143806] input: Power Button as /devices/LNXSYSTM:00/LNXPWRBN:00/input/input0\n[    0.144636] ACPI: Power Button [PWRF]\n[    0.145811] ERST: Table is not found!\n[    0.146216] GHES: HEST is not enabled!\n[    0.146766] ACPI: PCI Interrupt Link [LNKC] enabled at IRQ 10\n[    0.147408] virtio-pci 0000:00:03.0: PCI INT A -> Link[LNKC] -> GSI 10 (level, high) -> IRQ 10\n[    0.148496] virtio-pci 0000:00:04.0: PCI INT A -> Link[LNKD] -> GSI 11 (level, high) -> IRQ 11\n[    0.150067] ACPI: PCI Interrupt Link [LNKA] enabled at IRQ 10\n[    0.150712] virtio-pci 0000:00:05.0: PCI INT A -> Link[LNKA] -> GSI 10 (level, high) -> IRQ 10\n[    0.151739] Serial: 8250/16550 driver, 32 ports, IRQ sharing enabled\n[    0.173776] serial8250: ttyS0 at I/O 0x3f8 (irq = 4) is a 16550A\n[    0.196543] 00:05: ttyS0 at I/O 0x3f8 (irq = 4) is a 16550A\n[    0.197266] Linux agpgart interface v0.103\n[    0.198760] brd: module loaded\n[    0.199666] loop: module loaded\n[    0.212646]  vda: vda1 vda2 vda3\n[    0.214088] scsi0 : ata_piix\n[    0.214480] scsi1 : ata_piix\n[    0.214839] ata1: PATA max MWDMA2 cmd 0x1f0 ctl 0x3f6 bmdma 0xc000 irq 14\n[    0.215582] ata2: PATA max MWDMA2 cmd 0x170 ctl 0x376 bmdma 0xc008 irq 15\n[    0.216567] Fixed MDIO Bus: probed\n[    0.216966] tun: Universal TUN/TAP device driver, 1.6\n[    0.217514] tun: (C) 1999-2004 Max Krasnyansky <maxk@qualcomm.com>\n[    0.251149] PPP generic driver version 2.4.2\n[    0.251898] ehci_hcd: USB 2.0 'Enhanced' Host Controller (EHCI) Driver\n[    0.252645] ohci_hcd: USB 1.1 'Open' Host Controller (OHCI) Driver\n[    0.253320] uhci_hcd: USB Universal Host Controller Interface driver\n[    0.254032] uhci_hcd 0000:00:01.2: PCI INT D -> Link[LNKD] -> GSI 11 (level, high) -> IRQ 11\n[    0.254970] uhci_hcd 0000:00:01.2: UHCI Host Controller\n[    0.255571] uhci_hcd 0000:00:01.2: new USB bus registered, assigned bus number 1\n[    0.256484] uhci_hcd 0000:00:01.2: irq 11, io base 0x0000c020\n[    0.257251] hub 1-0:1.0: USB hub found\n[    0.257843] hub 1-0:1.0: 2 ports detected\n[    0.258366] usbcore: registered new interface driver libusual\n[    0.259021] i8042: PNP: PS/2 Controller [PNP0303:KBD,PNP0f13:MOU] at 0x60,0x64 irq 1,12\n[    0.260808] serio: i8042 KBD port at 0x60,0x64 irq 1\n[    0.261417] serio: i8042 AUX port at 0x60,0x64 irq 12\n[    0.262121] mousedev: PS/2 mouse device common for all mice\n[    0.263165] input: AT Translated Set 2 keyboard as /devices/platform/i8042/serio0/input/input1\n[    0.264370] rtc_cmos 00:01: RTC can wake from S4\n[    0.265047] rtc_cmos 00:01: rtc core: registered rtc_cmos as rtc0\n[    0.265824] rtc0: alarms up to one day, 114 bytes nvram\n[    0.266524] device-mapper: uevent: version 1.0.3\n[    0.267092] device-mapper: ioctl: 4.22.0-ioctl (2011-10-19) initialised: dm-devel@redhat.com\n[    0.268071] cpuidle: using governor ladder\n[    0.268566] cpuidle: using governor menu\n[    0.268991] EFI Variables Facility v0.08 2004-May-17\n[    0.269763] TCP cubic registered\n[    0.270196] NET: Registered protocol family 10\n[    0.271234] NET: Registered protocol family 17\n[    0.271748] Registering the dns_resolver key type\n[    0.272384] registered taskstats version 1\n[    0.273296]   Magic number: 5:691:901\n[    0.273824] rtc_cmos 00:01: setting system clock to 2013-07-03 20:51:19 UTC (1372884679)\n[    0.274756] BIOS EDD facility v0.16 2004-Jun-25, 0 devices found\n[    0.275427] EDD information not available.\n[    0.404341] md: Waiting for all devices to be available before autodetect\n[    0.405249] md: If you don't use raid, use raid=noautodetect\n[    0.406116] md: Autodetecting RAID arrays.\n[    0.406773] md: Scanned 0 and added 0 devices.\n[    0.407270] md: autorun ...\n[    0.407607] md: ... autorun DONE.\n[    0.408322] EXT3-fs (vda1): error: couldn't mount because of unsupported optional features (240)\n[    0.414602] EXT4-fs (vda1): mounted filesystem with ordered data mode. Opts: (null)\n[    0.415488] VFS: Mounted root (ext4 filesystem) readonly on device 253:1.\n[    0.416788] devtmpfs: mounted\n[    0.418744] Freeing unused kernel memory: 924k freed\n[    0.419444] Write protecting the kernel read-only data: 12288k\n[    0.425145] Freeing unused kernel memory: 1620k freed\n[    0.429615] Freeing unused kernel memory: 1192k freed\ncloud-init start-local running: Wed, 03 Jul 2013 20:51:20 +0000. up 1.56 seconds\nno instance data found in start-local\nci-info: lo    : 1 127.0.0.1       255.0.0.0       .\nci-info: eth0  : 1 1.105.38.203    255.255.255.240 d0:0d:2c:20:44:2c\nci-info: route-0: 0.0.0.0         1.105.38.193    0.0.0.0         eth0   UG\nci-info: route-1: 1.105.38.192    0.0.0.0         255.255.255.240 eth0   U\ncloud-init start running: Wed, 03 Jul 2013 20:51:21 +0000. up 2.71 seconds\n2013-07-03 20:51:22,144 - util.py[WARNING]: 'http://169.254.169.254/2009-04-04/meta-data/instance-id' failed [0/120s]: empty data [200]\n2013-07-03 20:51:23,206 - util.py[WARNING]: 'http://169.254.169.254/2009-04-04/meta-data/instance-id' failed [1/120s]: empty data [200]\n2013-07-03 20:51:24,241 - util.py[WARNING]: 'http://169.254.169.254/2009-04-04/meta-data/instance-id' failed [2/120s]: empty data [200]\n2013-07-03 20:51:25,302 - util.py[WARNING]: 'http://169.254.169.254/2009-04-04/meta-data/instance-id' failed [3/120s]: empty data [200]\n2013-07-03 20:51:26,372 - util.py[WARNING]: 'http://169.254.169.254/2009-04-04/meta-data/instance-id' failed [4/120s]: empty data [200]\n2013-07-03 20:51:27,402 - util.py[WARNING]: 'http://169.254.169.254/2009-04-04/meta-data/instance-id' failed [5/120s]: empty data [200]\n2013-07-03 20:51:29,464 - util.py[WARNING]: 'http://169.254.169.254/2009-04-04/meta-data/instance-id' failed [7/120s]: empty data [200]\n2013-07-03 20:51:31,534 - util.py[WARNING]: 'http://169.254.169.254/2009-04-04/meta-data/instance-id' failed [9/120s]: empty data [200]\n2013-07-03 20:51:33,597 - util.py[WARNING]: 'http://169.254.169.254/2009-04-04/meta-data/instance-id' failed [11/120s]: empty data [200]\n2013-07-03 20:51:35,630 - util.py[WARNING]: 'http://169.254.169.254/2009-04-04/meta-data/instance-id' failed [13/120s]: empty data [200]\n2013-07-03 20:51:37,693 - util.py[WARNING]: 'http://169.254.169.254/2009-04-04/meta-data/instance-id' failed [15/120s]: empty data [200]\n2013-07-03 20:51:40,728 - util.py[WARNING]: 'http://169.254.169.254/2009-04-04/meta-data/instance-id' failed [18/120s]: empty data [200]\n2013-07-03 20:51:43,791 - util.py[WARNING]: 'http://169.254.169.254/2009-04-04/meta-data/instance-id' failed [21/120s]: empty data [200]\n2013-07-03 20:51:46,824 - util.py[WARNING]: 'http://169.254.169.254/2009-04-04/meta-data/instance-id' failed [24/120s]: empty data [200]\n2013-07-03 20:51:49,856 - util.py[WARNING]: 'http://169.254.169.254/2009-04-04/meta-data/instance-id' failed [27/120s]: empty data [200]\n2013-07-03 20:51:52,886 - util.py[WARNING]: 'http://169.254.169.254/2009-04-04/meta-data/instance-id' failed [30/120s]: empty data [200]\n2013-07-03 20:51:56,959 - util.py[WARNING]: 'http://169.254.169.254/2009-04-04/meta-data/instance-id' failed [34/120s]: empty data [200]\n2013-07-03 20:52:01,032 - util.py[WARNING]: 'http://169.254.169.254/2009-04-04/meta-data/instance-id' failed [38/120s]: empty data [200]\n2013-07-03 20:52:05,107 - util.py[WARNING]: 'http://169.254.169.254/2009-04-04/meta-data/instance-id' failed [43/120s]: empty data [200]\n2013-07-03 20:52:09,143 - util.py[WARNING]: 'http://169.254.169.254/2009-04-04/meta-data/instance-id' failed [47/120s]: empty data [200]\n2013-07-03 20:52:13,177 - util.py[WARNING]: 'http://169.254.169.254/2009-04-04/meta-data/instance-id' failed [51/120s]: empty data [200]\n2013-07-03 20:52:18,212 - util.py[WARNING]: 'http://169.254.169.254/2009-04-04/meta-data/instance-id' failed [56/120s]: empty data [200]\n2013-07-03 20:52:23,286 - util.py[WARNING]: 'http://169.254.169.254/2009-04-04/meta-data/instance-id' failed [61/120s]: empty data [200]\n2013-07-03 20:52:28,351 - util.py[WARNING]: 'http://169.254.169.254/2009-04-04/meta-data/instance-id' failed [66/120s]: empty data [200]\n2013-07-03 20:52:33,425 - util.py[WARNING]: 'http://169.254.169.254/2009-04-04/meta-data/instance-id' failed [71/120s]: empty data [200]\n2013-07-03 20:52:38,459 - util.py[WARNING]: 'http://169.254.169.254/2009-04-04/meta-data/instance-id' failed [76/120s]: empty data [200]\n2013-07-03 20:52:44,496 - util.py[WARNING]: 'http://169.254.169.254/2009-04-04/meta-data/instance-id' failed [82/120s]: empty data [200]\n2013-07-03 20:52:50,563 - util.py[WARNING]: 'http://169.254.169.254/2009-04-04/meta-data/instance-id' failed [88/120s]: empty data [200]\n2013-07-03 20:52:56,629 - util.py[WARNING]: 'http://169.254.169.254/2009-04-04/meta-data/instance-id' failed [94/120s]: empty data [200]\n2013-07-03 20:53:02,694 - util.py[WARNING]: 'http://169.254.169.254/2009-04-04/meta-data/instance-id' failed [100/120s]: empty data [200]\n2013-07-03 20:53:08,761 - util.py[WARNING]: 'http://169.254.169.254/2009-04-04/meta-data/instance-id' failed [106/120s]: empty data [200]\n2013-07-03 20:53:15,799 - util.py[WARNING]: 'http://169.254.169.254/2009-04-04/meta-data/instance-id' failed [113/120s]: empty data [200]\n2013-07-03 20:53:22,806 - DataSourceEc2.py[CRITICAL]: giving up on md after 120 seconds\n\nno instance data found in start\n * Stopping Handle applying cloud-config^[[74G[ OK ]\nSkipping profile in /etc/apparmor.d/disable: usr.sbin.rsyslogd\n^[[74G[ OK ]AppArmor profiles       ^[[80G\nlandscape-client is not configured, please run landscape-config.\n * Stopping System V initialisation compatibility^[[74G[ OK ]\n * Starting System V runlevel compatibility^[[74G[ OK ]\n * Starting automatic crash report generation^[[74G[ OK ]\n * Starting save kernel messages^[[74G[ OK ]\n * Starting ACPI daemon^[[74G[ OK ]\n * Starting regular background program processing daemon^[[74G[ OK ]\n * Starting deferred execution scheduler^[[74G[ OK ]\n * Starting CPU interrupts balancing daemon^[[74G[ OK ]\n * Stopping save kernel messages^[[74G[ OK ]\n * Starting crash report submission daemon^[[74G[ OK ]\n * Stopping System V runlevel compatibility^[[74G[ OK ]\n * Starting execute cloud user/final scripts^[[74G[ OK ]\n{noformat}","updateAuthor":{"self":"https://eucalyptus.atlassian.net/rest/api/2/user?username=shaon","name":"shaon","key":"shaon","accountId":"557058:1e5e1aa5-5986-4a9e-b9ed-814f7000cd4f","avatarUrls":{"48x48":"https://avatar-cdn.atlassian.com/70d1c1681d03ea38518d3b4f59db4385?s=48&d=https%3A%2F%2Feucalyptus.atlassian.net%2Fsecure%2Fuseravatar%3FownerId%3Dshaon%26avatarId%3D11900%26noRedirect%3Dtrue","24x24":"https://avatar-cdn.atlassian.com/70d1c1681d03ea38518d3b4f59db4385?s=24&d=https%3A%2F%2Feucalyptus.atlassian.net%2Fsecure%2Fuseravatar%3Fsize%3Dsmall%26ownerId%3Dshaon%26avatarId%3D11900%26noRedirect%3Dtrue","16x16":"https://avatar-cdn.atlassian.com/70d1c1681d03ea38518d3b4f59db4385?s=16&d=https%3A%2F%2Feucalyptus.atlassian.net%2Fsecure%2Fuseravatar%3Fsize%3Dxsmall%26ownerId%3Dshaon%26avatarId%3D11900%26noRedirect%3Dtrue","32x32":"https://avatar-cdn.atlassian.com/70d1c1681d03ea38518d3b4f59db4385?s=32&d=https%3A%2F%2Feucalyptus.atlassian.net%2Fsecure%2Fuseravatar%3Fsize%3Dmedium%26ownerId%3Dshaon%26avatarId%3D11900%26noRedirect%3Dtrue"},"displayName":"Imran Hossain Shaon","active":true,"timeZone":"America/Los_Angeles"},"created":"2013-07-03T23:39:32.952-0500","updated":"2013-07-03T23:39:32.952-0500"},{"self":"https://eucalyptus.atlassian.net/rest/api/2/issue/22247/comment/50463","id":"50463","author":{"self":"https://eucalyptus.atlassian.net/rest/api/2/user?username=tony","name":"tony","key":"tony","accountId":"557058:353956db-b78c-4f3b-9096-f8f58e6709c8","avatarUrls":{"48x48":"https://avatar-cdn.atlassian.com/14ec1b18e630cc0743492fc327a12df7?s=48&d=https%3A%2F%2Feucalyptus.atlassian.net%2Fsecure%2Fuseravatar%3FownerId%3Dtony%26avatarId%3D16600%26noRedirect%3Dtrue","24x24":"https://avatar-cdn.atlassian.com/14ec1b18e630cc0743492fc327a12df7?s=24&d=https%3A%2F%2Feucalyptus.atlassian.net%2Fsecure%2Fuseravatar%3Fsize%3Dsmall%26ownerId%3Dtony%26avatarId%3D16600%26noRedirect%3Dtrue","16x16":"https://avatar-cdn.atlassian.com/14ec1b18e630cc0743492fc327a12df7?s=16&d=https%3A%2F%2Feucalyptus.atlassian.net%2Fsecure%2Fuseravatar%3Fsize%3Dxsmall%26ownerId%3Dtony%26avatarId%3D16600%26noRedirect%3Dtrue","32x32":"https://avatar-cdn.atlassian.com/14ec1b18e630cc0743492fc327a12df7?s=32&d=https%3A%2F%2Feucalyptus.atlassian.net%2Fsecure%2Fuseravatar%3Fsize%3Dmedium%26ownerId%3Dtony%26avatarId%3D16600%26noRedirect%3Dtrue"},"displayName":"Tony Beckham","active":true,"timeZone":"America/Tijuana"},"body":"Fix Verified\r\n\r\nverified using method described of fetching meta data using a version date. Also, verified that 1.0 and latest work as well.\r\n\r\nInstalled Packages\r\nName        : eucalyptus\r\nArch        : x86_64\r\nVersion     : 3.4.0\r\nRelease     : 0.0.1149.20130719git87d7d4de.el6\r\n\r\n{code}\r\nlatestroot@ip-172-31-97-93:~# curl http://169.254.169.254/2009-04-04/meta-data\r\nami-id\r\nami-launch-index\r\nblock-device-mapping/\r\nhostname\r\ninstance-id\r\ninstance-type\r\nkernel-id\r\nlocal-hostname\r\nlocal-ipv4\r\nmac\r\nplacement/\r\npublic-hostname\r\npublic-ipv4\r\npublic-keys/\r\nreservation-id\r\nsecurity-groupsroot@ip-172-31-97-93:~# curl http://169.254.169.254/1.0/meta-data\r\nami-id\r\nami-launch-index\r\nblock-device-mapping/\r\nhostname\r\ninstance-id\r\ninstance-type\r\nkernel-id\r\nlocal-hostname\r\nlocal-ipv4\r\nmac\r\nplacement/\r\npublic-hostname\r\npublic-ipv4\r\npublic-keys/\r\nreservation-id\r\nsecurity-groupsroot@ip-172-31-97-93:~# curl http://169.254.169.254/latest/meta-data\r\nami-id\r\nami-launch-index\r\nblock-device-mapping/\r\nhostname\r\ninstance-id\r\ninstance-type\r\nkernel-id\r\nlocal-hostname\r\nlocal-ipv4\r\nmac\r\nplacement/\r\npublic-hostname\r\npublic-ipv4\r\npublic-keys/\r\nreservation-id\r\nsecurity-groupsroot@ip-172-31-97-93:~# curl http://169.254.169.254/\r\n1.0\r\n2007-01-19\r\n2007-03-01\r\n2007-08-29\r\n2007-10-10\r\n2007-12-15\r\n2008-02-01\r\n2008-09-01\r\n2009-04-04\r\n2011-01-01\r\n2011-05-01\r\n2012-01-12\r\n{code}","updateAuthor":{"self":"https://eucalyptus.atlassian.net/rest/api/2/user?username=tony","name":"tony","key":"tony","accountId":"557058:353956db-b78c-4f3b-9096-f8f58e6709c8","avatarUrls":{"48x48":"https://avatar-cdn.atlassian.com/14ec1b18e630cc0743492fc327a12df7?s=48&d=https%3A%2F%2Feucalyptus.atlassian.net%2Fsecure%2Fuseravatar%3FownerId%3Dtony%26avatarId%3D16600%26noRedirect%3Dtrue","24x24":"https://avatar-cdn.atlassian.com/14ec1b18e630cc0743492fc327a12df7?s=24&d=https%3A%2F%2Feucalyptus.atlassian.net%2Fsecure%2Fuseravatar%3Fsize%3Dsmall%26ownerId%3Dtony%26avatarId%3D16600%26noRedirect%3Dtrue","16x16":"https://avatar-cdn.atlassian.com/14ec1b18e630cc0743492fc327a12df7?s=16&d=https%3A%2F%2Feucalyptus.atlassian.net%2Fsecure%2Fuseravatar%3Fsize%3Dxsmall%26ownerId%3Dtony%26avatarId%3D16600%26noRedirect%3Dtrue","32x32":"https://avatar-cdn.atlassian.com/14ec1b18e630cc0743492fc327a12df7?s=32&d=https%3A%2F%2Feucalyptus.atlassian.net%2Fsecure%2Fuseravatar%3Fsize%3Dmedium%26ownerId%3Dtony%26avatarId%3D16600%26noRedirect%3Dtrue"},"displayName":"Tony Beckham","active":true,"timeZone":"America/Tijuana"},"created":"2013-07-26T17:03:40.344-0500","updated":"2013-07-26T17:03:40.344-0500"}],"maxResults":3,"total":3,"startAt":0},"votes":{"self":"https://eucalyptus.atlassian.net/rest/api/2/issue/EUCA-6817/votes","votes":1,"hasVoted":false},"worklog":{"startAt":0,"maxResults":20,"total":0,"worklogs":[]},"customfield_11808":null}}