{"expand":"renderedFields,names,schema,operations,editmeta,changelog,versionedRepresentations","id":"43162","self":"https://eucalyptus.atlassian.net/rest/api/2/issue/43162","key":"EUCA-12346","fields":{"issuetype":{"self":"https://eucalyptus.atlassian.net/rest/api/2/issuetype/5","id":"5","description":"The sub-task of the issue","iconUrl":"https://eucalyptus.atlassian.net/secure/viewavatar?size=xsmall&avatarId=14816&avatarType=issuetype","name":"Sub-task","subtask":true,"avatarId":14816},"parent":{"id":"42908","key":"EUCA-12293","self":"https://eucalyptus.atlassian.net/rest/api/2/issue/42908","fields":{"summary":"Document test matrix for upgrade to 4.3","status":{"self":"https://eucalyptus.atlassian.net/rest/api/2/status/6","description":"The issue is considered finished, the resolution is correct. Issues which are closed can be reopened.","iconUrl":"https://eucalyptus.atlassian.net/images/icons/statuses/generic.png","name":"Closed","id":"6","statusCategory":{"self":"https://eucalyptus.atlassian.net/rest/api/2/statuscategory/3","id":3,"key":"done","colorName":"green","name":"Done"}},"priority":{"self":"https://eucalyptus.atlassian.net/rest/api/2/priority/3","iconUrl":"https://eucalyptus.atlassian.net/images/icons/priorities/major.svg","name":"Major","id":"3"},"issuetype":{"self":"https://eucalyptus.atlassian.net/rest/api/2/issuetype/7","id":"7","description":"A user story. Created by JIRA Software - do not edit or delete.","iconUrl":"https://eucalyptus.atlassian.net/secure/viewavatar?size=xsmall&avatarId=14815&avatarType=issuetype","name":"Story","subtask":false,"avatarId":14815}}},"timespent":null,"customfield_13100":null,"project":{"self":"https://eucalyptus.atlassian.net/rest/api/2/project/10000","id":"10000","key":"EUCA","name":"Eucalyptus","avatarUrls":{"48x48":"https://eucalyptus.atlassian.net/secure/projectavatar?pid=10000&avatarId=10011","24x24":"https://eucalyptus.atlassian.net/secure/projectavatar?size=small&pid=10000&avatarId=10011","16x16":"https://eucalyptus.atlassian.net/secure/projectavatar?size=xsmall&pid=10000&avatarId=10011","32x32":"https://eucalyptus.atlassian.net/secure/projectavatar?size=medium&pid=10000&avatarId=10011"}},"customfield_11000":null,"customfield_11001":null,"fixVersions":[],"aggregatetimespent":null,"customfield_10310":null,"resolution":{"self":"https://eucalyptus.atlassian.net/rest/api/2/resolution/1","id":"1","description":"A fix for this issue is checked into the tree and tested.","name":"Fixed"},"customfield_11401":null,"customfield_10311":null,"customfield_11400":null,"customfield_10104":["com.atlassian.greenhopper.service.sprint.Sprint@46433248[id=137,rapidViewId=92,state=CLOSED,name=4.3.0 Sprint 8,goal=<null>,startDate=2016-05-11T15:02:31.353Z,endDate=2016-06-01T15:02:00.000Z,completeDate=2016-06-02T00:32:07.230Z,sequence=137]"],"customfield_10105":null,"customfield_10303":null,"customfield_10304":null,"customfield_10700":null,"customfield_10701":null,"customfield_10306":null,"customfield_10702":null,"customfield_10703":null,"customfield_10308":null,"resolutiondate":"2016-08-09T17:58:15.387-0500","customfield_10704":null,"customfield_10309":null,"customfield_10705":null,"workratio":-1,"watches":{"self":"https://eucalyptus.atlassian.net/rest/api/2/issue/EUCA-12346/watchers","watchCount":1,"isWatching":false},"lastViewed":null,"created":"2016-05-12T00:41:12.976-0500","customfield_12000":null,"priority":{"self":"https://eucalyptus.atlassian.net/rest/api/2/priority/3","iconUrl":"https://eucalyptus.atlassian.net/images/icons/priorities/major.svg","name":"Major","id":"3"},"customfield_12400":null,"customfield_12201":null,"customfield_12600":"{}","customfield_10102":null,"labels":[],"customfield_11700":null,"timeestimate":null,"aggregatetimeoriginalestimate":null,"customfield_11901":null,"versions":[{"self":"https://eucalyptus.atlassian.net/rest/api/2/version/16800","id":"16800","description":"Eucalyptus 4.3.0","name":"4.3.0","archived":false,"released":true,"releaseDate":"2016-08-09"}],"issuelinks":[],"assignee":{"self":"https://eucalyptus.atlassian.net/rest/api/2/user?username=ccassler","name":"ccassler","key":"ccassler","accountId":"557058:8fb32702-a3cf-42d3-9846-95c74f801354","avatarUrls":{"48x48":"https://avatar-cdn.atlassian.com/ace94e80ebc0a3b718cc5422760b57de?s=48&d=https%3A%2F%2Feucalyptus.atlassian.net%2Fsecure%2Fuseravatar%3FownerId%3Dccassler%26avatarId%3D14700%26noRedirect%3Dtrue","24x24":"https://avatar-cdn.atlassian.com/ace94e80ebc0a3b718cc5422760b57de?s=24&d=https%3A%2F%2Feucalyptus.atlassian.net%2Fsecure%2Fuseravatar%3Fsize%3Dsmall%26ownerId%3Dccassler%26avatarId%3D14700%26noRedirect%3Dtrue","16x16":"https://avatar-cdn.atlassian.com/ace94e80ebc0a3b718cc5422760b57de?s=16&d=https%3A%2F%2Feucalyptus.atlassian.net%2Fsecure%2Fuseravatar%3Fsize%3Dxsmall%26ownerId%3Dccassler%26avatarId%3D14700%26noRedirect%3Dtrue","32x32":"https://avatar-cdn.atlassian.com/ace94e80ebc0a3b718cc5422760b57de?s=32&d=https%3A%2F%2Feucalyptus.atlassian.net%2Fsecure%2Fuseravatar%3Fsize%3Dmedium%26ownerId%3Dccassler%26avatarId%3D14700%26noRedirect%3Dtrue"},"displayName":"Casey Cassler","active":true,"timeZone":"America/Los_Angeles"},"updated":"2016-08-25T19:17:08.485-0500","status":{"self":"https://eucalyptus.atlassian.net/rest/api/2/status/6","description":"The issue is considered finished, the resolution is correct. Issues which are closed can be reopened.","iconUrl":"https://eucalyptus.atlassian.net/images/icons/statuses/generic.png","name":"Closed","id":"6","statusCategory":{"self":"https://eucalyptus.atlassian.net/rest/api/2/statuscategory/3","id":3,"key":"done","colorName":"green","name":"Done"}},"components":[],"timeoriginalestimate":null,"description":"4.2.2 â†’ 4.3.0 \r\n\\[CLC CC SC WS\\] \r\n\\[UFS\\] \r\n\\[NC\\]\r\n\r\nPre-requisites:\r\nhttps://eucalyptus.atlassian.net/wiki/display/QA/Euca+4.3.0+Upgrade+Scenarios#Euca4.3.0UpgradeScenarios-Existingresourcesbeforeupgrade\r\n\r\nPost Upgrade Tests:\r\nhttps://eucalyptus.atlassian.net/wiki/display/QA/Euca+4.3.0+Upgrade+Scenarios#Euca4.3.0UpgradeScenarios-PostUpgradeTests","customfield_13000":null,"customfield_13200":null,"customfield_11300":null,"customfield_11500":null,"timetracking":{},"customfield_10401":null,"customfield_10600":null,"customfield_12900":null,"aggregatetimeestimate":null,"attachment":[],"summary":"OS Upgrade: Offline Remote: Ceph(BS)","creator":{"self":"https://eucalyptus.atlassian.net/rest/api/2/user?username=ccassler","name":"ccassler","key":"ccassler","accountId":"557058:8fb32702-a3cf-42d3-9846-95c74f801354","avatarUrls":{"48x48":"https://avatar-cdn.atlassian.com/ace94e80ebc0a3b718cc5422760b57de?s=48&d=https%3A%2F%2Feucalyptus.atlassian.net%2Fsecure%2Fuseravatar%3FownerId%3Dccassler%26avatarId%3D14700%26noRedirect%3Dtrue","24x24":"https://avatar-cdn.atlassian.com/ace94e80ebc0a3b718cc5422760b57de?s=24&d=https%3A%2F%2Feucalyptus.atlassian.net%2Fsecure%2Fuseravatar%3Fsize%3Dsmall%26ownerId%3Dccassler%26avatarId%3D14700%26noRedirect%3Dtrue","16x16":"https://avatar-cdn.atlassian.com/ace94e80ebc0a3b718cc5422760b57de?s=16&d=https%3A%2F%2Feucalyptus.atlassian.net%2Fsecure%2Fuseravatar%3Fsize%3Dxsmall%26ownerId%3Dccassler%26avatarId%3D14700%26noRedirect%3Dtrue","32x32":"https://avatar-cdn.atlassian.com/ace94e80ebc0a3b718cc5422760b57de?s=32&d=https%3A%2F%2Feucalyptus.atlassian.net%2Fsecure%2Fuseravatar%3Fsize%3Dmedium%26ownerId%3Dccassler%26avatarId%3D14700%26noRedirect%3Dtrue"},"displayName":"Casey Cassler","active":true,"timeZone":"America/Los_Angeles"},"subtasks":[],"reporter":{"self":"https://eucalyptus.atlassian.net/rest/api/2/user?username=ccassler","name":"ccassler","key":"ccassler","accountId":"557058:8fb32702-a3cf-42d3-9846-95c74f801354","avatarUrls":{"48x48":"https://avatar-cdn.atlassian.com/ace94e80ebc0a3b718cc5422760b57de?s=48&d=https%3A%2F%2Feucalyptus.atlassian.net%2Fsecure%2Fuseravatar%3FownerId%3Dccassler%26avatarId%3D14700%26noRedirect%3Dtrue","24x24":"https://avatar-cdn.atlassian.com/ace94e80ebc0a3b718cc5422760b57de?s=24&d=https%3A%2F%2Feucalyptus.atlassian.net%2Fsecure%2Fuseravatar%3Fsize%3Dsmall%26ownerId%3Dccassler%26avatarId%3D14700%26noRedirect%3Dtrue","16x16":"https://avatar-cdn.atlassian.com/ace94e80ebc0a3b718cc5422760b57de?s=16&d=https%3A%2F%2Feucalyptus.atlassian.net%2Fsecure%2Fuseravatar%3Fsize%3Dxsmall%26ownerId%3Dccassler%26avatarId%3D14700%26noRedirect%3Dtrue","32x32":"https://avatar-cdn.atlassian.com/ace94e80ebc0a3b718cc5422760b57de?s=32&d=https%3A%2F%2Feucalyptus.atlassian.net%2Fsecure%2Fuseravatar%3Fsize%3Dmedium%26ownerId%3Dccassler%26avatarId%3D14700%26noRedirect%3Dtrue"},"displayName":"Casey Cassler","active":true,"timeZone":"America/Los_Angeles"},"customfield_12100":"0|i03r3z:","customfield_10000":"1_*:*_1_*:*_7306538083_*|*_3_*:*_1_*:*_445284338_*|*_5_*:*_1_*:*_0","aggregateprogress":{"progress":0,"total":0},"customfield_10001":null,"customfield_10200":null,"customfield_10002":null,"customfield_10003":null,"customfield_10400":null,"customfield_12500":null,"customfield_11600":["ccassler(ccassler)"],"customfield_10116":null,"environment":null,"customfield_10117":null,"customfield_11800":null,"customfield_11802":null,"duedate":null,"customfield_11805":null,"customfield_11806":null,"progress":{"progress":0,"total":0},"votes":{"self":"https://eucalyptus.atlassian.net/rest/api/2/issue/EUCA-12346/votes","votes":0,"hasVoted":false},"comment":{"comments":[{"self":"https://eucalyptus.atlassian.net/rest/api/2/issue/43162/comment/107455","id":"107455","author":{"self":"https://eucalyptus.atlassian.net/rest/api/2/user?username=ccassler","name":"ccassler","key":"ccassler","accountId":"557058:8fb32702-a3cf-42d3-9846-95c74f801354","avatarUrls":{"48x48":"https://avatar-cdn.atlassian.com/ace94e80ebc0a3b718cc5422760b57de?s=48&d=https%3A%2F%2Feucalyptus.atlassian.net%2Fsecure%2Fuseravatar%3FownerId%3Dccassler%26avatarId%3D14700%26noRedirect%3Dtrue","24x24":"https://avatar-cdn.atlassian.com/ace94e80ebc0a3b718cc5422760b57de?s=24&d=https%3A%2F%2Feucalyptus.atlassian.net%2Fsecure%2Fuseravatar%3Fsize%3Dsmall%26ownerId%3Dccassler%26avatarId%3D14700%26noRedirect%3Dtrue","16x16":"https://avatar-cdn.atlassian.com/ace94e80ebc0a3b718cc5422760b57de?s=16&d=https%3A%2F%2Feucalyptus.atlassian.net%2Fsecure%2Fuseravatar%3Fsize%3Dxsmall%26ownerId%3Dccassler%26avatarId%3D14700%26noRedirect%3Dtrue","32x32":"https://avatar-cdn.atlassian.com/ace94e80ebc0a3b718cc5422760b57de?s=32&d=https%3A%2F%2Feucalyptus.atlassian.net%2Fsecure%2Fuseravatar%3Fsize%3Dmedium%26ownerId%3Dccassler%26avatarId%3D14700%26noRedirect%3Dtrue"},"displayName":"Casey Cassler","active":true,"timeZone":"America/Los_Angeles"},"body":"I have tested this in EDGE mode and was successful.  I am now testing in MANAGED-NOVLAN and running into problems accessing instances after OS upgrade.  I did not see any noticeable errors in the pack/unpack output. I am seeing these errors when launching/rebooting instances:\r\n{code}\r\n[root@d-14 ~]# euca-get-console-output i-8ba0b2f2 --region 000652306855:testuser@localhost\r\ni-8ba0b2f2\r\n\r\n[    0.000000] Initializing cgroup subsys cpuset\r\n[    0.000000] Initializing cgroup subsys cpu\r\n[    0.000000] Linux version 3.2.0-23-virtual (buildd@crested) (gcc version 4.6.3 (Ubuntu/Linaro 4.6.3-1ubuntu4) ) #36-Ubuntu SMP Tue Apr 10 22:29:03 UTC 2012 (Ubuntu 3.2.0-23.36-virtual 3.2.14)\r\n[    0.000000] Command line: root=/dev/vda1 console=ttyS0\r\n[    0.000000] KERNEL supported cpus:\r\n[    0.000000]   Intel GenuineIntel\r\n[    0.000000]   AMD AuthenticAMD\r\n[    0.000000]   Centaur CentaurHauls\r\n[    0.000000] BIOS-provided physical RAM map:\r\n[    0.000000]  BIOS-e820: 0000000000000000 - 000000000009fc00 (usable)\r\n[    0.000000]  BIOS-e820: 000000000009fc00 - 00000000000a0000 (reserved)\r\n[    0.000000]  BIOS-e820: 00000000000f0000 - 0000000000100000 (reserved)\r\n[    0.000000]  BIOS-e820: 0000000000100000 - 000000000fffe000 (usable)\r\n[    0.000000]  BIOS-e820: 000000000fffe000 - 0000000010000000 (reserved)\r\n[    0.000000]  BIOS-e820: 00000000feffc000 - 00000000ff000000 (reserved)\r\n[    0.000000]  BIOS-e820: 00000000fffc0000 - 0000000100000000 (reserved)\r\n[    0.000000] NX (Execute Disable) protection: active\r\n[    0.000000] DMI 2.4 present.\r\n[    0.000000] No AGP bridge found\r\n[    0.000000] last_pfn = 0xfffe max_arch_pfn = 0x400000000\r\n[    0.000000] PAT not supported by CPU.\r\n[    0.000000] found SMP MP-table at [ffff8800000f1ff0] f1ff0\r\n[    0.000000] init_memory_mapping: 0000000000000000-000000000fffe000\r\n[    0.000000] RAMDISK: 0fbbd000 - 0fff0000\r\n[    0.000000] ACPI: RSDP 00000000000f1e80 00014 (v00 BOCHS )\r\n[    0.000000] ACPI: RSDT 000000000fffe4c0 00030 (v01 BOCHS  BXPCRSDT 00000001 BXPC 00000001)\r\n[    0.000000] ACPI: FACP 000000000fffff80 00074 (v01 BOCHS  BXPCFACP 00000001 BXPC 00000001)\r\n[    0.000000] ACPI: DSDT 000000000fffe4f0 01135 (v01 BOCHS  BXPCDSDT 00000001 BXPC 00000001)\r\n[    0.000000] ACPI: FACS 000000000fffff40 00040\r\n[    0.000000] ACPI: SSDT 000000000ffff720 00819 (v01 BOCHS  BXPCSSDT 00000001 BXPC 00000001)\r\n[    0.000000] ACPI: APIC 000000000ffff630 00078 (v01 BOCHS  BXPCAPIC 00000001 BXPC 00000001)\r\n[    0.000000] No NUMA configuration found\r\n[    0.000000] Faking a node at 0000000000000000-000000000fffe000\r\n[    0.000000] Initmem setup node 0 0000000000000000-000000000fffe000\r\n[    0.000000]   NODE_DATA [000000000fff6000 - 000000000fffafff]\r\n[    0.000000] kvm-clock: Using msrs 4b564d01 and 4b564d00\r\n[    0.000000] kvm-clock: cpu 0, msr 0:1cf7641, boot clock\r\n[    0.000000] Zone PFN ranges:\r\n[    0.000000]   DMA      0x00000010 -> 0x00001000\r\n[    0.000000]   DMA32    0x00001000 -> 0x00100000\r\n[    0.000000]   Normal   empty\r\n[    0.000000] Movable zone start PFN for each node\r\n[    0.000000] early_node_map[2] active PFN ranges\r\n[    0.000000]     0: 0x00000010 -> 0x0000009f\r\n[    0.000000]     0: 0x00000100 -> 0x0000fffe\r\n[    0.000000] ACPI: PM-Timer IO Port: 0xb008\r\n[    0.000000] ACPI: LAPIC (acpi_id[0x00] lapic_id[0x00] enabled)\r\n[    0.000000] ACPI: LAPIC_NMI (acpi_id[0xff] dfl dfl lint[0x1])\r\n[    0.000000] ACPI: IOAPIC (id[0x00] address[0xfec00000] gsi_base[0])\r\n[    0.000000] IOAPIC[0]: apic_id 0, version 17, address 0xfec00000, GSI 0-23\r\n[    0.000000] ACPI: INT_SRC_OVR (bus 0 bus_irq 0 global_irq 2 dfl dfl)\r\n[    0.000000] ACPI: INT_SRC_OVR (bus 0 bus_irq 5 global_irq 5 high level)\r\n[    0.000000] ACPI: INT_SRC_OVR (bus 0 bus_irq 9 global_irq 9 high level)\r\n[    0.000000] ACPI: INT_SRC_OVR (bus 0 bus_irq 10 global_irq 10 high level)\r\n[    0.000000] ACPI: INT_SRC_OVR (bus 0 bus_irq 11 global_irq 11 high level)\r\n[    0.000000] Using ACPI (MADT) for SMP configuration information\r\n[    0.000000] SMP: Allowing 1 CPUs, 0 hotplug CPUs\r\n[    0.000000] PM: Registered nosave memory: 000000000009f000 - 00000000000a0000\r\n[    0.000000] PM: Registered nosave memory: 00000000000a0000 - 00000000000f0000\r\n[    0.000000] PM: Registered nosave memory: 00000000000f0000 - 0000000000100000\r\n[    0.000000] Allocating PCI resources starting at 10000000 (gap: 10000000:eeffc000)\r\n[    0.000000] Booting paravirtualized kernel on KVM\r\n[    0.000000] setup_percpu: NR_CPUS:64 nr_cpumask_bits:64 nr_cpu_ids:1 nr_node_ids:1\r\n[    0.000000] PERCPU: Embedded 28 pages/cpu @ffff88000f800000 s82816 r8192 d23680 u2097152\r\n[    0.000000] kvm-clock: cpu 0, msr 0:f813641, primary cpu clock\r\n[    0.000000] KVM setup async PF for cpu 0\r\n[    0.000000] kvm-stealtime: cpu 0, msr f80dd40\r\n[    0.000000] Built 1 zonelists in Node order, mobility grouping on.  Total pages: 64392\r\n[    0.000000] Policy zone: DMA32\r\n[    0.000000] Kernel command line: root=/dev/vda1 console=ttyS0\r\n[    0.000000] PID hash table entries: 1024 (order: 1, 8192 bytes)\r\n[    0.000000] Checking aperture...\r\n[    0.000000] No AGP bridge found\r\n[    0.000000] Memory: 237412k/262136k available (6537k kernel code, 452k absent, 24272k reserved, 6655k data, 920k init)\r\n[    0.000000] SLUB: Genslabs=15, HWalign=64, Order=0-3, MinObjects=0, CPUs=1, Nodes=1\r\n[    0.000000] Hierarchical RCU implementation.\r\n[    0.000000]  RCU dyntick-idle grace-period acceleration is enabled.\r\n[    0.000000] NR_IRQS:4352 nr_irqs:256 16\r\n[    0.000000] Console: colour *CGA 80x25\r\n[    0.000000] console [ttyS0] enabled\r\n[    0.000000] allocated 2097152 bytes of page_cgroup\r\n[    0.000000] please try 'cgroup_disable=memory' option if you don't want memory cgroups\r\n[    0.000000] Detected 3100.020 MHz processor.\r\n[    0.008000] Calibrating delay loop (skipped) preset value.. 6200.04 BogoMIPS (lpj=12400080)\r\n[    0.008000] pid_max: default: 32768 minimum: 301\r\n[    0.008000] Security Framework initialized\r\n[    0.008000] AppArmor: AppArmor initialized\r\n[    0.008000] Yama: becoming mindful.\r\n[    0.008000] Dentry cache hash table entries: 32768 (order: 6, 262144 bytes)\r\n[    0.008000] Inode-cache hash table entries: 16384 (order: 5, 131072 bytes)\r\n[    0.008021] Mount-cache hash table entries: 256\r\n[    0.008506] Initializing cgroup subsys cpuacct\r\n[    0.008935] Initializing cgroup subsys memory\r\n[    0.009344] Initializing cgroup subsys devices\r\n[    0.009766] Initializing cgroup subsys freezer\r\n[    0.010177] Initializing cgroup subsys blkio\r\n[    0.010582] Initializing cgroup subsys perf_event\r\n[    0.011071] mce: CPU supports 10 MCE banks\r\n[    0.011570] SMP alternatives: switching to UP code\r\n[    0.025306] Freeing SMP alternatives: 24k freed\r\n[    0.025753] ACPI: Core revision 20110623\r\n[    0.026668] ftrace: allocating 27043 entries in 107 pages\r\n[    0.032896] ..TIMER: vector=0x30 apic1=0 pin1=2 apic2=-1 pin2=-1\r\n[    0.033463] CPU0: Intel QEMU Virtual CPU version (cpu64-rhel6) stepping 03\r\n[    0.036002] Performance Events: Broken PMU hardware detected, using software events only.\r\n[    0.036002] NMI watchdog disabled (cpu0): hardware events not enabled\r\n[    0.036002] Brought up 1 CPUs\r\n[    0.036002] Total of 1 processors activated (6200.04 BogoMIPS).\r\n[    0.036002] devtmpfs: initialized\r\n[    0.036002] EVM: security.selinux\r\n[    0.036002] EVM: security.SMACK64\r\n[    0.036002] EVM: security.capability\r\n[    0.036518] print_constraints: dummy: \r\n[    0.036927] RTC time:  0:29:14, date: 07/27/16\r\n[    0.037352] NET: Registered protocol family 16\r\n[    0.037849] ACPI: bus type pci registered\r\n[    0.038288] PCI: Using configuration type 1 for base access\r\n[    0.039265] bio: create slab <bio-0> at 0\r\n[    0.039693] ACPI: Added _OSI(Module Device)\r\n[    0.040005] ACPI: Added _OSI(Processor Device)\r\n[    0.040414] ACPI: Added _OSI(3.0 _SCP Extensions)\r\n[    0.040838] ACPI: Added _OSI(Processor Aggregator Device)\r\n[    0.042553] ACPI: Interpreter enabled\r\n[    0.042899] ACPI: (supports S0 S5)\r\n[    0.043239] ACPI: Using IOAPIC for interrupt routing\r\n[    0.045556] ACPI: No dock devices found.\r\n[    0.045927] HEST: Table not found.\r\n[    0.046236] PCI: Using host bridge windows from ACPI; if necessary, use \"pci=nocrs\" and report a bug\r\n[    0.047088] ACPI: PCI Root Bridge [PCI0] (domain 0000 [bus 00-ff])\r\n[    0.047715] pci_root PNP0A03:00: host bridge window [io  0x0000-0x0cf7]\r\n[    0.048005] pci_root PNP0A03:00: host bridge window [io  0x0d00-0xffff]\r\n[    0.048616] pci_root PNP0A03:00: host bridge window [mem 0x000a0000-0x000bffff]\r\n[    0.049280] pci_root PNP0A03:00: host bridge window [mem 0x80000000-0xfebfffff]\r\n[    0.064809] pci 0000:00:01.3: quirk: [io  0xb000-0xb03f] claimed by PIIX4 ACPI\r\n[    0.065615] pci 0000:00:01.3: quirk: [io  0xb100-0xb10f] claimed by PIIX4 SMB\r\n[    0.100872]  pci0000:00: Unable to request _OSC control (_OSC support mask: 0x1e)\r\n[    0.102857] ACPI: PCI Interrupt Link [LNKA] (IRQs 5 *10 11)\r\n[    0.103496] ACPI: PCI Interrupt Link [LNKB] (IRQs 5 *10 11)\r\n[    0.104212] ACPI: PCI Interrupt Link [LNKC] (IRQs 5 10 *11)\r\n[    0.104831] ACPI: PCI Interrupt Link [LNKD] (IRQs 5 10 *11)\r\n[    0.105425] ACPI: PCI Interrupt Link [LNKS] (IRQs *9)\r\n[    0.106002] vgaarb: loaded\r\n[    0.106312] i2c-core: driver [aat2870] using legacy suspend method\r\n[    0.106877] i2c-core: driver [aat2870] using legacy resume method\r\n[    0.107633] SCSI subsystem initialized\r\n[    0.108069] usbcore: registered new interface driver usbfs\r\n[    0.109024] usbcore: registered new interface driver hub\r\n[    0.109528] usbcore: registered new device driver usb\r\n[    0.110052] PCI: Using ACPI for IRQ routing\r\n[    0.110607] NetLabel: Initializing\r\n[    0.110927] NetLabel:  domain hash size = 128\r\n[    0.111324] NetLabel:  protocols = UNLABELED CIPSOv4\r\n[    0.111789] NetLabel:  unlabeled traffic allowed by default\r\n[    0.112039] Switching to clocksource kvm-clock\r\n[    0.115490] AppArmor: AppArmor Filesystem Enabled\r\n[    0.115973] pnp: PnP ACPI init\r\n[    0.116280] ACPI: bus type pnp registered\r\n[    0.117101] pnp: PnP ACPI: found 6 devices\r\n[    0.117481] ACPI: ACPI bus type pnp unregistered\r\n[    0.123356] NET: Registered protocol family 2\r\n[    0.123791] IP route cache hash table entries: 2048 (order: 2, 16384 bytes)\r\n[    0.124520] TCP established hash table entries: 8192 (order: 5, 131072 bytes)\r\n[    0.125194] TCP bind hash table entries: 8192 (order: 5, 131072 bytes)\r\n[    0.125797] TCP: Hash tables configured (established 8192 bind 8192)\r\n[    0.126377] TCP reno registered\r\n[    0.126666] UDP hash table entries: 128 (order: 0, 4096 bytes)\r\n[    0.127205] UDP-Lite hash table entries: 128 (order: 0, 4096 bytes)\r\n[    0.127796] NET: Registered protocol family 1\r\n[    0.128218] pci 0000:00:00.0: Limiting direct PCI/PCI transfers\r\n[    0.128759] pci 0000:00:01.0: PIIX3: Enabling Passive Release\r\n[    0.129302] pci 0000:00:01.0: Activating ISA DMA hang workarounds\r\n[    0.129953] ACPI: PCI Interrupt Link [LNKD] enabled at IRQ 11\r\n[    0.130489] pci 0000:00:01.2: PCI INT D -> Link[LNKD] -> GSI 11 (level, high) -> IRQ 11\r\n[    0.131623] pci 0000:00:01.2: PCI INT D disabled\r\n[    0.132269] audit: initializing netlink socket (disabled)\r\n[    0.132767] type=2000 audit(1469604554.132:1): initialized\r\n[    0.148803] Trying to unpack rootfs image as initramfs...\r\n[    0.172105] HugeTLB registered 2 MB page size, pre-allocated 0 pages\r\n[    0.173627] VFS: Disk quotas dquot_6.5.2\r\n[    0.174033] Dquot-cache hash table entries: 512 (order 0, 4096 bytes)\r\n[    0.180096] fuse init (API version 7.17)\r\n[    0.180556] msgmni has been set to 463\r\n[    0.196085] Block layer SCSI generic (bsg) driver version 0.4 loaded (major 253)\r\n[    0.196937] io scheduler noop registered\r\n[    0.197306] io scheduler deadline registered (default)\r\n[    0.197796] io scheduler cfq registered\r\n[    0.198209] pci_hotplug: PCI Hot Plug PCI Core version: 0.5\r\n[    0.198729] pciehp: PCI Express Hot Plug Controller Driver version: 0.4\r\n[    0.199406] input: Power Button as /devices/LNXSYSTM:00/LNXPWRBN:00/input/input0\r\n[    0.200098] ACPI: Power Button [PWRF]\r\n[    0.200930] ERST: Table is not found!\r\n[    0.201271] GHES: HEST is not enabled!\r\n[    0.201743] ACPI: PCI Interrupt Link [LNKC] enabled at IRQ 10\r\n[    0.202395] virtio-pci 0000:00:03.0: PCI INT A -> Link[LNKC] -> GSI 10 (level, high) -> IRQ 10\r\n[    0.203768] virtio-pci 0000:00:04.0: PCI INT A -> Link[LNKD] -> GSI 11 (level, high) -> IRQ 11\r\n[    0.208168] ACPI: PCI Interrupt Link [LNKA] enabled at IRQ 10\r\n[    0.208710] virtio-pci 0000:00:05.0: PCI INT A -> Link[LNKA] -> GSI 10 (level, high) -> IRQ 10\r\n[    0.216182] Serial: 8250/16550 driver, 32 ports, IRQ sharing enabled\r\n[    0.239761] serial8250: ttyS0 at I/O 0x3f8 (irq = 4) is a 16550A\r\n[    0.244359] Freeing initrd memory: 4300k freed\r\n[    0.268741] 00:05: ttyS0 at I/O 0x3f8 (irq = 4) is a 16550A\r\n[    0.269375] Linux agpgart interface v0.103\r\n[    0.270411] brd: module loaded\r\n[    0.271058] loop: module loaded\r\n[    0.272606]  vda: vda1 vda2 vda3\r\n[    0.274140] scsi0 : ata_piix\r\n[    0.274466] scsi1 : ata_piix\r\n[    0.274769] ata1: PATA max MWDMA2 cmd 0x1f0 ctl 0x3f6 bmdma 0xc0a0 irq 14\r\n[    0.275418] ata2: PATA max MWDMA2 cmd 0x170 ctl 0x376 bmdma 0xc0a8 irq 15\r\n[    0.276248] Fixed MDIO Bus: probed\r\n[    0.276593] tun: Universal TUN/TAP device driver, 1.6\r\n[    0.277082] tun: (C) 1999-2004 Max Krasnyansky <maxk@qualcomm.com>\r\n[    0.278799] PPP generic driver version 2.4.2\r\n[    0.279289] ehci_hcd: USB 2.0 'Enhanced' Host Controller (EHCI) Driver\r\n[    0.279960] ohci_hcd: USB 1.1 'Open' Host Controller (OHCI) Driver\r\n[    0.280600] uhci_hcd: USB Universal Host Controller Interface driver\r\n[    0.281243] uhci_hcd 0000:00:01.2: PCI INT D -> Link[LNKD] -> GSI 11 (level, high) -> IRQ 11\r\n[    0.282855] uhci_hcd 0000:00:01.2: UHCI Host Controller\r\n[    0.283777] uhci_hcd 0000:00:01.2: new USB bus registered, assigned bus number 1\r\n[    0.284600] uhci_hcd 0000:00:01.2: irq 11, io base 0x0000c040\r\n[    0.285264] hub 1-0:1.0: USB hub found\r\n[    0.285626] hub 1-0:1.0: 2 ports detected\r\n[    0.286093] usbcore: registered new interface driver libusual\r\n[    0.286652] i8042: PNP: PS/2 Controller [PNP0303:KBD,PNP0f13:MOU] at 0x60,0x64 irq 1,12\r\n[    0.287977] serio: i8042 KBD port at 0x60,0x64 irq 1\r\n[    0.288500] serio: i8042 AUX port at 0x60,0x64 irq 12\r\n[    0.289082] mousedev: PS/2 mouse device common for all mice\r\n[    0.289936] input: AT Translated Set 2 keyboard as /devices/platform/i8042/serio0/input/input1\r\n[    0.291049] rtc_cmos 00:01: RTC can wake from S4\r\n[    0.291671] rtc_cmos 00:01: rtc core: registered rtc_cmos as rtc0\r\n[    0.292324] rtc0: alarms up to one day, 114 bytes nvram\r\n[    0.292901] device-mapper: uevent: version 1.0.3\r\n[    0.293384] device-mapper: ioctl: 4.22.0-ioctl (2011-10-19) initialised: dm-devel@redhat.com\r\n[    0.294203] cpuidle: using governor ladder\r\n[    0.294585] cpuidle: using governor menu\r\n[    0.294982] EFI Variables Facility v0.08 2004-May-17\r\n[    0.295572] TCP cubic registered\r\n[    0.295963] NET: Registered protocol family 10\r\n[    0.296712] NET: Registered protocol family 17\r\n[    0.297196] Registering the dns_resolver key type\r\n[    0.297730] registered taskstats version 1\r\n[    0.301756]   Magic number: 8:956:456\r\n[    0.302234] mem urandom: hash matches\r\n[    0.302704] rtc_cmos 00:01: setting system clock to 2016-07-27 00:29:14 UTC (1469579354)\r\n[    0.303515] BIOS EDD facility v0.16 2004-Jun-25, 0 devices found\r\n[    0.304144] EDD information not available.\r\n[    0.437092] Freeing unused kernel memory: 920k freed\r\n[    0.437695] Write protecting the kernel read-only data: 12288k\r\n[    0.441515] Freeing unused kernel memory: 1636k freed\r\n[    0.444489] Freeing unused kernel memory: 1200k freed\r\nLoading, please wait...\r\nBegin: Loading essential drivers ... done.\r\n[    0.456027] udevd[81]: starting version 175\r\nBegin: Running /scripts/init-premount ... done.\r\nBegin: Mounting root file system ... Begin: Running /scripts/local-top ... done.\r\n[    0.553137] FDC 0 is a S82078B\r\nBegin: Running /scripts/local-premount ... done.\r\n[    0.651781] EXT3-fs (vda1): recovery required on readonly filesystem\r\n[    0.652421] EXT3-fs (vda1): write access will be enabled during recovery\r\n[    1.098553] kjournald starting.  Commit interval 5 seconds\r\n[    1.099214] EXT3-fs (vda1): recovery complete\r\n[    1.108111] EXT3-fs (vda1): mounted filesystem with ordered data mode\r\nBegin: Running /scripts/local-bottom ... done.\r\ndone.\r\nBegin: Running /scripts/init-bottom ... done.\r\n[    1.148067] Refined TSC clocksource calibration: 3099.868 MHz.\r\ncloud-init start-local running: Wed, 27 Jul 2016 00:29:16 +0000. up 2.40 seconds\r\nno instance data found in start-local\r\ncloud-init-nonet waiting 120 seconds for a network device.\r\ncloud-init-nonet gave up waiting for a network device.\r\nci-info: lo    : 1 127.0.0.1       255.0.0.0       .\r\nci-info: eth0  : 1 .               .               d0:0d:8b:a0:b2:f2\r\nroute_info failed\r\nWaiting for network configuration...\r\nWaiting up to 60 more seconds for network configuration...\r\nBooting system without full network configuration...\r\n * Stopping Failsafe Boot Delay^[[74G[ OK ]\r\n * Starting System V initialisation compatibility^[[74G[ OK ]\r\nSkipping profile in /etc/apparmor.d/disable: usr.sbin.rsyslogd\r\n^[[74G[ OK ]AppArmor profiles       ^[[80G \r\nlandscape-client is not configured, please run landscape-config.\r\n * Stopping System V initialisation compatibility^[[74G[ OK ]\r\n * Starting System V runlevel compatibility^[[74G[ OK ]\r\n * Starting save kernel messages^[[74G[ OK ]\r\n * Starting ACPI daemon^[[74G[ OK ]\r\n * Starting automatic crash report generation^[[74G[ OK ]\r\n * Starting regular background program processing daemon^[[74G[ OK ]\r\n * Starting deferred execution scheduler^[[74G[ OK ]\r\n * Stopping save kernel messages^[[74G[ OK ]\r\nstress: info: [793] dispatching hogs: 1 cpu, 1 io, 0 vm, 0 hdd\r\n * Starting CPU interrupts balancing daemon^[[74G[ OK ]\r\n * Starting crash report submission daemon^[[74G[ OK ]\r\n * Stopping CPU interrupts balancing daemon^[[74G[ OK ]\r\n * Starting configure network device^[[74G[ OK ]\r\n{code}","updateAuthor":{"self":"https://eucalyptus.atlassian.net/rest/api/2/user?username=ccassler","name":"ccassler","key":"ccassler","accountId":"557058:8fb32702-a3cf-42d3-9846-95c74f801354","avatarUrls":{"48x48":"https://avatar-cdn.atlassian.com/ace94e80ebc0a3b718cc5422760b57de?s=48&d=https%3A%2F%2Feucalyptus.atlassian.net%2Fsecure%2Fuseravatar%3FownerId%3Dccassler%26avatarId%3D14700%26noRedirect%3Dtrue","24x24":"https://avatar-cdn.atlassian.com/ace94e80ebc0a3b718cc5422760b57de?s=24&d=https%3A%2F%2Feucalyptus.atlassian.net%2Fsecure%2Fuseravatar%3Fsize%3Dsmall%26ownerId%3Dccassler%26avatarId%3D14700%26noRedirect%3Dtrue","16x16":"https://avatar-cdn.atlassian.com/ace94e80ebc0a3b718cc5422760b57de?s=16&d=https%3A%2F%2Feucalyptus.atlassian.net%2Fsecure%2Fuseravatar%3Fsize%3Dxsmall%26ownerId%3Dccassler%26avatarId%3D14700%26noRedirect%3Dtrue","32x32":"https://avatar-cdn.atlassian.com/ace94e80ebc0a3b718cc5422760b57de?s=32&d=https%3A%2F%2Feucalyptus.atlassian.net%2Fsecure%2Fuseravatar%3Fsize%3Dmedium%26ownerId%3Dccassler%26avatarId%3D14700%26noRedirect%3Dtrue"},"displayName":"Casey Cassler","active":true,"timeZone":"America/Los_Angeles"},"created":"2016-07-27T14:16:51.154-0500","updated":"2016-07-27T14:16:51.154-0500"},{"self":"https://eucalyptus.atlassian.net/rest/api/2/issue/43162/comment/107777","id":"107777","author":{"self":"https://eucalyptus.atlassian.net/rest/api/2/user?username=ccassler","name":"ccassler","key":"ccassler","accountId":"557058:8fb32702-a3cf-42d3-9846-95c74f801354","avatarUrls":{"48x48":"https://avatar-cdn.atlassian.com/ace94e80ebc0a3b718cc5422760b57de?s=48&d=https%3A%2F%2Feucalyptus.atlassian.net%2Fsecure%2Fuseravatar%3FownerId%3Dccassler%26avatarId%3D14700%26noRedirect%3Dtrue","24x24":"https://avatar-cdn.atlassian.com/ace94e80ebc0a3b718cc5422760b57de?s=24&d=https%3A%2F%2Feucalyptus.atlassian.net%2Fsecure%2Fuseravatar%3Fsize%3Dsmall%26ownerId%3Dccassler%26avatarId%3D14700%26noRedirect%3Dtrue","16x16":"https://avatar-cdn.atlassian.com/ace94e80ebc0a3b718cc5422760b57de?s=16&d=https%3A%2F%2Feucalyptus.atlassian.net%2Fsecure%2Fuseravatar%3Fsize%3Dxsmall%26ownerId%3Dccassler%26avatarId%3D14700%26noRedirect%3Dtrue","32x32":"https://avatar-cdn.atlassian.com/ace94e80ebc0a3b718cc5422760b57de?s=32&d=https%3A%2F%2Feucalyptus.atlassian.net%2Fsecure%2Fuseravatar%3Fsize%3Dmedium%26ownerId%3Dccassler%26avatarId%3D14700%26noRedirect%3Dtrue"},"displayName":"Casey Cassler","active":true,"timeZone":"America/Los_Angeles"},"body":"Tested this in VPC cloud with ceph as BS/OS and had problems after upgrade.  I could not access instances after upgrade.  I discovered I missed some midonet configuration settings with adding host to the midonet tunnel.  After I modified the settings, I was able to access the instances.  However, an instance was terminated and lost in the process.  I'm not exactly sure how that happened since the instance was never manually terminated or removed from the new NC.  I will do an upgrade with a single NC and see if I can reproduce.","updateAuthor":{"self":"https://eucalyptus.atlassian.net/rest/api/2/user?username=ccassler","name":"ccassler","key":"ccassler","accountId":"557058:8fb32702-a3cf-42d3-9846-95c74f801354","avatarUrls":{"48x48":"https://avatar-cdn.atlassian.com/ace94e80ebc0a3b718cc5422760b57de?s=48&d=https%3A%2F%2Feucalyptus.atlassian.net%2Fsecure%2Fuseravatar%3FownerId%3Dccassler%26avatarId%3D14700%26noRedirect%3Dtrue","24x24":"https://avatar-cdn.atlassian.com/ace94e80ebc0a3b718cc5422760b57de?s=24&d=https%3A%2F%2Feucalyptus.atlassian.net%2Fsecure%2Fuseravatar%3Fsize%3Dsmall%26ownerId%3Dccassler%26avatarId%3D14700%26noRedirect%3Dtrue","16x16":"https://avatar-cdn.atlassian.com/ace94e80ebc0a3b718cc5422760b57de?s=16&d=https%3A%2F%2Feucalyptus.atlassian.net%2Fsecure%2Fuseravatar%3Fsize%3Dxsmall%26ownerId%3Dccassler%26avatarId%3D14700%26noRedirect%3Dtrue","32x32":"https://avatar-cdn.atlassian.com/ace94e80ebc0a3b718cc5422760b57de?s=32&d=https%3A%2F%2Feucalyptus.atlassian.net%2Fsecure%2Fuseravatar%3Fsize%3Dmedium%26ownerId%3Dccassler%26avatarId%3D14700%26noRedirect%3Dtrue"},"displayName":"Casey Cassler","active":true,"timeZone":"America/Los_Angeles"},"created":"2016-08-04T16:17:50.971-0500","updated":"2016-08-04T16:17:50.971-0500"},{"self":"https://eucalyptus.atlassian.net/rest/api/2/issue/43162/comment/108021","id":"108021","author":{"self":"https://eucalyptus.atlassian.net/rest/api/2/user?username=ccassler","name":"ccassler","key":"ccassler","accountId":"557058:8fb32702-a3cf-42d3-9846-95c74f801354","avatarUrls":{"48x48":"https://avatar-cdn.atlassian.com/ace94e80ebc0a3b718cc5422760b57de?s=48&d=https%3A%2F%2Feucalyptus.atlassian.net%2Fsecure%2Fuseravatar%3FownerId%3Dccassler%26avatarId%3D14700%26noRedirect%3Dtrue","24x24":"https://avatar-cdn.atlassian.com/ace94e80ebc0a3b718cc5422760b57de?s=24&d=https%3A%2F%2Feucalyptus.atlassian.net%2Fsecure%2Fuseravatar%3Fsize%3Dsmall%26ownerId%3Dccassler%26avatarId%3D14700%26noRedirect%3Dtrue","16x16":"https://avatar-cdn.atlassian.com/ace94e80ebc0a3b718cc5422760b57de?s=16&d=https%3A%2F%2Feucalyptus.atlassian.net%2Fsecure%2Fuseravatar%3Fsize%3Dxsmall%26ownerId%3Dccassler%26avatarId%3D14700%26noRedirect%3Dtrue","32x32":"https://avatar-cdn.atlassian.com/ace94e80ebc0a3b718cc5422760b57de?s=32&d=https%3A%2F%2Feucalyptus.atlassian.net%2Fsecure%2Fuseravatar%3Fsize%3Dmedium%26ownerId%3Dccassler%26avatarId%3D14700%26noRedirect%3Dtrue"},"displayName":"Casey Cassler","active":true,"timeZone":"America/Los_Angeles"},"body":"Verified.  This is working.","updateAuthor":{"self":"https://eucalyptus.atlassian.net/rest/api/2/user?username=ccassler","name":"ccassler","key":"ccassler","accountId":"557058:8fb32702-a3cf-42d3-9846-95c74f801354","avatarUrls":{"48x48":"https://avatar-cdn.atlassian.com/ace94e80ebc0a3b718cc5422760b57de?s=48&d=https%3A%2F%2Feucalyptus.atlassian.net%2Fsecure%2Fuseravatar%3FownerId%3Dccassler%26avatarId%3D14700%26noRedirect%3Dtrue","24x24":"https://avatar-cdn.atlassian.com/ace94e80ebc0a3b718cc5422760b57de?s=24&d=https%3A%2F%2Feucalyptus.atlassian.net%2Fsecure%2Fuseravatar%3Fsize%3Dsmall%26ownerId%3Dccassler%26avatarId%3D14700%26noRedirect%3Dtrue","16x16":"https://avatar-cdn.atlassian.com/ace94e80ebc0a3b718cc5422760b57de?s=16&d=https%3A%2F%2Feucalyptus.atlassian.net%2Fsecure%2Fuseravatar%3Fsize%3Dxsmall%26ownerId%3Dccassler%26avatarId%3D14700%26noRedirect%3Dtrue","32x32":"https://avatar-cdn.atlassian.com/ace94e80ebc0a3b718cc5422760b57de?s=32&d=https%3A%2F%2Feucalyptus.atlassian.net%2Fsecure%2Fuseravatar%3Fsize%3Dmedium%26ownerId%3Dccassler%26avatarId%3D14700%26noRedirect%3Dtrue"},"displayName":"Casey Cassler","active":true,"timeZone":"America/Los_Angeles"},"created":"2016-08-09T17:58:15.395-0500","updated":"2016-08-09T17:58:15.395-0500"}],"maxResults":3,"total":3,"startAt":0},"worklog":{"startAt":0,"maxResults":20,"total":0,"worklogs":[]},"customfield_11808":null}}