{"expand":"renderedFields,names,schema,operations,editmeta,changelog,versionedRepresentations","id":"33954","self":"https://eucalyptus.atlassian.net/rest/api/2/issue/33954","key":"EUCA-10258","fields":{"issuetype":{"self":"https://eucalyptus.atlassian.net/rest/api/2/issuetype/1","id":"1","description":"A problem which impairs or prevents the functions of the product.","iconUrl":"https://eucalyptus.atlassian.net/secure/viewavatar?size=xsmall&avatarId=14803&avatarType=issuetype","name":"Bug","subtask":false,"avatarId":14803},"timespent":null,"customfield_13100":null,"project":{"self":"https://eucalyptus.atlassian.net/rest/api/2/project/10000","id":"10000","key":"EUCA","name":"Eucalyptus","avatarUrls":{"48x48":"https://eucalyptus.atlassian.net/secure/projectavatar?pid=10000&avatarId=10011","24x24":"https://eucalyptus.atlassian.net/secure/projectavatar?size=small&pid=10000&avatarId=10011","16x16":"https://eucalyptus.atlassian.net/secure/projectavatar?size=xsmall&pid=10000&avatarId=10011","32x32":"https://eucalyptus.atlassian.net/secure/projectavatar?size=medium&pid=10000&avatarId=10011"}},"customfield_11000":null,"fixVersions":[{"self":"https://eucalyptus.atlassian.net/rest/api/2/version/14301","id":"14301","description":"Eucalyptus 4.1.0","name":"4.1.0","archived":false,"released":true,"releaseDate":"2015-01-29"}],"customfield_11001":null,"aggregatetimespent":null,"resolution":{"self":"https://eucalyptus.atlassian.net/rest/api/2/resolution/1","id":"1","description":"A fix for this issue is checked into the tree and tested.","name":"Fixed"},"customfield_10310":[{"self":"https://eucalyptus.atlassian.net/rest/api/2/customFieldOption/10209","value":"CentOS 6","id":"10209"}],"customfield_10311":[{"self":"https://eucalyptus.atlassian.net/rest/api/2/customFieldOption/11500","value":"Edge","id":"11500"},{"self":"https://eucalyptus.atlassian.net/rest/api/2/customFieldOption/12401","value":"VPC-MIDO","id":"12401"}],"customfield_11401":{"self":"https://eucalyptus.atlassian.net/rest/api/2/user?username=viglesias","name":"viglesias","key":"viglesias","accountId":"557058:49b276ff-ebf9-4dd6-ada3-b568a2898707","avatarUrls":{"48x48":"https://avatar-cdn.atlassian.com/5608e0aa05bd6e5d73b855a08079cceb?s=48&d=https%3A%2F%2Feucalyptus.atlassian.net%2Fsecure%2Fuseravatar%3FownerId%3Dviglesias%26avatarId%3D10405%26noRedirect%3Dtrue","24x24":"https://avatar-cdn.atlassian.com/5608e0aa05bd6e5d73b855a08079cceb?s=24&d=https%3A%2F%2Feucalyptus.atlassian.net%2Fsecure%2Fuseravatar%3Fsize%3Dsmall%26ownerId%3Dviglesias%26avatarId%3D10405%26noRedirect%3Dtrue","16x16":"https://avatar-cdn.atlassian.com/5608e0aa05bd6e5d73b855a08079cceb?s=16&d=https%3A%2F%2Feucalyptus.atlassian.net%2Fsecure%2Fuseravatar%3Fsize%3Dxsmall%26ownerId%3Dviglesias%26avatarId%3D10405%26noRedirect%3Dtrue","32x32":"https://avatar-cdn.atlassian.com/5608e0aa05bd6e5d73b855a08079cceb?s=32&d=https%3A%2F%2Feucalyptus.atlassian.net%2Fsecure%2Fuseravatar%3Fsize%3Dmedium%26ownerId%3Dviglesias%26avatarId%3D10405%26noRedirect%3Dtrue"},"displayName":"Victor Iglesias","active":true,"timeZone":"America/Los_Angeles"},"customfield_11400":null,"customfield_10302":null,"customfield_10500":{"self":"https://eucalyptus.atlassian.net/rest/api/2/customFieldOption/10402","value":"Internal","id":"10402"},"customfield_10104":[],"customfield_10105":{"self":"https://eucalyptus.atlassian.net/rest/api/2/customFieldOption/10101","value":"No","id":"10101"},"customfield_10303":null,"customfield_10700":null,"customfield_10304":null,"customfield_10701":null,"customfield_10702":null,"customfield_10306":{"self":"https://eucalyptus.atlassian.net/rest/api/2/customFieldOption/10200","value":"High","id":"10200"},"customfield_10703":null,"resolutiondate":"2015-01-16T18:18:35.654-0600","customfield_10308":null,"customfield_10704":null,"customfield_10309":[{"self":"https://eucalyptus.atlassian.net/rest/api/2/customFieldOption/10204","value":"KVM","id":"10204"}],"customfield_10705":null,"workratio":-1,"lastViewed":null,"watches":{"self":"https://eucalyptus.atlassian.net/rest/api/2/issue/EUCA-10258/watchers","watchCount":4,"isWatching":false},"created":"2014-12-19T15:31:21.068-0600","customfield_12000":null,"priority":{"self":"https://eucalyptus.atlassian.net/rest/api/2/priority/2","iconUrl":"https://eucalyptus.atlassian.net/images/icons/priorities/critical.svg","name":"Critical","id":"2"},"customfield_12400":null,"customfield_12201":null,"customfield_10102":null,"customfield_10300":null,"customfield_12600":"{repository={count=1, dataType=repository}, json={\"cachedValue\":{\"errors\":[],\"summary\":{\"repository\":{\"overall\":{\"count\":1,\"lastUpdated\":\"2015-01-07T14:17:36.000-0600\",\"dataType\":\"repository\"},\"byInstanceType\":{\"github\":{\"count\":1,\"name\":\"GitHub\"}}}}},\"isStale\":true}}","labels":["AWSCompat-PM"],"customfield_10301":null,"customfield_11700":null,"timeestimate":null,"aggregatetimeoriginalestimate":null,"customfield_11901":null,"versions":[{"self":"https://eucalyptus.atlassian.net/rest/api/2/version/14301","id":"14301","description":"Eucalyptus 4.1.0","name":"4.1.0","archived":false,"released":true,"releaseDate":"2015-01-29"}],"issuelinks":[{"id":"28324","self":"https://eucalyptus.atlassian.net/rest/api/2/issueLink/28324","type":{"id":"10600","name":"Bonfire Testing","inward":"discovered while testing","outward":"testing discovered","self":"https://eucalyptus.atlassian.net/rest/api/2/issueLinkType/10600"},"inwardIssue":{"id":"33864","key":"EUCA-10231","self":"https://eucalyptus.atlassian.net/rest/api/2/issue/33864","fields":{"summary":"CloudFormation: stack's template not written to DB","status":{"self":"https://eucalyptus.atlassian.net/rest/api/2/status/6","description":"The issue is considered finished, the resolution is correct. Issues which are closed can be reopened.","iconUrl":"https://eucalyptus.atlassian.net/images/icons/statuses/generic.png","name":"Closed","id":"6","statusCategory":{"self":"https://eucalyptus.atlassian.net/rest/api/2/statuscategory/3","id":3,"key":"done","colorName":"green","name":"Done"}},"priority":{"self":"https://eucalyptus.atlassian.net/rest/api/2/priority/1","iconUrl":"https://eucalyptus.atlassian.net/images/icons/priorities/blocker.svg","name":"Blocker","id":"1"},"issuetype":{"self":"https://eucalyptus.atlassian.net/rest/api/2/issuetype/1","id":"1","description":"A problem which impairs or prevents the functions of the product.","iconUrl":"https://eucalyptus.atlassian.net/secure/viewavatar?size=xsmall&avatarId=14803&avatarType=issuetype","name":"Bug","subtask":false,"avatarId":14803}}}},{"id":"28323","self":"https://eucalyptus.atlassian.net/rest/api/2/issueLink/28323","type":{"id":"10103","name":"Relates","inward":"relates to","outward":"relates to","self":"https://eucalyptus.atlassian.net/rest/api/2/issueLinkType/10103"},"outwardIssue":{"id":"33953","key":"EUCA-10257","self":"https://eucalyptus.atlassian.net/rest/api/2/issue/33953","fields":{"summary":"Creating Security Group with Cloudformation Fails for non-admin User","status":{"self":"https://eucalyptus.atlassian.net/rest/api/2/status/6","description":"The issue is considered finished, the resolution is correct. Issues which are closed can be reopened.","iconUrl":"https://eucalyptus.atlassian.net/images/icons/statuses/generic.png","name":"Closed","id":"6","statusCategory":{"self":"https://eucalyptus.atlassian.net/rest/api/2/statuscategory/3","id":3,"key":"done","colorName":"green","name":"Done"}},"priority":{"self":"https://eucalyptus.atlassian.net/rest/api/2/priority/2","iconUrl":"https://eucalyptus.atlassian.net/images/icons/priorities/critical.svg","name":"Critical","id":"2"},"issuetype":{"self":"https://eucalyptus.atlassian.net/rest/api/2/issuetype/1","id":"1","description":"A problem which impairs or prevents the functions of the product.","iconUrl":"https://eucalyptus.atlassian.net/secure/viewavatar?size=xsmall&avatarId=14803&avatarType=issuetype","name":"Bug","subtask":false,"avatarId":14803}}}}],"assignee":{"self":"https://eucalyptus.atlassian.net/rest/api/2/user?username=mmunn1","name":"mmunn1","key":"mmunn1","accountId":"557058:6e62b7e8-e48f-469d-ac54-e9449dec5cd9","avatarUrls":{"48x48":"https://avatar-cdn.atlassian.com/6638eee119e9c0bdcca16883c5415349?s=48&d=https%3A%2F%2Feucalyptus.atlassian.net%2Fsecure%2Fuseravatar%3FownerId%3Dmmunn1%26avatarId%3D11300%26noRedirect%3Dtrue","24x24":"https://avatar-cdn.atlassian.com/6638eee119e9c0bdcca16883c5415349?s=24&d=https%3A%2F%2Feucalyptus.atlassian.net%2Fsecure%2Fuseravatar%3Fsize%3Dsmall%26ownerId%3Dmmunn1%26avatarId%3D11300%26noRedirect%3Dtrue","16x16":"https://avatar-cdn.atlassian.com/6638eee119e9c0bdcca16883c5415349?s=16&d=https%3A%2F%2Feucalyptus.atlassian.net%2Fsecure%2Fuseravatar%3Fsize%3Dxsmall%26ownerId%3Dmmunn1%26avatarId%3D11300%26noRedirect%3Dtrue","32x32":"https://avatar-cdn.atlassian.com/6638eee119e9c0bdcca16883c5415349?s=32&d=https%3A%2F%2Feucalyptus.atlassian.net%2Fsecure%2Fuseravatar%3Fsize%3Dmedium%26ownerId%3Dmmunn1%26avatarId%3D11300%26noRedirect%3Dtrue"},"displayName":"Michael Munn","active":true,"timeZone":"America/Los_Angeles"},"updated":"2015-05-08T17:03:39.317-0500","status":{"self":"https://eucalyptus.atlassian.net/rest/api/2/status/6","description":"The issue is considered finished, the resolution is correct. Issues which are closed can be reopened.","iconUrl":"https://eucalyptus.atlassian.net/images/icons/statuses/generic.png","name":"Closed","id":"6","statusCategory":{"self":"https://eucalyptus.atlassian.net/rest/api/2/statuscategory/3","id":3,"key":"done","colorName":"green","name":"Done"}},"components":[{"self":"https://eucalyptus.atlassian.net/rest/api/2/component/12900","id":"12900","name":"CloudFormation"}],"timeoriginalestimate":null,"description":"*Assessment*\r\n\r\nWhile verifying EUCA-10231, created a cloudformation stack using the following template:\r\n{code}\r\n{\r\n\r\n    \"AWSTemplateFormatVersion\" : \"2010-09-09\",\r\n\r\n    \"Description\" : \"Cloudformation Example => Run instance with userdata in security group\",\r\n\r\n    \"Parameters\": {\r\n        \"UbuntuImageId\": {\r\n            \"Description\":\"Ubuntu Image id\",\r\n            \"Type\":\"String\",\r\n            \"NoEcho\":\"False\"\r\n        },\r\n\r\n        \"UserKeyPair\": {\r\n            \"Description\":\"User Key Pair\",\r\n            \"Type\":\"String\",\r\n            \"NoEcho\":\"False\"\r\n        }\r\n    },\r\n\r\n    \"Resources\" : {\r\n\r\n        \"DockerInstance\": {\r\n            \"Type\": \"AWS::EC2::Instance\",\r\n                \"Properties\": {\r\n                    \"ImageId\" : { \"Ref\":\"UbuntuImageId\" },\r\n                    \"InstanceType\" : \"m1.large\",\r\n                    \"UserData\" : { \"Fn::Base64\" : \"#include https://get.docker.io\" },\r\n                    \"KeyName\" : { \"Ref\" : \"UserKeyPair\" }\r\n            }\r\n        }\r\n    },\r\n\r\n    \"Outputs\" : {\r\n        \"InstanceId\" : {\r\n            \"Description\" : \"InstanceId of the newly created EC2 instance\",\r\n            \"Value\" : { \"Ref\" : \"DockerInstance\" }\r\n        },\r\n        \"AZ\" : {\r\n            \"Description\" : \"Availability Zone of the newly created EC2 instance\",\r\n            \"Value\" : { \"Fn::GetAtt\" : [ \"DockerInstance\", \"AvailabilityZone\" ] }\r\n        },\r\n        \"PublicIP\" : {\r\n            \"Description\" : \"Public IP address of the newly created EC2 instance\",\r\n            \"Value\" : { \"Fn::GetAtt\" : [ \"DockerInstance\", \"PublicIp\" ] }\r\n        }\r\n    }\r\n}\r\n{code}\r\nThis template uses no security group (due to issue discovered in EUCA-10257).  After creating the stack, the following was reported back:\r\n{code}\r\n# euform-describe-stacks --region tessai-group1@group1\r\nSTACK\tDockerStack\tROLLBACK_FAILED\tThe following resource(s) failed to delete: [DockerInstance].\tCloudformation Example => Run instance with userdata in security group\t2014-12-19T20:47:07.432Z\r\n{code}\r\nHowever, if the user describe the running instances, the following was returned:\r\n{code}\r\n# euca-describe-instances --region tessai-group1@group1\r\nRESERVATION\tr-15e88a36\t617513010345\tdefault\r\nINSTANCE\ti-acbf0bb8\temi-c883ed00\teuca-10-111-52-49.eucalyptus.h-12.autoqa.qa1.eucalyptus-systems.com\teuca-10-111-52-176.eucalyptus.internal\trunning\ttessai\t0\t\tm1.large\t2014-12-19T20:47:10.236Z\tone\t\t\t\tmonitoring-disabled\t10.111.52.49\t10.111.52.176\t\t\tinstance-store\t\t\t\t\thvm\t\t\tsg-b9bf658a\t\t\t\tx86_64\r\n{code}\r\n\r\n*Signs*\r\n\r\n* Full stack events:\r\n{code}\r\n# euform-describe-stack-events DockerStack --region admin-hspencer@group1\r\nEVENT\tDockerStack\t17f42c49-0584-4e51-b6d4-5767b7e9e7b5\tAWS::CloudFormation::Stack\tDockerStack\tarn:aws:cloudformation::617513010345:stack/DockerStack/fa2f52cd-aaba-43e6-b1ab-10a950e66192\t2014-12-19T20:48:29.109Z\tROLLBACK_FAILED\tThe following resource(s) failed to delete: [DockerInstance].\r\nEVENT\tDockerStack\tDockerInstance-DELETE_FAILED-1419022108111\tAWS::EC2::Instance\tDockerInstance\ti-acbf0bb8\t2014-12-19T20:48:28.111Z\tDELETE_FAILED\tYou are not authorized to perform this operation.\r\nEVENT\tDockerStack\tDockerInstance-DELETE_IN_PROGRESS-1419022106932\tAWS::EC2::Instance\tDockerInstance\ti-acbf0bb8\t2014-12-19T20:48:26.932Z\tDELETE_IN_PROGRESS\r\nEVENT\tDockerStack\t9e75dbfe-ce23-4740-99a3-14db0b07f75e\tAWS::CloudFormation::Stack\tDockerStack\tarn:aws:cloudformation::617513010345:stack/DockerStack/fa2f52cd-aaba-43e6-b1ab-10a950e66192\t2014-12-19T20:48:26.100Z\tROLLBACK_IN_PROGRESS\tCreate stack failed.  Rollback requested by user.\r\nEVENT\tDockerStack\tee238dcb-ec49-4914-86e1-423473a94bdc\tAWS::CloudFormation::Stack\tDockerStack\tarn:aws:cloudformation::617513010345:stack/DockerStack/fa2f52cd-aaba-43e6-b1ab-10a950e66192\t2014-12-19T20:48:07.399Z\tCREATE_FAILED\tThe following resource(s) failed to create: [DockerInstance].\r\nEVENT\tDockerStack\tDockerInstance-CREATE_FAILED-1419022086316\tAWS::EC2::Instance\tDockerInstance\ti-acbf0bb8\t2014-12-19T20:48:06.316Z\tCREATE_FAILED\tYou are not authorized to perform this operation.\r\nEVENT\tDockerStack\tDockerInstance-CREATE_IN_PROGRESS-1419022085723\tAWS::EC2::Instance\tDockerInstance\ti-acbf0bb8\t2014-12-19T20:48:05.723Z\tCREATE_IN_PROGRESS\r\nEVENT\tDockerStack\tDockerInstance-CREATE_IN_PROGRESS-1419022030300\tAWS::EC2::Instance\tDockerInstance\ti-acbf0bb8\t2014-12-19T20:47:10.300Z\tCREATE_IN_PROGRESS\r\nEVENT\tDockerStack\tDockerInstance-CREATE_IN_PROGRESS-1419022028581\tAWS::EC2::Instance\tDockerInstance\t\t2014-12-19T20:47:08.581Z\tCREATE_IN_PROGRESS\r\nEVENT\tDockerStack\t183fc216-6227-42fe-9d96-0bc6f655751c\tAWS::CloudFormation::Stack\tDockerStack\tarn:aws:cloudformation::617513010345:stack/DockerStack/fa2f52cd-aaba-43e6-b1ab-10a950e66192\t2014-12-19T20:47:07.798Z\tCREATE_IN_PROGRESS\tUser Initiated\r\n{code}\r\n* Confirmation that the instance launched successfully:\r\n{code}\r\n# euca-get-console-output i-acbf0bb8 --region admin-hspencer@group1\r\ni-acbf0bb8\r\n\r\nPXE (http://etherboot.org) - 00:03.0 C100 PCI2.10 PnP BBS PMM1FE0@10 C100\r\n\r\n\r\nBooting from Hard Disk...\r\n[    0.000000] Initializing cgroup subsys cpuset\r\n[    0.000000] Initializing cgroup subsys cpu\r\n[    0.000000] Initializing cgroup subsys cpuacct\r\n[    0.000000] Linux version 3.16.0-28-generic (buildd@komainu) (gcc version 4.9.1 (Ubuntu 4.9.1-16ubuntu6) ) #38-Ubuntu SMP Fri Dec 12 17:37:40 UTC 2014 (Ubuntu 3.16.0-28.38-generic 3.16.7-ckt1)\r\n[    0.000000] Command line: BOOT_IMAGE=/boot/vmlinuz-3.16.0-28-generic root=LABEL=cloudimg-rootfs ro console=tty1 console=ttyS0\r\n[    0.000000] KERNEL supported cpus:\r\n[    0.000000]   Intel GenuineIntel\r\n[    0.000000]   AMD AuthenticAMD\r\n[    0.000000]   Centaur CentaurHauls\r\n[    0.000000] Disabled fast string operations\r\n[    0.000000] e820: BIOS-provided physical RAM map:\r\n[    0.000000] BIOS-e820: [mem 0x0000000000000000-0x000000000009b7ff] usable\r\n[    0.000000] BIOS-e820: [mem 0x000000000009b800-0x000000000009ffff] reserved\r\n[    0.000000] BIOS-e820: [mem 0x00000000000f0000-0x00000000000fffff] reserved\r\n[    0.000000] BIOS-e820: [mem 0x0000000000100000-0x000000001fffcfff] usable\r\n[    0.000000] BIOS-e820: [mem 0x000000001fffd000-0x000000001fffffff] reserved\r\n[    0.000000] BIOS-e820: [mem 0x00000000fffbc000-0x00000000ffffffff] reserved\r\n[    0.000000] NX (Execute Disable) protection: active\r\n[    0.000000] SMBIOS 2.4 present.\r\n[    0.000000] Hypervisor detected: KVM\r\n[    0.000000] AGP: No AGP bridge found\r\n[    0.000000] e820: last_pfn = 0x1fffd max_arch_pfn = 0x400000000\r\n[    0.000000] PAT not supported by CPU.\r\n[    0.000000] found SMP MP-table at [mem 0x000fda40-0x000fda4f] mapped at [ffff8800000fda40]\r\n[    0.000000] Scanning 1 areas for low memory corruption\r\n[    0.000000] init_memory_mapping: [mem 0x00000000-0x000fffff]\r\n[    0.000000] init_memory_mapping: [mem 0x1fc00000-0x1fdfffff]\r\n[    0.000000] init_memory_mapping: [mem 0x1c000000-0x1fbfffff]\r\n[    0.000000] init_memory_mapping: [mem 0x00100000-0x1bffffff]\r\n[    0.000000] init_memory_mapping: [mem 0x1fe00000-0x1fffcfff]\r\n[    0.000000] RAMDISK: [mem 0x1f029000-0x1f834fff]\r\n[    0.000000] ACPI: Early table checksum verification disabled\r\n[    0.000000] ACPI: RSDP 0x00000000000FD9F0 000014 (v00 BOCHS )\r\n[    0.000000] ACPI: RSDT 0x000000001FFFD5D0 000034 (v01 BOCHS  BXPCRSDT 00000001 BXPC 00000001)\r\n[    0.000000] ACPI: FACP 0x000000001FFFFE20 000074 (v01 BOCHS  BXPCFACP 00000001 BXPC 00000001)\r\n[    0.000000] ACPI: DSDT 0x000000001FFFD910 0024A2 (v01 BXPC   BXDSDT   00000001 INTL 20090123)\r\n[    0.000000] ACPI: FACS 0x000000001FFFFDC0 000040\r\n[    0.000000] ACPI: SSDT 0x000000001FFFD810 0000FF (v01 BOCHS  BXPCSSDT 00000001 BXPC 00000001)\r\n[    0.000000] ACPI: APIC 0x000000001FFFD720 000080 (v01 BOCHS  BXPCAPIC 00000001 BXPC 00000001)\r\n[    0.000000] ACPI: SSDT 0x000000001FFFD610 00010F (v01 BXPC   BXSSDTPC 00000001 INTL 20090123)\r\n[    0.000000] No NUMA configuration found\r\n[    0.000000] Faking a node at [mem 0x0000000000000000-0x000000001fffcfff]\r\n[    0.000000] Initmem setup node 0 [mem 0x00000000-0x1fffcfff]\r\n[    0.000000]   NODE_DATA [mem 0x1fff8000-0x1fffcfff]\r\n[    0.000000] kvm-clock: Using msrs 4b564d01 and 4b564d00\r\n[    0.000000] kvm-clock: cpu 0, msr 0:1fff4001, primary cpu clock\r\n[    0.000000] Zone ranges:\r\n[    0.000000]   DMA      [mem 0x00001000-0x00ffffff]\r\n[    0.000000]   DMA32    [mem 0x01000000-0xffffffff]\r\n[    0.000000]   Normal   empty\r\n[    0.000000] Movable zone start for each node\r\n[    0.000000] Early memory node ranges\r\n[    0.000000]   node   0: [mem 0x00001000-0x0009afff]\r\n[    0.000000]   node   0: [mem 0x00100000-0x1fffcfff]\r\n[    0.000000] ACPI: PM-Timer IO Port: 0xb008\r\n[    0.000000] ACPI: LAPIC (acpi_id[0x00] lapic_id[0x00] enabled)\r\n[    0.000000] ACPI: LAPIC (acpi_id[0x01] lapic_id[0x01] enabled)\r\n[    0.000000] ACPI: LAPIC_NMI (acpi_id[0xff] dfl dfl lint[0x1])\r\n[    0.000000] ACPI: IOAPIC (id[0x00] address[0xfec00000] gsi_base[0])\r\n[    0.000000] IOAPIC[0]: apic_id 0, version 17, address 0xfec00000, GSI 0-23\r\n[    0.000000] ACPI: INT_SRC_OVR (bus 0 bus_irq 0 global_irq 2 dfl dfl)\r\n[    0.000000] ACPI: INT_SRC_OVR (bus 0 bus_irq 5 global_irq 5 high level)\r\n[    0.000000] ACPI: INT_SRC_OVR (bus 0 bus_irq 9 global_irq 9 high level)\r\n[    0.000000] ACPI: INT_SRC_OVR (bus 0 bus_irq 10 global_irq 10 high level)\r\n[    0.000000] ACPI: INT_SRC_OVR (bus 0 bus_irq 11 global_irq 11 high level)\r\n[    0.000000] Using ACPI (MADT) for SMP configuration information\r\n[    0.000000] smpboot: Allowing 2 CPUs, 0 hotplug CPUs\r\n[    0.000000] PM: Registered nosave memory: [mem 0x0009b000-0x0009bfff]\r\n[    0.000000] PM: Registered nosave memory: [mem 0x0009c000-0x0009ffff]\r\n[    0.000000] PM: Registered nosave memory: [mem 0x000a0000-0x000effff]\r\n[    0.000000] PM: Registered nosave memory: [mem 0x000f0000-0x000fffff]\r\n[    0.000000] e820: [mem 0x20000000-0xfffbbfff] available for PCI devices\r\n[    0.000000] Booting paravirtualized kernel on KVM\r\n[    0.000000] setup_percpu: NR_CPUS:256 nr_cpumask_bits:256 nr_cpu_ids:2 nr_node_ids:1\r\n[    0.000000] PERCPU: Embedded 28 pages/cpu @ffff88001fc00000 s83328 r8192 d23168 u1048576\r\n[    0.000000] kvm-stealtime: cpu 0, msr 1fc0d100\r\n[    0.000000] Built 1 zonelists in Node order, mobility grouping on.  Total pages: 128898\r\n[    0.000000] Policy zone: DMA32\r\n[    0.000000] Kernel command line: BOOT_IMAGE=/boot/vmlinuz-3.16.0-28-generic root=LABEL=cloudimg-rootfs ro console=tty1 console=ttyS0\r\n[    0.000000] PID hash table entries: 2048 (order: 2, 16384 bytes)\r\n[    0.000000] AGP: Checking aperture...\r\n[    0.000000] AGP: No AGP bridge found\r\n[    0.000000] Memory: 490632K/523868K available (7740K kernel code, 1200K rwdata, 3608K rodata, 1356K init, 1308K bss, 33236K reserved)\r\n[    0.000000] SLUB: HWalign=64, Order=0-3, MinObjects=0, CPUs=2, Nodes=1\r\n[    0.000000] Hierarchical RCU implementation.\r\n[    0.000000] \tRCU dyntick-idle grace-period acceleration is enabled.\r\n[    0.000000] \tRCU restricting CPUs from NR_CPUS=256 to nr_cpu_ids=2.\r\n[    0.000000] \tOffload RCU callbacks from all CPUs\r\n[    0.000000] \tOffload RCU callbacks from CPUs: 0-1.\r\n[    0.000000] RCU: Adjusting geometry for rcu_fanout_leaf=16, nr_cpu_ids=2\r\n[    0.000000] NR_IRQS:16640 nr_irqs:512 16\r\n[    0.000000] Console: colour dummy device 80x25\r\n[    0.000000] console [tty1] enabled\r\n[    0.000000] console [ttyS0] enabled\r\n[    0.000000] allocated 2097152 bytes of page_cgroup\r\n[    0.000000] please try 'cgroup_disable=memory' option if you don't want memory cgroups\r\n[    0.000000] tsc: Detected 2393.984 MHz processor\r\n[    0.008000] Calibrating delay loop (skipped) preset value.. 4787.96 BogoMIPS (lpj=9575936)\r\n[    0.008000] pid_max: default: 32768 minimum: 301\r\n[    0.008000] ACPI: Core revision 20140424\r\n[    0.008393] ACPI: All ACPI Tables successfully acquired\r\n[    0.009025] Security Framework initialized\r\n[    0.009475] AppArmor: AppArmor initialized\r\n[    0.009929] Yama: becoming mindful.\r\n[    0.010370] Dentry cache hash table entries: 65536 (order: 7, 524288 bytes)\r\n[    0.011231] Inode-cache hash table entries: 32768 (order: 6, 262144 bytes)\r\n[    0.012034] Mount-cache hash table entries: 1024 (order: 1, 8192 bytes)\r\n[    0.012738] Mountpoint-cache hash table entries: 1024 (order: 1, 8192 bytes)\r\n[    0.013693] Initializing cgroup subsys memory\r\n[    0.014188] Initializing cgroup subsys devices\r\n[    0.014677] Initializing cgroup subsys freezer\r\n[    0.015153] Initializing cgroup subsys net_cls\r\n[    0.015635] Initializing cgroup subsys blkio\r\n[    0.016009] Initializing cgroup subsys perf_event\r\n[    0.016517] Initializing cgroup subsys net_prio\r\n[    0.017008] Initializing cgroup subsys hugetlb\r\n[    0.017563] Disabled fast string operations\r\n[    0.018028] CPU: Physical Processor ID: 0\r\n[    0.018462] CPU: Processor Core ID: 0\r\n[    0.018858] mce: CPU supports 10 MCE banks\r\n[    0.019347] Last level iTLB entries: 4KB 0, 2MB 0, 4MB 0\r\n[    0.019347] Last level dTLB entries: 4KB 0, 2MB 0, 4MB 0, 1GB 0\r\n[    0.019347] tlb_flushall_shift: 6\r\n[    0.020180] Freeing SMP alternatives memory: 32K (ffffffff81e81000 - ffffffff81e89000)\r\n[    0.027338] ftrace: allocating 29302 entries in 115 pages\r\n[    0.045519] ..TIMER: vector=0x30 apic1=0 pin1=2 apic2=-1 pin2=-1\r\n[    0.048002] smpboot: CPU0: Intel QEMU Virtual CPU version (cpu64-rhel6) (fam: 06, model: 0d, stepping: 03)\r\n[    0.052000] Performance Events: Broken PMU hardware detected, using software events only.\r\n[    0.052000] Failed to access perfctr msr (MSR c1 is 0)\r\n[    0.052000] x86: Booting SMP configuration:\r\n[    0.052000] .... node  #0, CPUs:      #1\r\n[    0.052000] kvm-clock: cpu 1, msr 0:1fff4041, secondary cpu clock\r\n[    0.063433] NMI watchdog: disabled (cpu0): hardware events not enabled\r\n[    0.052000] Disabled fast string operations\r\n[    0.066049] x86: Booted up 1 node, 2 CPUs\r\n[    0.066022] kvm-stealtime: cpu 1, msr 1fd0d100\r\n[    0.066921] smpboot: Total of 2 processors activated (9575.93 BogoMIPS)\r\n[    0.068488] devtmpfs: initialized\r\n[    0.070656] evm: security.selinux\r\n[    0.071014] evm: security.SMACK64\r\n[    0.072005] evm: security.SMACK64EXEC\r\n[    0.072400] evm: security.SMACK64TRANSMUTE\r\n[    0.072825] evm: security.SMACK64MMAP\r\n[    0.073207] evm: security.ima\r\n[    0.073525] evm: security.capability\r\n[    0.073939] pinctrl core: initialized pinctrl subsystem\r\n[    0.073939] regulator-dummy: no parameters\r\n[    0.076064] RTC time: 12:47:51, date: 12/19/14\r\n[    0.076579] NET: Registered protocol family 16\r\n[    0.077200] cpuidle: using governor ladder\r\n[    0.077642] cpuidle: using governor menu\r\n[    0.078195] ACPI: bus type PCI registered\r\n[    0.078625] acpiphp: ACPI Hot Plug PCI Controller Driver version: 0.5\r\n[    0.079398] PCI: Using configuration type 1 for base access\r\n[    0.084145] ACPI: Added _OSI(Module Device)\r\n[    0.084565] ACPI: Added _OSI(Processor Device)\r\n[    0.085022] ACPI: Added _OSI(3.0 _SCP Extensions)\r\n[    0.085512] ACPI: Added _OSI(Processor Aggregator Device)\r\n[    0.089215] ACPI: Interpreter enabled\r\n[    0.089618] ACPI Exception: AE_NOT_FOUND, While evaluating Sleep State [\\_S1_] (20140424/hwxface-580)\r\n[    0.090587] ACPI Exception: AE_NOT_FOUND, While evaluating Sleep State [\\_S2_] (20140424/hwxface-580)\r\n[    0.091563] ACPI Exception: AE_NOT_FOUND, While evaluating Sleep State [\\_S3_] (20140424/hwxface-580)\r\n[    0.092245] ACPI Exception: AE_NOT_FOUND, While evaluating Sleep State [\\_S4_] (20140424/hwxface-580)\r\n[    0.093217] ACPI: (supports S0 S5)\r\n[    0.093569] ACPI: Using IOAPIC for interrupt routing\r\n[    0.094090] PCI: Ignoring host bridge windows from ACPI; if necessary, use \"pci=use_crs\" and report a bug\r\n[    0.098589] ACPI: PCI Root Bridge [PCI0] (domain 0000 [bus 00-ff])\r\n[    0.099239] acpi PNP0A03:00: _OSC: OS supports [ASPM ClockPM Segments MSI]\r\n[    0.099953] acpi PNP0A03:00: _OSC failed (AE_NOT_FOUND); disabling ASPM\r\n[    0.100027] acpi PNP0A03:00: fail to add MMCONFIG information, can't access extended PCI configuration space under this bridge.\r\n[    0.101558] acpiphp: Slot [1] registered\r\n[    0.102002] acpiphp: Slot [2] registered\r\n[    0.102439] acpiphp: Slot [3] registered\r\n[    0.102872] acpiphp: Slot [4] registered\r\n[    0.103308] acpiphp: Slot [5] registered\r\n[    0.104022] acpiphp: Slot [6] registered\r\n[    0.104459] acpiphp: Slot [7] registered\r\n[    0.104890] acpiphp: Slot [8] registered\r\n[    0.105330] acpiphp: Slot [9] registered\r\n[    0.105761] acpiphp: Slot [10] registered\r\n[    0.106210] acpiphp: Slot [11] registered\r\n[    0.106652] acpiphp: Slot [12] registered\r\n[    0.107095] acpiphp: Slot [13] registered\r\n[    0.107541] acpiphp: Slot [14] registered\r\n[    0.108022] acpiphp: Slot [15] registered\r\n[    0.108466] acpiphp: Slot [16] registered\r\n[    0.108901] acpiphp: Slot [17] registered\r\n[    0.109343] acpiphp: Slot [18] registered\r\n[    0.109790] acpiphp: Slot [19] registered\r\n[    0.110233] acpiphp: Slot [20] registered\r\n[    0.110667] acpiphp: Slot [21] registered\r\n[    0.111102] acpiphp: Slot [22] registered\r\n[    0.111547] acpiphp: Slot [23] registered\r\n[    0.112022] acpiphp: Slot [24] registered\r\n[    0.112470] acpiphp: Slot [25] registered\r\n[    0.112906] acpiphp: Slot [26] registered\r\n[    0.113350] acpiphp: Slot [27] registered\r\n[    0.113786] acpiphp: Slot [28] registered\r\n[    0.114230] acpiphp: Slot [29] registered\r\n[    0.114664] acpiphp: Slot [30] registered\r\n[    0.115100] acpiphp: Slot [31] registered\r\n[    0.116114] PCI host bridge to bus 0000:00\r\n[    0.116550] pci_bus 0000:00: root bus resource [bus 00-ff]\r\n[    0.117114] pci_bus 0000:00: root bus resource [io  0x0000-0xffff]\r\n[    0.117752] pci_bus 0000:00: root bus resource [mem 0x00000000-0xfffffffff]\r\n[    0.119557] pci 0000:00:01.1: legacy IDE quirk: reg 0x10: [io  0x01f0-0x01f7]\r\n[    0.120003] pci 0000:00:01.1: legacy IDE quirk: reg 0x14: [io  0x03f6]\r\n[    0.120677] pci 0000:00:01.1: legacy IDE quirk: reg 0x18: [io  0x0170-0x0177]\r\n[    0.121406] pci 0000:00:01.1: legacy IDE quirk: reg 0x1c: [io  0x0376]\r\n[    0.122982] pci 0000:00:01.3: quirk: [io  0xb000-0xb03f] claimed by PIIX4 ACPI\r\n[    0.124011] pci 0000:00:01.3: quirk: [io  0xb100-0xb10f] claimed by PIIX4 SMB\r\n[    0.128231] ACPI: PCI Interrupt Link [LNKA] (IRQs 5 *10 11)\r\n[    0.128962] ACPI: PCI Interrupt Link [LNKB] (IRQs 5 *10 11)\r\n[    0.129684] ACPI: PCI Interrupt Link [LNKC] (IRQs 5 10 *11)\r\n[    0.130394] ACPI: PCI Interrupt Link [LNKD] (IRQs 5 10 *11)\r\n[    0.131079] ACPI: PCI Interrupt Link [LNKS] (IRQs *9)\r\n[    0.131940] ACPI: Enabled 16 GPEs in block 00 to 0F\r\n[    0.132076] vgaarb: loaded\r\n[    0.132546] SCSI subsystem initialized\r\n[    0.132997] ACPI: bus type USB registered\r\n[    0.132997] usbcore: registered new interface driver usbfs\r\n[    0.133084] usbcore: registered new interface driver hub\r\n[    0.133654] usbcore: registered new device driver usb\r\n[    0.136075] PCI: Using ACPI for IRQ routing\r\n[    0.136696] NetLabel: Initializing\r\n[    0.137059] NetLabel:  domain hash size = 128\r\n[    0.137519] NetLabel:  protocols = UNLABELED CIPSOv4\r\n[    0.138042] NetLabel:  unlabeled traffic allowed by default\r\n[    0.138645] Switched to clocksource kvm-clock\r\n[    0.142208] AppArmor: AppArmor Filesystem Enabled\r\n[    0.142753] pnp: PnP ACPI init\r\n[    0.143093] ACPI: bus type PNP registered\r\n[    0.144086] pnp: PnP ACPI: found 5 devices\r\n[    0.144529] ACPI: bus type PNP unregistered\r\n[    0.161675] NET: Registered protocol family 2\r\n[    0.162372] TCP established hash table entries: 4096 (order: 3, 32768 bytes)\r\n[    0.163123] TCP bind hash table entries: 4096 (order: 4, 65536 bytes)\r\n[    0.163819] TCP: Hash tables configured (established 4096 bind 4096)\r\n[    0.164519] TCP: reno registered\r\n[    0.164869] UDP hash table entries: 256 (order: 1, 8192 bytes)\r\n[    0.165487] UDP-Lite hash table entries: 256 (order: 1, 8192 bytes)\r\n[    0.166177] NET: Registered protocol family 1\r\n[    0.166654] pci 0000:00:00.0: Limiting direct PCI/PCI transfers\r\n[    0.167270] pci 0000:00:01.0: PIIX3: Enabling Passive Release\r\n[    0.167883] pci 0000:00:01.0: Activating ISA DMA hang workarounds\r\n[    0.168778] ACPI: PCI Interrupt Link [LNKD] enabled at IRQ 11\r\n[    0.169690] Trying to unpack rootfs image as initramfs...\r\n[    0.325317] Freeing initrd memory: 8240K (ffff88001f029000 - ffff88001f835000)\r\n[    0.326406] microcode: CPU0 sig=0x6d3, pf=0x1, revision=0x1\r\n[    0.327042] microcode: CPU1 sig=0x6d3, pf=0x1, revision=0x1\r\n[    0.327802] microcode: Microcode Update Driver: v2.00 <tigran@aivazian.fsnet.co.uk>, Peter Oruba\r\n[    0.328790] Scanning for low memory corruption every 60 seconds\r\n[    0.329738] futex hash table entries: 512 (order: 3, 32768 bytes)\r\n[    0.330400] Initialise system trusted keyring\r\n[    0.330880] audit: initializing netlink subsys (disabled)\r\n[    0.331466] audit: type=2000 audit(1419022072.506:1): initialized\r\n[    0.332519] HugeTLB registered 2 MB page size, pre-allocated 0 pages\r\n[    0.334811] zpool: loaded\r\n[    0.335103] zbud: loaded\r\n[    0.335665] VFS: Disk quotas dquot_6.5.2\r\n[    0.336143] Dquot-cache hash table entries: 512 (order 0, 4096 bytes)\r\n[    0.337463] fuse init (API version 7.23)\r\n[    0.338061] msgmni has been set to 974\r\n[    0.338536] Key type big_key registered\r\n[    0.339916] Key type asymmetric registered\r\n[    0.340396] Asymmetric key parser 'x509' registered\r\n[    0.340956] Block layer SCSI generic (bsg) driver version 0.4 loaded (major 252)\r\n[    0.341837] io scheduler noop registered\r\n[    0.342258] io scheduler deadline registered (default)\r\n[    0.342849] io scheduler cfq registered\r\n[    0.343357] pci_hotplug: PCI Hot Plug PCI Core version: 0.5\r\n[    0.343958] pciehp: PCI Express Hot Plug Controller Driver version: 0.4\r\n[    0.344835] input: Power Button as /devices/LNXSYSTM:00/LNXPWRBN:00/input/input0\r\n[    0.345616] ACPI: Power Button [PWRF]\r\n[    0.346266] GHES: HEST is not enabled!\r\n[    0.347003] ACPI: PCI Interrupt Link [LNKC] enabled at IRQ 10\r\n[    0.348500] ACPI: PCI Interrupt Link [LNKA] enabled at IRQ 10\r\n[    0.349534] ACPI: PCI Interrupt Link [LNKB] enabled at IRQ 11\r\n[    0.350577] Serial: 8250/16550 driver, 32 ports, IRQ sharing enabled\r\n[    0.372535] 00:04: ttyS0 at I/O 0x3f8 (irq = 4, base_baud = 115200) is a 16550A\r\n[    0.377025] Linux agpgart interface v0.103\r\n[    0.379957] brd: module loaded\r\n[    0.381424] loop: module loaded\r\n[    0.397120]  vda: vda1\r\n[    0.413313]  vdb: unknown partition table\r\n[    0.414597] scsi0 : ata_piix\r\n[    0.415094] scsi1 : ata_piix\r\n[    0.415464] ata1: PATA max MWDMA2 cmd 0x1f0 ctl 0x3f6 bmdma 0xc000 irq 14\r\n[    0.416204] ata2: PATA max MWDMA2 cmd 0x170 ctl 0x376 bmdma 0xc008 irq 15\r\n[    0.416999] libphy: Fixed MDIO Bus: probed\r\n[    0.417447] tun: Universal TUN/TAP device driver, 1.6\r\n[    0.417972] tun: (C) 1999-2004 Max Krasnyansky <maxk@qualcomm.com>\r\n[    0.448843] PPP generic driver version 2.4.2\r\n[    0.449503] ehci_hcd: USB 2.0 'Enhanced' Host Controller (EHCI) Driver\r\n[    0.450195] ehci-pci: EHCI PCI platform driver\r\n[    0.450682] ehci-platform: EHCI generic platform driver\r\n[    0.451238] ohci_hcd: USB 1.1 'Open' Host Controller (OHCI) Driver\r\n[    0.451891] ohci-pci: OHCI PCI platform driver\r\n[    0.452412] ohci-platform: OHCI generic platform driver\r\n[    0.452972] uhci_hcd: USB Universal Host Controller Interface driver\r\n[    0.453851] uhci_hcd 0000:00:01.2: UHCI Host Controller\r\n[    0.454410] uhci_hcd 0000:00:01.2: new USB bus registered, assigned bus number 1\r\n[    0.455174] uhci_hcd 0000:00:01.2: detected 2 ports\r\n[    0.455722] uhci_hcd 0000:00:01.2: irq 11, io base 0x0000c020\r\n[    0.456413] usb usb1: New USB device found, idVendor=1d6b, idProduct=0001\r\n[    0.457180] usb usb1: New USB device strings: Mfr=3, Product=2, SerialNumber=1\r\n[    0.457929] usb usb1: Product: UHCI Host Controller\r\n[    0.458463] usb usb1: Manufacturer: Linux 3.16.0-28-generic uhci_hcd\r\n[    0.459137] usb usb1: SerialNumber: 0000:00:01.2\r\n[    0.459985] hub 1-0:1.0: USB hub found\r\n[    0.460442] hub 1-0:1.0: 2 ports detected\r\n[    0.461050] i8042: PNP: PS/2 Controller [PNP0303:KBD,PNP0f13:MOU] at 0x60,0x64 irq 1,12\r\n[    0.462674] serio: i8042 KBD port at 0x60,0x64 irq 1\r\n[    0.463271] serio: i8042 AUX port at 0x60,0x64 irq 12\r\n[    0.463943] mousedev: PS/2 mouse device common for all mice\r\n[    0.464945] input: AT Translated Set 2 keyboard as /devices/platform/i8042/serio0/input/input1\r\n[    0.466010] rtc_cmos 00:00: RTC can wake from S4\r\n[    0.466728] rtc_cmos 00:00: rtc core: registered rtc_cmos as rtc0\r\n[    0.467448] rtc_cmos 00:00: alarms up to one day, 114 bytes nvram\r\n[    0.468352] device-mapper: uevent: version 1.0.3\r\n[    0.468972] device-mapper: ioctl: 4.27.0-ioctl (2013-10-30) initialised: dm-devel@redhat.com\r\n[    0.469917] ledtrig-cpu: registered to indicate activity on CPUs\r\n[    0.470681] TCP: cubic registered\r\n[    0.471173] NET: Registered protocol family 10\r\n[    0.471934] NET: Registered protocol family 17\r\n[    0.472475] Key type dns_resolver registered\r\n[    0.473167] Loading compiled-in X.509 certificates\r\n[    0.474797] Loaded X.509 cert 'Magrathea: Glacier signing key: af30e7f37b41301c96f985f4789da5f4373e9e92'\r\n[    0.475841] registered taskstats version 1\r\n[    0.479009] Key type trusted registered\r\n[    0.482050] Key type encrypted registered\r\n[    0.484912] AppArmor: AppArmor sha1 policy hashing enabled\r\n[    0.485566] ima: No TPM chip found, activating TPM-bypass!\r\n[    0.486173] evm: HMAC attrs: 0x1\r\n[    0.486914]   Magic number: 10:971:784\r\n[    0.487444] rtc_cmos 00:00: setting system clock to 2014-12-19 12:47:51 UTC (1418993271)\r\n[    0.488641] BIOS EDD facility v0.16 2004-Jun-25, 0 devices found\r\n[    0.489310] EDD information not available.\r\n[    0.597950] Freeing unused kernel memory: 1356K (ffffffff81d2e000 - ffffffff81e81000)\r\n[    0.598784] Write protecting the kernel read-only data: 12288k\r\n[    0.600927] Freeing unused kernel memory: 440K (ffff880001792000 - ffff880001800000)\r\n[    0.603131] Freeing unused kernel memory: 488K (ffff880001b86000 - ffff880001c00000)\r\nLoading, please wait...\r\nstarting version 218\r\nNetwork interface NamePolicy= disabled on kernel command line, ignoring.\r\n[    0.618922] random: systemd-udevd urandom read with 2 bits of entropy available\r\n[    0.663670] FDC 0 is a S82078B\r\n[    1.324565] tsc: Refined TSC clocksource calibration: 2393.964 MHz\r\n[    1.683561] input: ImExPS/2 Generic Explorer Mouse as /devices/platform/i8042/serio1/input/input3\r\nBegin: Loading essential drivers ... done.\r\nBegin: Running /scripts/init-premount ... done.\r\nBegin: Mounting root file system ... Begin: Running /scripts/local-top ... done.\r\nBegin: Running /scripts/local-premount ... done.\r\n[    1.791788] EXT4-fs (vda1): mounted filesystem with ordered data mode. Opts: (null)\r\nBegin: Running /scripts/local-bottom ... done.\r\ndone.\r\nBegin: Running /scripts/init-bottom ... done.\r\n[    1.880447] init: plymouth-upstart-bridge main process (195) killed by TERM signal\r\n[    1.911330] EXT4-fs (vda1): re-mounted. Opts: (null)\r\nCloud-init v. 0.7.6 running 'init-local' at Fri, 19 Dec 2014 12:47:53 +0000. Up 2.21 seconds.\r\ncloud-init-nonet[3.36]: static networking is now up\r\nCloud-init v. 0.7.6 running 'init' at Fri, 19 Dec 2014 12:47:54 +0000. Up 3.56 seconds.\r\nci-info: ++++++++++++++++++++++++++Net device info++++++++++++++++++++++++++\r\nci-info: +--------+------+---------------+-------------+-------------------+\r\nci-info: | Device |  Up  |    Address    |     Mask    |     Hw-Address    |\r\nci-info: +--------+------+---------------+-------------+-------------------+\r\nci-info: |   lo   | True |   127.0.0.1   |  255.0.0.0  |         .         |\r\nci-info: |  eth0  | True | 10.111.52.176 | 255.255.0.0 | d0:0d:ac:bf:0b:b8 |\r\nci-info: +--------+------+---------------+-------------+-------------------+\r\nci-info: ++++++++++++++++++++++++++++++Route info++++++++++++++++++++++++++++++\r\nci-info: +-------+-------------+------------+-------------+-----------+-------+\r\nci-info: | Route | Destination |  Gateway   |   Genmask   | Interface | Flags |\r\nci-info: +-------+-------------+------------+-------------+-----------+-------+\r\nci-info: |   0   |   0.0.0.0   | 10.111.0.1 |   0.0.0.0   |    eth0   |   UG  |\r\nci-info: |   1   |  10.111.0.0 |  0.0.0.0   | 255.255.0.0 |    eth0   |   U   |\r\nci-info: +-------+-------------+------------+-------------+-----------+-------+\r\nGenerating public/private rsa key pair.\r\nYour identification has been saved in /etc/ssh/ssh_host_rsa_key.\r\nYour public key has been saved in /etc/ssh/ssh_host_rsa_key.pub.\r\nThe key fingerprint is:\r\n0f:88:4f:e9:60:51:c9:0a:fc:47:68:08:c5:9a:88:10 root@euca-10-111-52-176\r\nThe key's randomart image is:\r\n+---[RSA 2048]----+\r\n|E*.. o..         |\r\n|. = o.+          |\r\n|+o +.o           |\r\n|=   oo.o         |\r\n|    +.+ S        |\r\n|   . =   o       |\r\n|      o   .      |\r\n|                 |\r\n|                 |\r\n+-----------------+\r\nGenerating public/private dsa key pair.\r\nYour identification has been saved in /etc/ssh/ssh_host_dsa_key.\r\nYour public key has been saved in /etc/ssh/ssh_host_dsa_key.pub.\r\nThe key fingerprint is:\r\n4e:0b:72:c8:4f:17:dc:47:78:ba:0a:b8:f0:6e:90:0f root@euca-10-111-52-176\r\nThe key's randomart image is:\r\n+---[DSA 1024]----+\r\n|           ..    |\r\n|       . ....    |\r\n|        o .o.    |\r\n|   . .   ...     |\r\n|   .+.+ S  .     |\r\n|  E .=.= ..      |\r\n|   * ...o.       |\r\n|    =   .        |\r\n|   o.            |\r\n+-----------------+\r\nGenerating public/private ecdsa key pair.\r\nYour identification has been saved in /etc/ssh/ssh_host_ecdsa_key.\r\nYour public key has been saved in /etc/ssh/ssh_host_ecdsa_key.pub.\r\nThe key fingerprint is:\r\n76:52:d2:26:83:16:b8:5a:ad:cb:5e:82:83:5d:75:64 root@euca-10-111-52-176\r\nThe key's randomart image is:\r\n+---[ECDSA 256]---+\r\n|     .. E        |\r\n|    .  = .       |\r\n|     o+ = +      |\r\n|    oo.. *       |\r\n|   o..  S .      |\r\n| o.o.  . o       |\r\n|. +....          |\r\n|   .oo           |\r\n|   ..            |\r\n+-----------------+\r\n[    7.849390] init: Error while reading from descriptor: Broken pipe\r\n^[[74G[ OK ]early crypto disks...       ^[[80G\r\nCloud-init v. 0.7.6 running 'modules:config' at Fri, 19 Dec 2014 12:47:59 +0000. Up 8.12 seconds.\r\n^[[74G[ OK ] resolver state...       ^[[80G\r\nlandscape-client is not configured, please run landscape-config.\r\nopen-vm-tools: not starting as this is not a VMware VM\r\n^[[74G[ OK ]uuid generator uuidd       ^[[80G\r\nGenerating locales...\r\n  en_US.UTF-8... up-to-date\r\nGeneration complete.\r\n\r\nUbuntu Vivid Vervet (development branch) euca-10-111-52-176 ttyS0\r\n\r\neuca-10-111-52-176 login: Cloud-init v. 0.7.6 running 'modules:final' at Fri, 19 Dec 2014 12:48:00 +0000. Up 9.93 seconds.\r\nmodprobe: FATAL: Module aufs not found.\r\n+ sh -c sleep 3; apt-get update\r\nIgn http://one.clouds.archive.ubuntu.com vivid InRelease\r\nIgn http://one.clouds.archive.ubuntu.com vivid-updates InRelease\r\nGet:1 http://one.clouds.archive.ubuntu.com vivid Release.gpg [933 B]\r\nIgn http://security.ubuntu.com vivid-security InRelease\r\nHit http://security.ubuntu.com vivid-security Release.gpg\r\nHit http://one.clouds.archive.ubuntu.com vivid-updates Release.gpg\r\nHit http://security.ubuntu.com vivid-security Release\r\nGet:2 http://one.clouds.archive.ubuntu.com vivid Release [215 kB]\r\nGet:3 http://security.ubuntu.com vivid-security/main Sources [14 B]\r\nGet:4 http://security.ubuntu.com vivid-security/universe Sources [14 B]\r\nHit http://security.ubuntu.com vivid-security/main amd64 Packages\r\nHit http://security.ubuntu.com vivid-security/universe amd64 Packages\r\nHit http://security.ubuntu.com vivid-security/main Translation-en\r\nHit http://one.clouds.archive.ubuntu.com vivid-updates Release\r\nHit http://security.ubuntu.com vivid-security/universe Translation-en\r\nGet:5 http://one.clouds.archive.ubuntu.com vivid/main Sources [1051 kB]\r\nGet:6 http://one.clouds.archive.ubuntu.com vivid/universe Sources [6992 kB]\r\nGet:7 http://one.clouds.archive.ubuntu.com vivid/main amd64 Packages [1361 kB]\r\nGet:8 http://one.clouds.archive.ubuntu.com vivid/universe amd64 Packages [6433 kB]\r\nHit http://one.clouds.archive.ubuntu.com vivid/main Translation-en\r\nHit http://one.clouds.archive.ubuntu.com vivid/universe Translation-en\r\nGet:9 http://one.clouds.archive.ubuntu.com vivid-updates/main Sources [14 B]\r\nGet:10 http://one.clouds.archive.ubuntu.com vivid-updates/universe Sources [14 B]\r\nHit http://one.clouds.archive.ubuntu.com vivid-updates/main amd64 Packages\r\nHit http://one.clouds.archive.ubuntu.com vivid-updates/universe amd64 Packages\r\nHit http://one.clouds.archive.ubuntu.com vivid-updates/main Translation-en\r\nHit http://one.clouds.archive.ubuntu.com vivid-updates/universe Translation-en\r\nFetched 16.1 MB in 48s (332 kB/s)\r\nReading package lists... Done\r\n+ sh -c sleep 3; apt-get install -y -q linux-image-extra-3.16.0-28-generic\r\nReading package lists...\r\nBuilding dependency tree...\r\nReading state information...\r\nThe following extra packages will be installed:\r\n  crda iw libnl-3-200 libnl-genl-3-200 wireless-regdb\r\nThe following NEW packages will be installed:\r\n  crda iw libnl-3-200 libnl-genl-3-200 linux-image-extra-3.16.0-28-generic\r\n  wireless-regdb\r\n0 upgraded, 6 newly installed, 0 to remove and 0 not upgraded.\r\nNeed to get 38.1 MB of archives.\r\nAfter this operation, 158 MB of additional disk space will be used.\r\nGet:1 http://one.clouds.archive.ubuntu.com/ubuntu/ vivid/main libnl-3-200 amd64 3.2.24-2 [47.3 kB]\r\nGet:2 http://one.clouds.archive.ubuntu.com/ubuntu/ vivid/main libnl-genl-3-200 amd64 3.2.24-2 [10.6 kB]\r\nGet:3 http://one.clouds.archive.ubuntu.com/ubuntu/ vivid/main wireless-regdb all 2013.02.13-1ubuntu1 [6456 B]\r\nGet:4 http://one.clouds.archive.ubuntu.com/ubuntu/ vivid/main iw amd64 3.17-1 [63.5 kB]\r\nGet:5 http://one.clouds.archive.ubuntu.com/ubuntu/ vivid/main crda amd64 3.13-1 [60.5 kB]\r\nGet:6 http://one.clouds.archive.ubuntu.com/ubuntu/ vivid/main linux-image-extra-3.16.0-28-generic amd64 3.16.0-28.38 [37.9 MB]\r\nFetched 38.1 MB in 54s (694 kB/s)\r\nE: Can not write log (Is stdout a terminal?) - tcgetattr (25: Inappropriate ioctl for device)\r\nSelecting previously unselected package libnl-3-200:amd64.\r\n(Reading database ... 52694 files and directories currently installed.)\r\nPreparing to unpack .../libnl-3-200_3.2.24-2_amd64.deb ...\r\nUnpacking libnl-3-200:amd64 (3.2.24-2) ...\r\nSelecting previously unselected package libnl-genl-3-200:amd64.\r\nPreparing to unpack .../libnl-genl-3-200_3.2.24-2_amd64.deb ...\r\nUnpacking libnl-genl-3-200:amd64 (3.2.24-2) ...\r\nSelecting previously unselected package wireless-regdb.\r\nPreparing to unpack .../wireless-regdb_2013.02.13-1ubuntu1_all.deb ...\r\nUnpacking wireless-regdb (2013.02.13-1ubuntu1) ...\r\nSelecting previously unselected package iw.\r\nPreparing to unpack .../archives/iw_3.17-1_amd64.deb ...\r\nUnpacking iw (3.17-1) ...\r\nSelecting previously unselected package crda.\r\nPreparing to unpack .../archives/crda_3.13-1_amd64.deb ...\r\nUnpacking crda (3.13-1) ...\r\nSelecting previously unselected package linux-image-extra-3.16.0-28-generic.\r\nPreparing to unpack .../linux-image-extra-3.16.0-28-generic_3.16.0-28.38_amd64.deb ...\r\nUnpacking linux-image-extra-3.16.0-28-generic (3.16.0-28.38) ...\r\nProcessing triggers for man-db (2.7.0.2-4) ...\r\nSetting up libnl-3-200:amd64 (3.2.24-2) ...\r\nSetting up libnl-genl-3-200:amd64 (3.2.24-2) ...\r\nSetting up wireless-regdb (2013.02.13-1ubuntu1) ...\r\nSetting up iw (3.17-1) ...\r\nSetting up crda (3.13-1) ...\r\nSetting up linux-image-extra-3.16.0-28-generic (3.16.0-28.38) ...\r\nrun-parts: executing /etc/kernel/postinst.d/apt-auto-removal 3.16.0-28-generic /boot/vmlinuz-3.16.0-28-generic\r\nrun-parts: executing /etc/kernel/postinst.d/initramfs-tools 3.16.0-28-generic /boot/vmlinuz-3.16.0-28-generic\r\nupdate-initramfs: Generating /boot/initrd.img-3.16.0-28-generic\r\nrun-parts: executing /etc/kernel/postinst.d/update-notifier 3.16.0-28-generic /boot/vmlinuz-3.16.0-28-generic\r\nrun-parts: executing /etc/kernel/postinst.d/zz-update-grub 3.16.0-28-generic /boot/vmlinuz-3.16.0-28-generic\r\nGenerating grub configuration file ...\r\nFound linux image: /boot/vmlinuz-3.16.0-28-generic\r\nFound initrd image: /boot/initrd.img-3.16.0-28-generic\r\ndone\r\nProcessing triggers for libc-bin (2.19-13ubuntu3) ...\r\napparmor is enabled in the kernel and apparmor utils were already installed\r\n/sbin/apparmor_parser\r\n+ [ https://get.docker.com/ = https://get.docker.com/ ]\r\n+ sh -c apt-key adv --keyserver hkp://keyserver.ubuntu.com:80 --recv-keys 36A1D7869245C8950F966E92D8576A8BA88D21E9\r\nExecuting: gpg --ignore-time-conflict --no-options --no-default-keyring --homedir /tmp/tmp.pUyjKFG9SI --no-auto-check-trustdb --trust-model always --keyring /etc/apt/trusted.gpg --primary-keyring /etc/apt/trusted.gpg --keyserver hkp://keyserver.ubuntu.com:80 --recv-keys 36A1D7869245C8950F966E92D8576A8BA88D21E9\r\ngpg: requesting key A88D21E9 from hkp server keyserver.ubuntu.com\r\ngpg: key A88D21E9: public key \"Docker Release Tool (releasedocker) <docker@dotcloud.com>\" imported\r\ngpg: Total number processed: 1\r\ngpg:               imported: 1  (RSA: 1)\r\n+ sh -c echo deb https://get.docker.com/ubuntu docker main > /etc/apt/sources.list.d/docker.list\r\n+ sh -c sleep 3; apt-get update; apt-get install -y -q lxc-docker\r\nIgn http://security.ubuntu.com vivid-security InRelease\r\nHit http://security.ubuntu.com vivid-security Release.gpg\r\nIgn http://one.clouds.archive.ubuntu.com vivid InRelease\r\nIgn http://one.clouds.archive.ubuntu.com vivid-updates InRelease\r\nHit http://security.ubuntu.com vivid-security Release\r\nHit http://one.clouds.archive.ubuntu.com vivid Release.gpg\r\nHit http://one.clouds.archive.ubuntu.com vivid-updates Release.gpg\r\nGet:1 https://get.docker.com docker InRelease\r\nHit http://security.ubuntu.com vivid-security/main Sources\r\nHit http://one.clouds.archive.ubuntu.com vivid Release\r\nHit http://one.clouds.archive.ubuntu.com vivid-updates Release\r\nHit http://security.ubuntu.com vivid-security/universe Sources\r\nHit http://one.clouds.archive.ubuntu.com vivid/main Sources\r\nHit http://one.clouds.archive.ubuntu.com vivid/universe Sources\r\nHit http://security.ubuntu.com vivid-security/main amd64 Packages\r\nHit http://one.clouds.archive.ubuntu.com vivid/main amd64 Packages\r\nIgn https://get.docker.com docker InRelease\r\nHit http://security.ubuntu.com vivid-security/universe amd64 Packages\r\nHit http://one.clouds.archive.ubuntu.com vivid/universe amd64 Packages\r\nHit http://one.clouds.archive.ubuntu.com vivid/main Translation-en\r\nHit http://security.ubuntu.com vivid-security/main Translation-en\r\nHit http://one.clouds.archive.ubuntu.com vivid/universe Translation-en\r\nHit http://one.clouds.archive.ubuntu.com vivid-updates/main Sources\r\nHit http://security.ubuntu.com vivid-security/universe Translation-en\r\nHit http://one.clouds.archive.ubuntu.com vivid-updates/universe Sources\r\nHit http://one.clouds.archive.ubuntu.com vivid-updates/main amd64 Packages\r\nHit http://one.clouds.archive.ubuntu.com vivid-updates/universe amd64 Packages\r\nHit http://one.clouds.archive.ubuntu.com vivid-updates/main Translation-en\r\nHit http://one.clouds.archive.ubuntu.com vivid-updates/universe Translation-en\r\nGet:2 https://get.docker.com docker Release\r\nGet:3 https://get.docker.com docker/main amd64 Packages\r\nGet:4 https://get.docker.com docker/main Translation-en\r\nIgn https://get.docker.com docker/main Translation-en\r\nFetched 7451 B in 9s (807 B/s)\r\nReading package lists... Done\r\nReading package lists...\r\nBuilding dependency tree...\r\nReading state information...\r\nThe following extra packages will be installed:\r\n  aufs-tools cgroupfs-mount lxc-docker-1.4.1\r\nThe following NEW packages will be installed:\r\n  aufs-tools cgroupfs-mount lxc-docker lxc-docker-1.4.1\r\n0 upgraded, 4 newly installed, 0 to remove and 0 not upgraded.\r\nNeed to get 4519 kB of archives.\r\nAfter this operation, 15.1 MB of additional disk space will be used.\r\nGet:1 http://one.clouds.archive.ubuntu.com/ubuntu/ vivid/universe aufs-tools amd64 1:3.2+20130722-1.1 [92.3 kB]\r\nGet:2 http://one.clouds.archive.ubuntu.com/ubuntu/ vivid/universe cgroupfs-mount all 1.1 [4796 B]\r\nGet:3 https://get.docker.com/ubuntu/ docker/main lxc-docker-1.4.1 amd64 1.4.1 [4420 kB]\r\nGet:4 https://get.docker.com/ubuntu/ docker/main lxc-docker amd64 1.4.1 [2090 B]\r\nFetched 4519 kB in 4s (905 kB/s)\r\nE: Can not write log (Is stdout a terminal?) - tcgetattr (25: Inappropriate ioctl for device)\r\nSelecting previously unselected package aufs-tools.\r\n(Reading database ... 56849 files and directories currently installed.)\r\nPreparing to unpack .../aufs-tools_1%3a3.2+20130722-1.1_amd64.deb ...\r\nUnpacking aufs-tools (1:3.2+20130722-1.1) ...\r\nSelecting previously unselected package cgroupfs-mount.\r\nPreparing to unpack .../cgroupfs-mount_1.1_all.deb ...\r\nUnpacking cgroupfs-mount (1.1) ...\r\nSelecting previously unselected package lxc-docker-1.4.1.\r\nPreparing to unpack .../lxc-docker-1.4.1_1.4.1_amd64.deb ...\r\nUnpacking lxc-docker-1.4.1 (1.4.1) ...\r\nSelecting previously unselected package lxc-docker.\r\nPreparing to unpack .../lxc-docker_1.4.1_amd64.deb ...\r\nUnpacking lxc-docker (1.4.1) ...\r\nProcessing triggers for man-db (2.7.0.2-4) ...\r\nProcessing triggers for ureadahead (0.100.0-17) ...\r\nSetting up aufs-tools (1:3.2+20130722-1.1) ...\r\nSetting up cgroupfs-mount (1.1) ...\r\ncgroupfs-mount start/running\r\nSetting up lxc-docker-1.4.1 (1.4.1) ...\r\ndocker start/running, process 11506\r\nSetting up lxc-docker (1.4.1) ...\r\nProcessing triggers for libc-bin (2.19-13ubuntu3) ...\r\nProcessing triggers for ureadahead (0.100.0-17) ...\r\n+ sh -c docker version\r\nClient version: 1.4.1\r\nClient API version: 1.16\r\nGo version (client): go1.3.3\r\nGit commit (client): 5bc2ff8\r\nOS/Arch (client): linux/amd64\r\nServer version: 1.4.1\r\nServer API version: 1.16\r\nGo version (server): go1.3.3\r\nGit commit (server): 5bc2ff8\r\n\r\nIf you would like to use Docker as a non-root user, you should now consider\r\nadding your user to the \"docker\" group with something like:\r\n\r\n  sudo usermod -aG docker your-user\r\n\r\nRemember that you will have to log out and back in for this to take effect!\r\n\r\nci-info: +++++++++++++++++Authorized keys from /home/ubuntu/.ssh/authorized_keys for user ubuntu+++++++++++++++++\r\nci-info: +---------+-------------------------------------------------+---------+--------------------------------+\r\nci-info: | Keytype |                Fingerprint (md5)                | Options |            Comment             |\r\nci-info: +---------+-------------------------------------------------+---------+--------------------------------+\r\nci-info: | ssh-rsa | 6a:e0:46:c1:a5:ee:f9:29:5d:60:c7:50:27:c7:67:2f |    -    | 617513010345@eucalyptus.tessai |\r\nci-info: +---------+-------------------------------------------------+---------+--------------------------------+\r\nec2:\r\nec2: #############################################################\r\nec2: -----BEGIN SSH HOST KEY FINGERPRINTS-----\r\nec2: 1024 4e:0b:72:c8:4f:17:dc:47:78:ba:0a:b8:f0:6e:90:0f /etc/ssh/ssh_host_dsa_key.pub (DSA)\r\nec2: 256 76:52:d2:26:83:16:b8:5a:ad:cb:5e:82:83:5d:75:64 /etc/ssh/ssh_host_ecdsa_key.pub (ECDSA)\r\nec2: 2048 0f:88:4f:e9:60:51:c9:0a:fc:47:68:08:c5:9a:88:10 /etc/ssh/ssh_host_rsa_key.pub (RSA)\r\nec2: -----END SSH HOST KEY FINGERPRINTS-----\r\nec2: #############################################################\r\n-----BEGIN SSH HOST KEY KEYS-----\r\necdsa-sha2-nistp256 AAAAE2VjZHNhLXNoYTItbmlzdHAyNTYAAAAIbmlzdHAyNTYAAABBBKKrLm952zD6vq0EgZdX9wgPkJvl4r9nVRUFriLizdhPHFmXHN3taYdE8SVyG0SfZbMRjDy8jU3Y6VpN8UmNrks= root@euca-10-111-52-176\r\nssh-rsa AAAAB3NzaC1yc2EAAAADAQABAAABAQDaO/jQsSnydvkIwbFfV9huqXDxBUuMZNrVdkKXaDH9QqpD5xrE5DBcnTnexJh9CKpm5R2aG94UiAEvmv8rK1Q7FMI5ZIA/gzeRkz9akkGVL6uoIFNkSs0yioN6SVhJl1N+Ra1yRdNc+F1jfvXtM0Y/wj4Rn3tpJdAPsrOVlJE38OcAj0LpEEHxhVg0tjAOqWvbmT910AX5aZwf31RWYHDpJ7EQS4sOt9YMQwjcxszOQSuO5m+Fn7MFYPHL4As3WeOLouOqoM40cBzHOiH5iEjPAd87GATyGNnly6s8ad+VeleHbHpCLZxb4xYEhyov9LUJ3MsvdWJoWXrFgFlE65Iv root@euca-10-111-52-176\r\n-----END SSH HOST KEY KEYS-----\r\nCloud-init v. 0.7.6 finished at Fri, 19 Dec 2014 20:51:02 +0000. Datasource DataSourceEc2.  Up 190.18 seconds\r\n{code}\r\n\r\n*Pertinent Data*\r\n\r\n* IAM access policy associated to group where the user is a member:\r\n{code}\r\n# euare-grouplistusers -g Testers --region admin-hspencer@group1\r\narn:aws:iam::617513010345:group/Testers\r\n   users\r\n   arn:aws:iam::617513010345:user/tessai\r\n# euare-grouplistpolicies -g Testers -v --region admin-hspencer@group1\r\ncfn-euca10231\r\n{\r\n  \"Statement\": [\r\n    {\r\n      \"Sid\": \"Stmt1419017169361\",\r\n      \"Action\": [\r\n        \"cloudformation:CreateStack\",\r\n        \"cloudformation:DescribeStacks\",\r\n        \"cloudformation:GetTemplate\",\r\n        \"cloudformation:ListStacks\"\r\n      ],\r\n      \"Effect\": \"Allow\",\r\n      \"Resource\": \"*\"\r\n    },\r\n    {\r\n      \"Sid\": \"Stmt1419017345024\",\r\n      \"Action\": [\r\n        \"ec2:AuthorizeSecurityGroupEgress\",\r\n        \"ec2:AuthorizeSecurityGroupIngress\",\r\n        \"ec2:CreateKeyPair\",\r\n        \"ec2:CreateSecurityGroup\",\r\n        \"ec2:DescribeInstances\",\r\n        \"ec2:DescribeKeyPairs\",\r\n        \"ec2:DescribeSecurityGroups\",\r\n        \"ec2:RunInstances\"\r\n      ],\r\n      \"Effect\": \"Allow\",\r\n      \"Resource\": \"*\"\r\n    }\r\n  ]\r\n}\r\n{code}\r\n* EMI used - [Ubuntu Cloud Image 15.04 (Vivid Veret)|http://cloud-images.ubuntu.com/vivid/current/vivid-server-cloudimg-amd64-disk1.img]","customfield_13000":null,"customfield_13200":null,"customfield_11300":null,"customfield_11500":{"self":"https://eucalyptus.atlassian.net/rest/api/2/user?username=ethomas","name":"ethomas","key":"ethomas","accountId":"557058:8f092f9a-0724-44c0-84a3-0220705f856a","avatarUrls":{"48x48":"https://avatar-cdn.atlassian.com/a01d066493c57e5dee4b94dc87395576?s=48&d=https%3A%2F%2Feucalyptus.atlassian.net%2Fsecure%2Fuseravatar%3FavatarId%3D10122%26noRedirect%3Dtrue","24x24":"https://avatar-cdn.atlassian.com/a01d066493c57e5dee4b94dc87395576?s=24&d=https%3A%2F%2Feucalyptus.atlassian.net%2Fsecure%2Fuseravatar%3Fsize%3Dsmall%26avatarId%3D10122%26noRedirect%3Dtrue","16x16":"https://avatar-cdn.atlassian.com/a01d066493c57e5dee4b94dc87395576?s=16&d=https%3A%2F%2Feucalyptus.atlassian.net%2Fsecure%2Fuseravatar%3Fsize%3Dxsmall%26avatarId%3D10122%26noRedirect%3Dtrue","32x32":"https://avatar-cdn.atlassian.com/a01d066493c57e5dee4b94dc87395576?s=32&d=https%3A%2F%2Feucalyptus.atlassian.net%2Fsecure%2Fuseravatar%3Fsize%3Dmedium%26avatarId%3D10122%26noRedirect%3Dtrue"},"displayName":"Evan Thomas","active":false,"timeZone":"America/Los_Angeles"},"timetracking":{},"customfield_10401":null,"customfield_10005":null,"customfield_10600":null,"customfield_12900":null,"attachment":[],"aggregatetimeestimate":null,"summary":"Creating Instance with non-admin user with Cloudformation reports failure, however instance launches successfully","creator":{"self":"https://eucalyptus.atlassian.net/rest/api/2/user?username=hspencer","name":"hspencer","key":"hspencer","accountId":"557058:4a3a93bc-21f8-4658-9f5b-9cb484c910a7","avatarUrls":{"48x48":"https://avatar-cdn.atlassian.com/ea43d7b9d5b27468a749f9bd25650176?s=48&d=https%3A%2F%2Feucalyptus.atlassian.net%2Fsecure%2Fuseravatar%3FownerId%3Dhspencer%26avatarId%3D10407%26noRedirect%3Dtrue","24x24":"https://avatar-cdn.atlassian.com/ea43d7b9d5b27468a749f9bd25650176?s=24&d=https%3A%2F%2Feucalyptus.atlassian.net%2Fsecure%2Fuseravatar%3Fsize%3Dsmall%26ownerId%3Dhspencer%26avatarId%3D10407%26noRedirect%3Dtrue","16x16":"https://avatar-cdn.atlassian.com/ea43d7b9d5b27468a749f9bd25650176?s=16&d=https%3A%2F%2Feucalyptus.atlassian.net%2Fsecure%2Fuseravatar%3Fsize%3Dxsmall%26ownerId%3Dhspencer%26avatarId%3D10407%26noRedirect%3Dtrue","32x32":"https://avatar-cdn.atlassian.com/ea43d7b9d5b27468a749f9bd25650176?s=32&d=https%3A%2F%2Feucalyptus.atlassian.net%2Fsecure%2Fuseravatar%3Fsize%3Dmedium%26ownerId%3Dhspencer%26avatarId%3D10407%26noRedirect%3Dtrue"},"displayName":"Harold Spencer Jr.","active":true,"timeZone":"America/Los_Angeles"},"subtasks":[],"reporter":{"self":"https://eucalyptus.atlassian.net/rest/api/2/user?username=hspencer","name":"hspencer","key":"hspencer","accountId":"557058:4a3a93bc-21f8-4658-9f5b-9cb484c910a7","avatarUrls":{"48x48":"https://avatar-cdn.atlassian.com/ea43d7b9d5b27468a749f9bd25650176?s=48&d=https%3A%2F%2Feucalyptus.atlassian.net%2Fsecure%2Fuseravatar%3FownerId%3Dhspencer%26avatarId%3D10407%26noRedirect%3Dtrue","24x24":"https://avatar-cdn.atlassian.com/ea43d7b9d5b27468a749f9bd25650176?s=24&d=https%3A%2F%2Feucalyptus.atlassian.net%2Fsecure%2Fuseravatar%3Fsize%3Dsmall%26ownerId%3Dhspencer%26avatarId%3D10407%26noRedirect%3Dtrue","16x16":"https://avatar-cdn.atlassian.com/ea43d7b9d5b27468a749f9bd25650176?s=16&d=https%3A%2F%2Feucalyptus.atlassian.net%2Fsecure%2Fuseravatar%3Fsize%3Dxsmall%26ownerId%3Dhspencer%26avatarId%3D10407%26noRedirect%3Dtrue","32x32":"https://avatar-cdn.atlassian.com/ea43d7b9d5b27468a749f9bd25650176?s=32&d=https%3A%2F%2Feucalyptus.atlassian.net%2Fsecure%2Fuseravatar%3Fsize%3Dmedium%26ownerId%3Dhspencer%26avatarId%3D10407%26noRedirect%3Dtrue"},"displayName":"Harold Spencer Jr.","active":true,"timeZone":"America/Los_Angeles"},"customfield_12100":"0|i030nj:","aggregateprogress":{"progress":0,"total":0},"customfield_10000":"3_*:*_1_*:*_101785_*|*_10000_*:*_1_*:*_1732372232_*|*_10001_*:*_1_*:*_119009363_*|*_10003_*:*_1_*:*_577751226_*|*_10006_*:*_1_*:*_0","customfield_10001":"2014-12-23T19:05:13.663-0600","customfield_10200":null,"customfield_10002":null,"customfield_10003":null,"customfield_10400":null,"customfield_12500":null,"customfield_11600":["ethomas(ethomas)","hspencer(hspencer)","mmunn1(mmunn1)","sjones(sjones)"],"customfield_10116":null,"environment":"* [Group 1 4.1 Verification Cloud|https://eucalyptus.atlassian.net/wiki/display/QA/Euca+4.1+Quality+Dashboard#Euca4.1QualityDashboard-TypeofDeployments]","customfield_10117":null,"customfield_11800":null,"customfield_11802":null,"duedate":null,"customfield_11805":null,"customfield_11806":null,"progress":{"progress":0,"total":0},"votes":{"self":"https://eucalyptus.atlassian.net/rest/api/2/issue/EUCA-10258/votes","votes":0,"hasVoted":false},"comment":{"comments":[{"self":"https://eucalyptus.atlassian.net/rest/api/2/issue/33954/comment/80763","id":"80763","author":{"self":"https://eucalyptus.atlassian.net/rest/api/2/user?username=hspencer","name":"hspencer","key":"hspencer","accountId":"557058:4a3a93bc-21f8-4658-9f5b-9cb484c910a7","avatarUrls":{"48x48":"https://avatar-cdn.atlassian.com/ea43d7b9d5b27468a749f9bd25650176?s=48&d=https%3A%2F%2Feucalyptus.atlassian.net%2Fsecure%2Fuseravatar%3FownerId%3Dhspencer%26avatarId%3D10407%26noRedirect%3Dtrue","24x24":"https://avatar-cdn.atlassian.com/ea43d7b9d5b27468a749f9bd25650176?s=24&d=https%3A%2F%2Feucalyptus.atlassian.net%2Fsecure%2Fuseravatar%3Fsize%3Dsmall%26ownerId%3Dhspencer%26avatarId%3D10407%26noRedirect%3Dtrue","16x16":"https://avatar-cdn.atlassian.com/ea43d7b9d5b27468a749f9bd25650176?s=16&d=https%3A%2F%2Feucalyptus.atlassian.net%2Fsecure%2Fuseravatar%3Fsize%3Dxsmall%26ownerId%3Dhspencer%26avatarId%3D10407%26noRedirect%3Dtrue","32x32":"https://avatar-cdn.atlassian.com/ea43d7b9d5b27468a749f9bd25650176?s=32&d=https%3A%2F%2Feucalyptus.atlassian.net%2Fsecure%2Fuseravatar%3Fsize%3Dmedium%26ownerId%3Dhspencer%26avatarId%3D10407%26noRedirect%3Dtrue"},"displayName":"Harold Spencer Jr.","active":true,"timeZone":"America/Los_Angeles"},"body":"Cloudformation template used with VPC cloud:\r\n{code}\r\n{\r\n\r\n    \"AWSTemplateFormatVersion\" : \"2010-09-09\",\r\n\r\n    \"Description\" : \"Cloudformation Example => Run instance with userdata in security group\",\r\n\r\n    \"Parameters\": {\r\n        \"UbuntuImageId\": {\r\n            \"Description\":\"Ubuntu Image id\",\r\n            \"Type\":\"String\",\r\n            \"NoEcho\":\"False\"\r\n        },\r\n\r\n        \"UserKeyPair\": {\r\n            \"Description\":\"User Key Pair\",\r\n            \"Type\":\"String\",\r\n            \"NoEcho\":\"False\"\r\n        }\r\n    },\r\n\r\n    \"Resources\" : {\r\n        \"DockerInstance\": {\r\n            \"Type\": \"AWS::EC2::Instance\",\r\n                \"Properties\": {\r\n                    \"ImageId\" : { \"Ref\":\"UbuntuImageId\" },\r\n                    \"InstanceType\" : \"m1.large\",\r\n                    \"UserData\" : { \"Fn::Base64\" : \"#include https://get.docker.io\" },\r\n                    \"KeyName\" : { \"Ref\" : \"UserKeyPair\" }\r\n            }\r\n        }\r\n    },\r\n\r\n    \"Outputs\" : {\r\n        \"InstanceId\" : {\r\n            \"Description\" : \"InstanceId of the newly created EC2 instance\",\r\n            \"Value\" : { \"Ref\" : \"DockerInstance\" }\r\n        },\r\n        \"AZ\" : {\r\n            \"Description\" : \"Availability Zone of the newly created EC2 instance\",\r\n            \"Value\" : { \"Fn::GetAtt\" : [ \"DockerInstance\", \"AvailabilityZone\" ] }\r\n        }\r\n    }\r\n}\r\n{code}","updateAuthor":{"self":"https://eucalyptus.atlassian.net/rest/api/2/user?username=hspencer","name":"hspencer","key":"hspencer","accountId":"557058:4a3a93bc-21f8-4658-9f5b-9cb484c910a7","avatarUrls":{"48x48":"https://avatar-cdn.atlassian.com/ea43d7b9d5b27468a749f9bd25650176?s=48&d=https%3A%2F%2Feucalyptus.atlassian.net%2Fsecure%2Fuseravatar%3FownerId%3Dhspencer%26avatarId%3D10407%26noRedirect%3Dtrue","24x24":"https://avatar-cdn.atlassian.com/ea43d7b9d5b27468a749f9bd25650176?s=24&d=https%3A%2F%2Feucalyptus.atlassian.net%2Fsecure%2Fuseravatar%3Fsize%3Dsmall%26ownerId%3Dhspencer%26avatarId%3D10407%26noRedirect%3Dtrue","16x16":"https://avatar-cdn.atlassian.com/ea43d7b9d5b27468a749f9bd25650176?s=16&d=https%3A%2F%2Feucalyptus.atlassian.net%2Fsecure%2Fuseravatar%3Fsize%3Dxsmall%26ownerId%3Dhspencer%26avatarId%3D10407%26noRedirect%3Dtrue","32x32":"https://avatar-cdn.atlassian.com/ea43d7b9d5b27468a749f9bd25650176?s=32&d=https%3A%2F%2Feucalyptus.atlassian.net%2Fsecure%2Fuseravatar%3Fsize%3Dmedium%26ownerId%3Dhspencer%26avatarId%3D10407%26noRedirect%3Dtrue"},"displayName":"Harold Spencer Jr.","active":true,"timeZone":"America/Los_Angeles"},"created":"2014-12-19T16:29:20.243-0600","updated":"2014-12-19T16:29:20.243-0600"},{"self":"https://eucalyptus.atlassian.net/rest/api/2/issue/33954/comment/80984","id":"80984","author":{"self":"https://eucalyptus.atlassian.net/rest/api/2/user?username=sjones","name":"sjones","key":"sjones","accountId":"557058:f5dce1b0-db45-4dd6-a0e8-3cea5effb5ce","avatarUrls":{"48x48":"https://avatar-cdn.atlassian.com/037fddf6d3bf6d691a448e01136f233a?s=48&d=https%3A%2F%2Feucalyptus.atlassian.net%2Fsecure%2Fuseravatar%3FownerId%3Dsjones%26avatarId%3D18300%26noRedirect%3Dtrue","24x24":"https://avatar-cdn.atlassian.com/037fddf6d3bf6d691a448e01136f233a?s=24&d=https%3A%2F%2Feucalyptus.atlassian.net%2Fsecure%2Fuseravatar%3Fsize%3Dsmall%26ownerId%3Dsjones%26avatarId%3D18300%26noRedirect%3Dtrue","16x16":"https://avatar-cdn.atlassian.com/037fddf6d3bf6d691a448e01136f233a?s=16&d=https%3A%2F%2Feucalyptus.atlassian.net%2Fsecure%2Fuseravatar%3Fsize%3Dxsmall%26ownerId%3Dsjones%26avatarId%3D18300%26noRedirect%3Dtrue","32x32":"https://avatar-cdn.atlassian.com/037fddf6d3bf6d691a448e01136f233a?s=32&d=https%3A%2F%2Feucalyptus.atlassian.net%2Fsecure%2Fuseravatar%3Fsize%3Dmedium%26ownerId%3Dsjones%26avatarId%3D18300%26noRedirect%3Dtrue"},"displayName":"Steve Jones","active":true,"timeZone":"America/Los_Angeles"},"body":"[~hspencer], please try adding permission for the user to create tags (ec2:CreateTags)","updateAuthor":{"self":"https://eucalyptus.atlassian.net/rest/api/2/user?username=sjones","name":"sjones","key":"sjones","accountId":"557058:f5dce1b0-db45-4dd6-a0e8-3cea5effb5ce","avatarUrls":{"48x48":"https://avatar-cdn.atlassian.com/037fddf6d3bf6d691a448e01136f233a?s=48&d=https%3A%2F%2Feucalyptus.atlassian.net%2Fsecure%2Fuseravatar%3FownerId%3Dsjones%26avatarId%3D18300%26noRedirect%3Dtrue","24x24":"https://avatar-cdn.atlassian.com/037fddf6d3bf6d691a448e01136f233a?s=24&d=https%3A%2F%2Feucalyptus.atlassian.net%2Fsecure%2Fuseravatar%3Fsize%3Dsmall%26ownerId%3Dsjones%26avatarId%3D18300%26noRedirect%3Dtrue","16x16":"https://avatar-cdn.atlassian.com/037fddf6d3bf6d691a448e01136f233a?s=16&d=https%3A%2F%2Feucalyptus.atlassian.net%2Fsecure%2Fuseravatar%3Fsize%3Dxsmall%26ownerId%3Dsjones%26avatarId%3D18300%26noRedirect%3Dtrue","32x32":"https://avatar-cdn.atlassian.com/037fddf6d3bf6d691a448e01136f233a?s=32&d=https%3A%2F%2Feucalyptus.atlassian.net%2Fsecure%2Fuseravatar%3Fsize%3Dmedium%26ownerId%3Dsjones%26avatarId%3D18300%26noRedirect%3Dtrue"},"displayName":"Steve Jones","active":true,"timeZone":"America/Los_Angeles"},"created":"2014-12-23T19:05:13.663-0600","updated":"2014-12-23T19:05:13.663-0600"},{"self":"https://eucalyptus.atlassian.net/rest/api/2/issue/33954/comment/80989","id":"80989","author":{"self":"https://eucalyptus.atlassian.net/rest/api/2/user?username=hspencer","name":"hspencer","key":"hspencer","accountId":"557058:4a3a93bc-21f8-4658-9f5b-9cb484c910a7","avatarUrls":{"48x48":"https://avatar-cdn.atlassian.com/ea43d7b9d5b27468a749f9bd25650176?s=48&d=https%3A%2F%2Feucalyptus.atlassian.net%2Fsecure%2Fuseravatar%3FownerId%3Dhspencer%26avatarId%3D10407%26noRedirect%3Dtrue","24x24":"https://avatar-cdn.atlassian.com/ea43d7b9d5b27468a749f9bd25650176?s=24&d=https%3A%2F%2Feucalyptus.atlassian.net%2Fsecure%2Fuseravatar%3Fsize%3Dsmall%26ownerId%3Dhspencer%26avatarId%3D10407%26noRedirect%3Dtrue","16x16":"https://avatar-cdn.atlassian.com/ea43d7b9d5b27468a749f9bd25650176?s=16&d=https%3A%2F%2Feucalyptus.atlassian.net%2Fsecure%2Fuseravatar%3Fsize%3Dxsmall%26ownerId%3Dhspencer%26avatarId%3D10407%26noRedirect%3Dtrue","32x32":"https://avatar-cdn.atlassian.com/ea43d7b9d5b27468a749f9bd25650176?s=32&d=https%3A%2F%2Feucalyptus.atlassian.net%2Fsecure%2Fuseravatar%3Fsize%3Dmedium%26ownerId%3Dhspencer%26avatarId%3D10407%26noRedirect%3Dtrue"},"displayName":"Harold Spencer Jr.","active":true,"timeZone":"America/Los_Angeles"},"body":"[~sjones],\r\n\r\nYep, works just fine.  Looks like its a similar issue seen in EUCA-10257 where 'ec2:CreateTags' needs to be added when tagging resources isn't being used in the cloudformation template.","updateAuthor":{"self":"https://eucalyptus.atlassian.net/rest/api/2/user?username=hspencer","name":"hspencer","key":"hspencer","accountId":"557058:4a3a93bc-21f8-4658-9f5b-9cb484c910a7","avatarUrls":{"48x48":"https://avatar-cdn.atlassian.com/ea43d7b9d5b27468a749f9bd25650176?s=48&d=https%3A%2F%2Feucalyptus.atlassian.net%2Fsecure%2Fuseravatar%3FownerId%3Dhspencer%26avatarId%3D10407%26noRedirect%3Dtrue","24x24":"https://avatar-cdn.atlassian.com/ea43d7b9d5b27468a749f9bd25650176?s=24&d=https%3A%2F%2Feucalyptus.atlassian.net%2Fsecure%2Fuseravatar%3Fsize%3Dsmall%26ownerId%3Dhspencer%26avatarId%3D10407%26noRedirect%3Dtrue","16x16":"https://avatar-cdn.atlassian.com/ea43d7b9d5b27468a749f9bd25650176?s=16&d=https%3A%2F%2Feucalyptus.atlassian.net%2Fsecure%2Fuseravatar%3Fsize%3Dxsmall%26ownerId%3Dhspencer%26avatarId%3D10407%26noRedirect%3Dtrue","32x32":"https://avatar-cdn.atlassian.com/ea43d7b9d5b27468a749f9bd25650176?s=32&d=https%3A%2F%2Feucalyptus.atlassian.net%2Fsecure%2Fuseravatar%3Fsize%3Dmedium%26ownerId%3Dhspencer%26avatarId%3D10407%26noRedirect%3Dtrue"},"displayName":"Harold Spencer Jr.","active":true,"timeZone":"America/Los_Angeles"},"created":"2014-12-24T11:32:28.731-0600","updated":"2014-12-24T11:32:28.731-0600"},{"self":"https://eucalyptus.atlassian.net/rest/api/2/issue/33954/comment/81535","id":"81535","author":{"self":"https://eucalyptus.atlassian.net/rest/api/2/user?username=ethomas","name":"ethomas","key":"ethomas","accountId":"557058:8f092f9a-0724-44c0-84a3-0220705f856a","avatarUrls":{"48x48":"https://avatar-cdn.atlassian.com/a01d066493c57e5dee4b94dc87395576?s=48&d=https%3A%2F%2Feucalyptus.atlassian.net%2Fsecure%2Fuseravatar%3FavatarId%3D10122%26noRedirect%3Dtrue","24x24":"https://avatar-cdn.atlassian.com/a01d066493c57e5dee4b94dc87395576?s=24&d=https%3A%2F%2Feucalyptus.atlassian.net%2Fsecure%2Fuseravatar%3Fsize%3Dsmall%26avatarId%3D10122%26noRedirect%3Dtrue","16x16":"https://avatar-cdn.atlassian.com/a01d066493c57e5dee4b94dc87395576?s=16&d=https%3A%2F%2Feucalyptus.atlassian.net%2Fsecure%2Fuseravatar%3Fsize%3Dxsmall%26avatarId%3D10122%26noRedirect%3Dtrue","32x32":"https://avatar-cdn.atlassian.com/a01d066493c57e5dee4b94dc87395576?s=32&d=https%3A%2F%2Feucalyptus.atlassian.net%2Fsecure%2Fuseravatar%3Fsize%3Dmedium%26avatarId%3D10122%26noRedirect%3Dtrue"},"displayName":"Evan Thomas","active":false,"timeZone":"America/Los_Angeles"},"body":"This failed due to tagging failing after the instance was launched.  User does not have permission to create tags.  The fix allows the non-admin user to run create instance with EC2:RunInstances and EC2:DescribeInstances.  EC2:CreateTags is only necessary if --tag is used in the create-stack call, or there are \"Tag\" properties in the instance definition.","updateAuthor":{"self":"https://eucalyptus.atlassian.net/rest/api/2/user?username=ethomas","name":"ethomas","key":"ethomas","accountId":"557058:8f092f9a-0724-44c0-84a3-0220705f856a","avatarUrls":{"48x48":"https://avatar-cdn.atlassian.com/a01d066493c57e5dee4b94dc87395576?s=48&d=https%3A%2F%2Feucalyptus.atlassian.net%2Fsecure%2Fuseravatar%3FavatarId%3D10122%26noRedirect%3Dtrue","24x24":"https://avatar-cdn.atlassian.com/a01d066493c57e5dee4b94dc87395576?s=24&d=https%3A%2F%2Feucalyptus.atlassian.net%2Fsecure%2Fuseravatar%3Fsize%3Dsmall%26avatarId%3D10122%26noRedirect%3Dtrue","16x16":"https://avatar-cdn.atlassian.com/a01d066493c57e5dee4b94dc87395576?s=16&d=https%3A%2F%2Feucalyptus.atlassian.net%2Fsecure%2Fuseravatar%3Fsize%3Dxsmall%26avatarId%3D10122%26noRedirect%3Dtrue","32x32":"https://avatar-cdn.atlassian.com/a01d066493c57e5dee4b94dc87395576?s=32&d=https%3A%2F%2Feucalyptus.atlassian.net%2Fsecure%2Fuseravatar%3Fsize%3Dmedium%26avatarId%3D10122%26noRedirect%3Dtrue"},"displayName":"Evan Thomas","active":false,"timeZone":"America/Los_Angeles"},"created":"2015-01-10T01:49:24.439-0600","updated":"2015-01-10T01:49:24.439-0600"},{"self":"https://eucalyptus.atlassian.net/rest/api/2/issue/33954/comment/82083","id":"82083","author":{"self":"https://eucalyptus.atlassian.net/rest/api/2/user?username=mmunn1","name":"mmunn1","key":"mmunn1","accountId":"557058:6e62b7e8-e48f-469d-ac54-e9449dec5cd9","avatarUrls":{"48x48":"https://avatar-cdn.atlassian.com/6638eee119e9c0bdcca16883c5415349?s=48&d=https%3A%2F%2Feucalyptus.atlassian.net%2Fsecure%2Fuseravatar%3FownerId%3Dmmunn1%26avatarId%3D11300%26noRedirect%3Dtrue","24x24":"https://avatar-cdn.atlassian.com/6638eee119e9c0bdcca16883c5415349?s=24&d=https%3A%2F%2Feucalyptus.atlassian.net%2Fsecure%2Fuseravatar%3Fsize%3Dsmall%26ownerId%3Dmmunn1%26avatarId%3D11300%26noRedirect%3Dtrue","16x16":"https://avatar-cdn.atlassian.com/6638eee119e9c0bdcca16883c5415349?s=16&d=https%3A%2F%2Feucalyptus.atlassian.net%2Fsecure%2Fuseravatar%3Fsize%3Dxsmall%26ownerId%3Dmmunn1%26avatarId%3D11300%26noRedirect%3Dtrue","32x32":"https://avatar-cdn.atlassian.com/6638eee119e9c0bdcca16883c5415349?s=32&d=https%3A%2F%2Feucalyptus.atlassian.net%2Fsecure%2Fuseravatar%3Fsize%3Dmedium%26ownerId%3Dmmunn1%26avatarId%3D11300%26noRedirect%3Dtrue"},"displayName":"Michael Munn","active":true,"timeZone":"America/Los_Angeles"},"body":"I am able to start an instance with a non-admin user and no EC2:CreateTags permission defined in the user policy \r\n{code}\r\n[b-16:~/mike]euform-create-stack -p KeyName=mike -p ImageId=emi-af2ec552 --template-file  instance.json t1\r\narn:aws:cloudformation::408908251600:stack/t1/8ac73dc9-dd26-46f5-b10d-2ffd38b8207e\r\n[b-16:~/mike]euform-describe-stacks\r\nSTACK\tt1\tCREATE_IN_PROGRESS\tUser Initiated\t\t\t2015-01-17T00:12:39.797Z\r\n[b-16:~/mike]euform-describe-stacks\r\nSTACK\tt1\tCREATE_COMPLETE\tComplete!\t\t\t2015-01-17T00:12:39.797Z\r\n{code}","updateAuthor":{"self":"https://eucalyptus.atlassian.net/rest/api/2/user?username=mmunn1","name":"mmunn1","key":"mmunn1","accountId":"557058:6e62b7e8-e48f-469d-ac54-e9449dec5cd9","avatarUrls":{"48x48":"https://avatar-cdn.atlassian.com/6638eee119e9c0bdcca16883c5415349?s=48&d=https%3A%2F%2Feucalyptus.atlassian.net%2Fsecure%2Fuseravatar%3FownerId%3Dmmunn1%26avatarId%3D11300%26noRedirect%3Dtrue","24x24":"https://avatar-cdn.atlassian.com/6638eee119e9c0bdcca16883c5415349?s=24&d=https%3A%2F%2Feucalyptus.atlassian.net%2Fsecure%2Fuseravatar%3Fsize%3Dsmall%26ownerId%3Dmmunn1%26avatarId%3D11300%26noRedirect%3Dtrue","16x16":"https://avatar-cdn.atlassian.com/6638eee119e9c0bdcca16883c5415349?s=16&d=https%3A%2F%2Feucalyptus.atlassian.net%2Fsecure%2Fuseravatar%3Fsize%3Dxsmall%26ownerId%3Dmmunn1%26avatarId%3D11300%26noRedirect%3Dtrue","32x32":"https://avatar-cdn.atlassian.com/6638eee119e9c0bdcca16883c5415349?s=32&d=https%3A%2F%2Feucalyptus.atlassian.net%2Fsecure%2Fuseravatar%3Fsize%3Dmedium%26ownerId%3Dmmunn1%26avatarId%3D11300%26noRedirect%3Dtrue"},"displayName":"Michael Munn","active":true,"timeZone":"America/Los_Angeles"},"created":"2015-01-16T18:18:35.666-0600","updated":"2015-01-16T18:18:35.666-0600"}],"maxResults":5,"total":5,"startAt":0},"customfield_11808":null,"worklog":{"startAt":0,"maxResults":20,"total":0,"worklogs":[]}}}