Apr  1 10:56:54 euca-clc-sec kernel: imklog 4.6.2, log source = /proc/kmsg started.
Apr  1 10:56:54 euca-clc-sec rsyslogd: [origin software="rsyslogd" swVersion="4.6.2" x-pid="1375" x-info="http://www.rsyslog.com"] (re)start
Apr  1 10:56:54 euca-clc-sec kernel: Initializing cgroup subsys cpuset
Apr  1 10:56:54 euca-clc-sec kernel: Initializing cgroup subsys cpu
Apr  1 10:56:54 euca-clc-sec kernel: Linux version 2.6.32-220.el6.x86_64 (mockbuild@c6b18n3.bsys.dev.centos.org) (gcc version 4.4.6 20110731 (Red Hat 4.4.6-3) (GCC) ) #1 SMP Tue Dec 6 19:48:22 GMT 2011
Apr  1 10:56:54 euca-clc-sec kernel: Command line: ro root=/dev/mapper/VolGroup-lv_root rd_NO_LUKS LANG=en_US.UTF-8 rd_NO_MD rd_LVM_LV=VolGroup/lv_swap SYSFONT=latarcyrheb-sun16 rhgb crashkernel=auto quiet rd_LVM_LV=VolGroup/lv_root  KEYBOARDTYPE=pc KEYTABLE=us rd_NO_DM
Apr  1 10:56:54 euca-clc-sec kernel: KERNEL supported cpus:
Apr  1 10:56:54 euca-clc-sec kernel:  Intel GenuineIntel
Apr  1 10:56:54 euca-clc-sec kernel:  AMD AuthenticAMD
Apr  1 10:56:54 euca-clc-sec kernel:  Centaur CentaurHauls
Apr  1 10:56:54 euca-clc-sec kernel: Disabled fast string operations
Apr  1 10:56:54 euca-clc-sec kernel: BIOS-provided physical RAM map:
Apr  1 10:56:54 euca-clc-sec kernel: BIOS-e820: 0000000000000000 - 000000000009f800 (usable)
Apr  1 10:56:54 euca-clc-sec kernel: BIOS-e820: 000000000009f800 - 00000000000a0000 (reserved)
Apr  1 10:56:54 euca-clc-sec kernel: BIOS-e820: 00000000000ca000 - 00000000000cc000 (reserved)
Apr  1 10:56:54 euca-clc-sec kernel: BIOS-e820: 00000000000dc000 - 0000000000100000 (reserved)
Apr  1 10:56:54 euca-clc-sec kernel: BIOS-e820: 0000000000100000 - 00000000bfef0000 (usable)
Apr  1 10:56:54 euca-clc-sec kernel: BIOS-e820: 00000000bfef0000 - 00000000bfeff000 (ACPI data)
Apr  1 10:56:54 euca-clc-sec kernel: BIOS-e820: 00000000bfeff000 - 00000000bff00000 (ACPI NVS)
Apr  1 10:56:54 euca-clc-sec kernel: BIOS-e820: 00000000bff00000 - 00000000c0000000 (usable)
Apr  1 10:56:54 euca-clc-sec kernel: BIOS-e820: 00000000e0000000 - 00000000f0000000 (reserved)
Apr  1 10:56:54 euca-clc-sec kernel: BIOS-e820: 00000000fec00000 - 00000000fec10000 (reserved)
Apr  1 10:56:54 euca-clc-sec kernel: BIOS-e820: 00000000fee00000 - 00000000fee01000 (reserved)
Apr  1 10:56:54 euca-clc-sec kernel: BIOS-e820: 00000000fffe0000 - 0000000100000000 (reserved)
Apr  1 10:56:54 euca-clc-sec kernel: BIOS-e820: 0000000100000000 - 0000000140000000 (usable)
Apr  1 10:56:54 euca-clc-sec kernel: DMI present.
Apr  1 10:56:54 euca-clc-sec kernel: SMBIOS version 2.4 @ 0xF68F0
Apr  1 10:56:54 euca-clc-sec kernel: Phoenix BIOS detected: BIOS may corrupt low RAM, working around it.
Apr  1 10:56:54 euca-clc-sec kernel: last_pfn = 0x140000 max_arch_pfn = 0x400000000
Apr  1 10:56:54 euca-clc-sec kernel: x86 PAT enabled: cpu 0, old 0x0, new 0x7010600070106
Apr  1 10:56:54 euca-clc-sec kernel: total RAM covered: 4096M
Apr  1 10:56:54 euca-clc-sec kernel: Found optimal setting for mtrr clean up
Apr  1 10:56:54 euca-clc-sec kernel: gran_size: 64K 	chunk_size: 64K 	num_reg: 3  	lose cover RAM: 0G
Apr  1 10:56:54 euca-clc-sec kernel: x86 PAT enabled: cpu 0, old 0x0, new 0x7010600070106
Apr  1 10:56:54 euca-clc-sec kernel: last_pfn = 0xc0000 max_arch_pfn = 0x400000000
Apr  1 10:56:54 euca-clc-sec kernel: init_memory_mapping: 0000000000000000-00000000c0000000
Apr  1 10:56:54 euca-clc-sec kernel: init_memory_mapping: 0000000100000000-0000000140000000
Apr  1 10:56:54 euca-clc-sec kernel: RAMDISK: 37096000 - 37fef549
Apr  1 10:56:54 euca-clc-sec kernel: ACPI: RSDP 00000000000f6940 00024 (v02 PTLTD )
Apr  1 10:56:54 euca-clc-sec kernel: ACPI: XSDT 00000000bfef0394 00054 (v01 INTEL  440BX    06040000 VMW  01324272)
Apr  1 10:56:54 euca-clc-sec kernel: ACPI: FACP 00000000bfefee98 000F4 (v04 INTEL  440BX    06040000 PTL  000F4240)
Apr  1 10:56:54 euca-clc-sec kernel: ACPI: DSDT 00000000bfef05c8 0E8D0 (v01 PTLTD  Custom   06040000 MSFT 03000001)
Apr  1 10:56:54 euca-clc-sec kernel: ACPI: FACS 00000000bfefffc0 00040
Apr  1 10:56:54 euca-clc-sec kernel: ACPI: BOOT 00000000bfef05a0 00028 (v01 PTLTD  $SBFTBL$ 06040000  LTP 00000001)
Apr  1 10:56:54 euca-clc-sec kernel: ACPI: APIC 00000000bfef0550 00050 (v01 PTLTD  ? APIC   06040000  LTP 00000000)
Apr  1 10:56:54 euca-clc-sec kernel: ACPI: MCFG 00000000bfef0514 0003C (v01 PTLTD  $PCITBL$ 06040000  LTP 00000001)
Apr  1 10:56:54 euca-clc-sec kernel: ACPI: SRAT 00000000bfef045c 000B8 (v02 VMWARE MEMPLUG  06040000 VMW  00000001)
Apr  1 10:56:54 euca-clc-sec kernel: ACPI: HPET 00000000bfef0424 00038 (v01 VMWARE VMW HPET 06040000 WMV  00000001)
Apr  1 10:56:54 euca-clc-sec kernel: SRAT: PXM 0 -> APIC 0 -> Node 0
Apr  1 10:56:54 euca-clc-sec kernel: SRAT: Node 0 PXM 0 0-a0000
Apr  1 10:56:54 euca-clc-sec kernel: SRAT: Node 0 PXM 0 100000-c0000000
Apr  1 10:56:54 euca-clc-sec kernel: SRAT: Node 0 PXM 0 100000000-140000000
Apr  1 10:56:54 euca-clc-sec kernel: Bootmem setup node 0 0000000000000000-0000000140000000
Apr  1 10:56:54 euca-clc-sec kernel:  NODE_DATA [0000000000015840 - 000000000004983f]
Apr  1 10:56:54 euca-clc-sec kernel:  bootmap [000000000004a000 -  0000000000071fff] pages 28
Apr  1 10:56:54 euca-clc-sec kernel: (9 early reservations) ==> bootmem [0000000000 - 0140000000]
Apr  1 10:56:54 euca-clc-sec kernel:  #0 [0000000000 - 0000001000]   BIOS data page ==> [0000000000 - 0000001000]
Apr  1 10:56:54 euca-clc-sec kernel:  #1 [0000006000 - 0000008000]       TRAMPOLINE ==> [0000006000 - 0000008000]
Apr  1 10:56:54 euca-clc-sec kernel:  #2 [0001000000 - 000200c7e4]    TEXT DATA BSS ==> [0001000000 - 000200c7e4]
Apr  1 10:56:54 euca-clc-sec kernel:  #3 [0037096000 - 0037fef549]          RAMDISK ==> [0037096000 - 0037fef549]
Apr  1 10:56:54 euca-clc-sec kernel:  #4 [000009f800 - 0000100000]    BIOS reserved ==> [000009f800 - 0000100000]
Apr  1 10:56:54 euca-clc-sec kernel:  #5 [000200d000 - 000200d1f0]              BRK ==> [000200d000 - 000200d1f0]
Apr  1 10:56:54 euca-clc-sec kernel:  #6 [0000010000 - 0000012000]          PGTABLE ==> [0000010000 - 0000012000]
Apr  1 10:56:54 euca-clc-sec kernel:  #7 [0000012000 - 0000013000]          PGTABLE ==> [0000012000 - 0000013000]
Apr  1 10:56:54 euca-clc-sec kernel:  #8 [0000013000 - 0000015840]       MEMNODEMAP ==> [0000013000 - 0000015840]
Apr  1 10:56:54 euca-clc-sec kernel: found SMP MP-table at [ffff8800000f69b0] f69b0
Apr  1 10:56:54 euca-clc-sec kernel: Reserving 129MB of memory at 48MB for crashkernel (System RAM: 5120MB)
Apr  1 10:56:54 euca-clc-sec kernel: Zone PFN ranges:
Apr  1 10:56:54 euca-clc-sec kernel:  DMA      0x00000010 -> 0x00001000
Apr  1 10:56:54 euca-clc-sec kernel:  DMA32    0x00001000 -> 0x00100000
Apr  1 10:56:54 euca-clc-sec kernel:  Normal   0x00100000 -> 0x00140000
Apr  1 10:56:54 euca-clc-sec kernel: Movable zone start PFN for each node
Apr  1 10:56:54 euca-clc-sec kernel: early_node_map[4] active PFN ranges
Apr  1 10:56:54 euca-clc-sec kernel:    0: 0x00000010 -> 0x0000009f
Apr  1 10:56:54 euca-clc-sec kernel:    0: 0x00000100 -> 0x000bfef0
Apr  1 10:56:54 euca-clc-sec kernel:    0: 0x000bff00 -> 0x000c0000
Apr  1 10:56:54 euca-clc-sec kernel:    0: 0x00100000 -> 0x00140000
Apr  1 10:56:54 euca-clc-sec kernel: ACPI: PM-Timer IO Port: 0x1008
Apr  1 10:56:54 euca-clc-sec kernel: ACPI: LAPIC (acpi_id[0x00] lapic_id[0x00] enabled)
Apr  1 10:56:54 euca-clc-sec kernel: ACPI: LAPIC_NMI (acpi_id[0x00] high edge lint[0x1])
Apr  1 10:56:54 euca-clc-sec kernel: ACPI: IOAPIC (id[0x01] address[0xfec00000] gsi_base[0])
Apr  1 10:56:54 euca-clc-sec kernel: IOAPIC[0]: apic_id 1, version 17, address 0xfec00000, GSI 0-23
Apr  1 10:56:54 euca-clc-sec kernel: ACPI: INT_SRC_OVR (bus 0 bus_irq 0 global_irq 2 high edge)
Apr  1 10:56:54 euca-clc-sec kernel: Using ACPI (MADT) for SMP configuration information
Apr  1 10:56:54 euca-clc-sec kernel: ACPI: HPET id: 0x8086af01 base: 0xfed00000
Apr  1 10:56:54 euca-clc-sec kernel: SMP: Allowing 1 CPUs, 0 hotplug CPUs
Apr  1 10:56:54 euca-clc-sec kernel: PM: Registered nosave memory: 000000000009f000 - 00000000000a0000
Apr  1 10:56:54 euca-clc-sec kernel: PM: Registered nosave memory: 00000000000a0000 - 00000000000ca000
Apr  1 10:56:54 euca-clc-sec kernel: PM: Registered nosave memory: 00000000000ca000 - 00000000000cc000
Apr  1 10:56:54 euca-clc-sec kernel: PM: Registered nosave memory: 00000000000cc000 - 00000000000dc000
Apr  1 10:56:54 euca-clc-sec kernel: PM: Registered nosave memory: 00000000000dc000 - 0000000000100000
Apr  1 10:56:54 euca-clc-sec kernel: PM: Registered nosave memory: 00000000bfef0000 - 00000000bfeff000
Apr  1 10:56:54 euca-clc-sec kernel: PM: Registered nosave memory: 00000000bfeff000 - 00000000bff00000
Apr  1 10:56:54 euca-clc-sec kernel: PM: Registered nosave memory: 00000000c0000000 - 00000000e0000000
Apr  1 10:56:54 euca-clc-sec kernel: PM: Registered nosave memory: 00000000e0000000 - 00000000f0000000
Apr  1 10:56:54 euca-clc-sec kernel: PM: Registered nosave memory: 00000000f0000000 - 00000000fec00000
Apr  1 10:56:54 euca-clc-sec kernel: PM: Registered nosave memory: 00000000fec00000 - 00000000fec10000
Apr  1 10:56:54 euca-clc-sec kernel: PM: Registered nosave memory: 00000000fec10000 - 00000000fee00000
Apr  1 10:56:54 euca-clc-sec kernel: PM: Registered nosave memory: 00000000fee00000 - 00000000fee01000
Apr  1 10:56:54 euca-clc-sec kernel: PM: Registered nosave memory: 00000000fee01000 - 00000000fffe0000
Apr  1 10:56:54 euca-clc-sec kernel: PM: Registered nosave memory: 00000000fffe0000 - 0000000100000000
Apr  1 10:56:54 euca-clc-sec kernel: Allocating PCI resources starting at c0000000 (gap: c0000000:20000000)
Apr  1 10:56:54 euca-clc-sec kernel: Booting paravirtualized kernel on bare hardware
Apr  1 10:56:54 euca-clc-sec kernel: NR_CPUS:4096 nr_cpumask_bits:1 nr_cpu_ids:1 nr_node_ids:1
Apr  1 10:56:54 euca-clc-sec kernel: PERCPU: Embedded 30 pages/cpu @ffff880028200000 s92696 r8192 d21992 u2097152
Apr  1 10:56:54 euca-clc-sec kernel: pcpu-alloc: s92696 r8192 d21992 u2097152 alloc=1*2097152
Apr  1 10:56:54 euca-clc-sec kernel: pcpu-alloc: [0] 0 
Apr  1 10:56:54 euca-clc-sec kernel: Built 1 zonelists in Node order, mobility grouping on.  Total pages: 1030423
Apr  1 10:56:54 euca-clc-sec kernel: Policy zone: Normal
Apr  1 10:56:54 euca-clc-sec kernel: Kernel command line: ro root=/dev/mapper/VolGroup-lv_root rd_NO_LUKS LANG=en_US.UTF-8 rd_NO_MD rd_LVM_LV=VolGroup/lv_swap SYSFONT=latarcyrheb-sun16 rhgb crashkernel=129M@0M quiet rd_LVM_LV=VolGroup/lv_root  KEYBOARDTYPE=pc KEYTABLE=us rd_NO_DM
Apr  1 10:56:54 euca-clc-sec kernel: PID hash table entries: 4096 (order: 3, 32768 bytes)
Apr  1 10:56:54 euca-clc-sec kernel: xsave/xrstor: enabled xstate_bv 0x7, cntxt size 0x340
Apr  1 10:56:54 euca-clc-sec kernel: Checking aperture...
Apr  1 10:56:54 euca-clc-sec kernel: No AGP bridge found
Apr  1 10:56:54 euca-clc-sec kernel: PCI-DMA: Using software bounce buffering for IO (SWIOTLB)
Apr  1 10:56:54 euca-clc-sec kernel: Placing 64MB software IO TLB between ffff880020000000 - ffff880024000000
Apr  1 10:56:54 euca-clc-sec kernel: software IO TLB at phys 0x20000000 - 0x24000000
Apr  1 10:56:54 euca-clc-sec kernel: Memory: 3905508k/5242880k available (5084k kernel code, 1049092k absent, 288280k reserved, 7229k data, 1244k init)
Apr  1 10:56:54 euca-clc-sec kernel: Hierarchical RCU implementation.
Apr  1 10:56:54 euca-clc-sec kernel: NR_IRQS:33024 nr_irqs:256
Apr  1 10:56:54 euca-clc-sec kernel: Extended CMOS year: 2000
Apr  1 10:56:54 euca-clc-sec kernel: Console: colour VGA+ 80x25
Apr  1 10:56:54 euca-clc-sec kernel: console [tty0] enabled
Apr  1 10:56:54 euca-clc-sec kernel: allocated 33554432 bytes of page_cgroup
Apr  1 10:56:54 euca-clc-sec kernel: please try 'cgroup_disable=memory' option if you don't want memory cgroups
Apr  1 10:56:54 euca-clc-sec kernel: HPET: 16 timers in total, 0 timers will be used for per-cpu timer
Apr  1 10:56:54 euca-clc-sec kernel: TSC freq read from hypervisor : 3092.974 MHz
Apr  1 10:56:54 euca-clc-sec kernel: Detected 3092.974 MHz processor.
Apr  1 10:56:54 euca-clc-sec kernel: Calibrating delay loop (skipped) preset value.. 6185.94 BogoMIPS (lpj=3092974)
Apr  1 10:56:54 euca-clc-sec kernel: pid_max: default: 32768 minimum: 301
Apr  1 10:56:54 euca-clc-sec kernel: Security Framework initialized
Apr  1 10:56:54 euca-clc-sec kernel: SELinux:  Initializing.
Apr  1 10:56:54 euca-clc-sec kernel: Dentry cache hash table entries: 524288 (order: 10, 4194304 bytes)
Apr  1 10:56:54 euca-clc-sec kernel: Inode-cache hash table entries: 262144 (order: 9, 2097152 bytes)
Apr  1 10:56:54 euca-clc-sec kernel: Mount-cache hash table entries: 256
Apr  1 10:56:54 euca-clc-sec kernel: Initializing cgroup subsys ns
Apr  1 10:56:54 euca-clc-sec kernel: Initializing cgroup subsys cpuacct
Apr  1 10:56:54 euca-clc-sec kernel: Initializing cgroup subsys memory
Apr  1 10:56:54 euca-clc-sec kernel: Initializing cgroup subsys devices
Apr  1 10:56:54 euca-clc-sec kernel: Initializing cgroup subsys freezer
Apr  1 10:56:54 euca-clc-sec kernel: Initializing cgroup subsys net_cls
Apr  1 10:56:54 euca-clc-sec kernel: Initializing cgroup subsys blkio
Apr  1 10:56:54 euca-clc-sec kernel: Initializing cgroup subsys perf_event
Apr  1 10:56:54 euca-clc-sec kernel: Disabled fast string operations
Apr  1 10:56:54 euca-clc-sec kernel: CPU: Physical Processor ID: 0
Apr  1 10:56:54 euca-clc-sec kernel: mce: CPU supports 0 MCE banks
Apr  1 10:56:54 euca-clc-sec kernel: alternatives: switching to unfair spinlock
Apr  1 10:56:54 euca-clc-sec kernel: SMP alternatives: switching to UP code
Apr  1 10:56:54 euca-clc-sec kernel: Freeing SMP alternatives: 33k freed
Apr  1 10:56:54 euca-clc-sec kernel: ACPI: Core revision 20090903
Apr  1 10:56:54 euca-clc-sec kernel: ftrace: converting mcount calls to 0f 1f 44 00 00
Apr  1 10:56:54 euca-clc-sec kernel: ftrace: allocating 20776 entries in 82 pages
Apr  1 10:56:54 euca-clc-sec kernel: Setting APIC routing to flat
Apr  1 10:56:54 euca-clc-sec kernel: ..TIMER: vector=0x30 apic1=0 pin1=2 apic2=-1 pin2=-1
Apr  1 10:56:54 euca-clc-sec kernel: CPU0: Intel(R) Xeon(R) CPU E31220 @ 3.10GHz stepping 07
Apr  1 10:56:54 euca-clc-sec kernel: Performance Events: SandyBridge events, Intel PMU driver.
Apr  1 10:56:54 euca-clc-sec kernel: ... version:                3
Apr  1 10:56:54 euca-clc-sec kernel: ... bit width:              48
Apr  1 10:56:54 euca-clc-sec kernel: ... generic registers:      4
Apr  1 10:56:54 euca-clc-sec kernel: ... value mask:             0000ffffffffffff
Apr  1 10:56:54 euca-clc-sec kernel: ... max period:             000000007fffffff
Apr  1 10:56:54 euca-clc-sec kernel: ... fixed-purpose events:   3
Apr  1 10:56:54 euca-clc-sec kernel: ... event mask:             000000070000000f
Apr  1 10:56:54 euca-clc-sec kernel: NMI watchdog enabled, takes one hw-pmu counter.
Apr  1 10:56:54 euca-clc-sec kernel: Brought up 1 CPUs
Apr  1 10:56:54 euca-clc-sec kernel: Total of 1 processors activated (6185.94 BogoMIPS).
Apr  1 10:56:54 euca-clc-sec kernel: devtmpfs: initialized
Apr  1 10:56:54 euca-clc-sec kernel: regulator: core version 0.5
Apr  1 10:56:54 euca-clc-sec kernel: NET: Registered protocol family 16
Apr  1 10:56:54 euca-clc-sec kernel: ACPI: bus type pci registered
Apr  1 10:56:54 euca-clc-sec kernel: PCI: MCFG configuration 0: base e0000000 segment 0 buses 0 - 255
Apr  1 10:56:54 euca-clc-sec kernel: PCI: MCFG area at e0000000 reserved in E820
Apr  1 10:56:54 euca-clc-sec kernel: PCI: Using MMCONFIG at e0000000 - efffffff
Apr  1 10:56:54 euca-clc-sec kernel: PCI: Using configuration type 1 for base access
Apr  1 10:56:54 euca-clc-sec kernel: bio: create slab <bio-0> at 0
Apr  1 10:56:54 euca-clc-sec kernel: ACPI: BIOS _OSI(Linux) query ignored
Apr  1 10:56:54 euca-clc-sec kernel: ACPI: Interpreter enabled
Apr  1 10:56:54 euca-clc-sec kernel: ACPI: (supports S0 S1 S4 S5)
Apr  1 10:56:54 euca-clc-sec kernel: ACPI: Using IOAPIC for interrupt routing
Apr  1 10:56:54 euca-clc-sec kernel: ACPI: No dock devices found.
Apr  1 10:56:54 euca-clc-sec kernel: HEST: Table not found.
Apr  1 10:56:54 euca-clc-sec kernel: ACPI: PCI Root Bridge [PCI0] (0000:00)
Apr  1 10:56:54 euca-clc-sec kernel: pci 0000:00:07.3: quirk: region 1000-103f claimed by PIIX4 ACPI
Apr  1 10:56:54 euca-clc-sec kernel: pci 0000:00:07.3: quirk: region 1040-104f claimed by PIIX4 SMB
Apr  1 10:56:54 euca-clc-sec kernel: pci 0000:00:15.0: PME# supported from D0 D3hot D3cold
Apr  1 10:56:54 euca-clc-sec kernel: pci 0000:00:15.0: PME# disabled
Apr  1 10:56:54 euca-clc-sec kernel: pci 0000:00:15.1: PME# supported from D0 D3hot D3cold
Apr  1 10:56:54 euca-clc-sec kernel: pci 0000:00:15.1: PME# disabled
Apr  1 10:56:54 euca-clc-sec kernel: pci 0000:00:15.2: PME# supported from D0 D3hot D3cold
Apr  1 10:56:54 euca-clc-sec kernel: pci 0000:00:15.2: PME# disabled
Apr  1 10:56:54 euca-clc-sec kernel: pci 0000:00:15.3: PME# supported from D0 D3hot D3cold
Apr  1 10:56:54 euca-clc-sec kernel: pci 0000:00:15.3: PME# disabled
Apr  1 10:56:54 euca-clc-sec kernel: pci 0000:00:15.4: PME# supported from D0 D3hot D3cold
Apr  1 10:56:54 euca-clc-sec kernel: pci 0000:00:15.4: PME# disabled
Apr  1 10:56:54 euca-clc-sec kernel: pci 0000:00:15.5: PME# supported from D0 D3hot D3cold
Apr  1 10:56:54 euca-clc-sec kernel: pci 0000:00:15.5: PME# disabled
Apr  1 10:56:54 euca-clc-sec kernel: pci 0000:00:15.6: PME# supported from D0 D3hot D3cold
Apr  1 10:56:54 euca-clc-sec kernel: pci 0000:00:15.6: PME# disabled
Apr  1 10:56:54 euca-clc-sec kernel: pci 0000:00:15.7: PME# supported from D0 D3hot D3cold
Apr  1 10:56:54 euca-clc-sec kernel: pci 0000:00:15.7: PME# disabled
Apr  1 10:56:54 euca-clc-sec kernel: pci 0000:00:16.0: PME# supported from D0 D3hot D3cold
Apr  1 10:56:54 euca-clc-sec kernel: pci 0000:00:16.0: PME# disabled
Apr  1 10:56:54 euca-clc-sec kernel: pci 0000:00:16.1: PME# supported from D0 D3hot D3cold
Apr  1 10:56:54 euca-clc-sec kernel: pci 0000:00:16.1: PME# disabled
Apr  1 10:56:54 euca-clc-sec kernel: pci 0000:00:16.2: PME# supported from D0 D3hot D3cold
Apr  1 10:56:54 euca-clc-sec kernel: pci 0000:00:16.2: PME# disabled
Apr  1 10:56:54 euca-clc-sec kernel: pci 0000:00:16.3: PME# supported from D0 D3hot D3cold
Apr  1 10:56:54 euca-clc-sec kernel: pci 0000:00:16.3: PME# disabled
Apr  1 10:56:54 euca-clc-sec kernel: pci 0000:00:16.4: PME# supported from D0 D3hot D3cold
Apr  1 10:56:54 euca-clc-sec kernel: pci 0000:00:16.4: PME# disabled
Apr  1 10:56:54 euca-clc-sec kernel: pci 0000:00:16.5: PME# supported from D0 D3hot D3cold
Apr  1 10:56:54 euca-clc-sec kernel: pci 0000:00:16.5: PME# disabled
Apr  1 10:56:54 euca-clc-sec kernel: pci 0000:00:16.6: PME# supported from D0 D3hot D3cold
Apr  1 10:56:54 euca-clc-sec kernel: pci 0000:00:16.6: PME# disabled
Apr  1 10:56:54 euca-clc-sec kernel: pci 0000:00:16.7: PME# supported from D0 D3hot D3cold
Apr  1 10:56:54 euca-clc-sec kernel: pci 0000:00:16.7: PME# disabled
Apr  1 10:56:54 euca-clc-sec kernel: pci 0000:00:17.0: PME# supported from D0 D3hot D3cold
Apr  1 10:56:54 euca-clc-sec kernel: pci 0000:00:17.0: PME# disabled
Apr  1 10:56:54 euca-clc-sec kernel: pci 0000:00:17.1: PME# supported from D0 D3hot D3cold
Apr  1 10:56:54 euca-clc-sec kernel: pci 0000:00:17.1: PME# disabled
Apr  1 10:56:54 euca-clc-sec kernel: pci 0000:00:17.2: PME# supported from D0 D3hot D3cold
Apr  1 10:56:54 euca-clc-sec kernel: pci 0000:00:17.2: PME# disabled
Apr  1 10:56:54 euca-clc-sec kernel: pci 0000:00:17.3: PME# supported from D0 D3hot D3cold
Apr  1 10:56:54 euca-clc-sec kernel: pci 0000:00:17.3: PME# disabled
Apr  1 10:56:54 euca-clc-sec kernel: pci 0000:00:17.4: PME# supported from D0 D3hot D3cold
Apr  1 10:56:54 euca-clc-sec kernel: pci 0000:00:17.4: PME# disabled
Apr  1 10:56:54 euca-clc-sec kernel: pci 0000:00:17.5: PME# supported from D0 D3hot D3cold
Apr  1 10:56:54 euca-clc-sec kernel: pci 0000:00:17.5: PME# disabled
Apr  1 10:56:54 euca-clc-sec kernel: pci 0000:00:17.6: PME# supported from D0 D3hot D3cold
Apr  1 10:56:54 euca-clc-sec kernel: pci 0000:00:17.6: PME# disabled
Apr  1 10:56:54 euca-clc-sec kernel: pci 0000:00:17.7: PME# supported from D0 D3hot D3cold
Apr  1 10:56:54 euca-clc-sec kernel: pci 0000:00:17.7: PME# disabled
Apr  1 10:56:54 euca-clc-sec kernel: pci 0000:00:18.0: PME# supported from D0 D3hot D3cold
Apr  1 10:56:54 euca-clc-sec kernel: pci 0000:00:18.0: PME# disabled
Apr  1 10:56:54 euca-clc-sec kernel: pci 0000:00:18.1: PME# supported from D0 D3hot D3cold
Apr  1 10:56:54 euca-clc-sec kernel: pci 0000:00:18.1: PME# disabled
Apr  1 10:56:54 euca-clc-sec kernel: pci 0000:00:18.2: PME# supported from D0 D3hot D3cold
Apr  1 10:56:54 euca-clc-sec kernel: pci 0000:00:18.2: PME# disabled
Apr  1 10:56:54 euca-clc-sec kernel: pci 0000:00:18.3: PME# supported from D0 D3hot D3cold
Apr  1 10:56:54 euca-clc-sec kernel: pci 0000:00:18.3: PME# disabled
Apr  1 10:56:54 euca-clc-sec kernel: pci 0000:00:18.4: PME# supported from D0 D3hot D3cold
Apr  1 10:56:54 euca-clc-sec kernel: pci 0000:00:18.4: PME# disabled
Apr  1 10:56:54 euca-clc-sec kernel: pci 0000:00:18.5: PME# supported from D0 D3hot D3cold
Apr  1 10:56:54 euca-clc-sec kernel: pci 0000:00:18.5: PME# disabled
Apr  1 10:56:54 euca-clc-sec kernel: pci 0000:00:18.6: PME# supported from D0 D3hot D3cold
Apr  1 10:56:54 euca-clc-sec kernel: pci 0000:00:18.6: PME# disabled
Apr  1 10:56:54 euca-clc-sec kernel: pci 0000:00:18.7: PME# supported from D0 D3hot D3cold
Apr  1 10:56:54 euca-clc-sec kernel: pci 0000:00:18.7: PME# disabled
Apr  1 10:56:54 euca-clc-sec kernel: pci 0000:02:00.0: PME# supported from D0 D3hot D3cold
Apr  1 10:56:54 euca-clc-sec kernel: pci 0000:02:00.0: PME# disabled
Apr  1 10:56:54 euca-clc-sec kernel: pci 0000:00:11.0: transparent bridge
Apr  1 10:56:54 euca-clc-sec kernel: pci0000:00: Requesting ACPI _OSC control (0x1d)
Apr  1 10:56:54 euca-clc-sec kernel: pci0000:00: ACPI _OSC control (0x15) granted
Apr  1 10:56:54 euca-clc-sec kernel: ACPI: PCI Interrupt Link [LNKA] (IRQs 3 4 5 6 7 *9 10 11 14 15)
Apr  1 10:56:54 euca-clc-sec kernel: ACPI: PCI Interrupt Link [LNKB] (IRQs 3 4 5 6 7 9 10 *11 14 15)
Apr  1 10:56:54 euca-clc-sec kernel: ACPI: PCI Interrupt Link [LNKC] (IRQs 3 4 5 6 7 9 *10 11 14 15)
Apr  1 10:56:54 euca-clc-sec kernel: ACPI: PCI Interrupt Link [LNKD] (IRQs 3 4 5 6 7 9 10 11 14 15) *0, disabled.
Apr  1 10:56:54 euca-clc-sec kernel: vgaarb: device added: PCI:0000:00:0f.0,decodes=io+mem,owns=io+mem,locks=none
Apr  1 10:56:54 euca-clc-sec kernel: vgaarb: loaded
Apr  1 10:56:54 euca-clc-sec kernel: vgaarb: bridge control possible 0000:00:0f.0
Apr  1 10:56:54 euca-clc-sec kernel: SCSI subsystem initialized
Apr  1 10:56:54 euca-clc-sec kernel: usbcore: registered new interface driver usbfs
Apr  1 10:56:54 euca-clc-sec kernel: usbcore: registered new interface driver hub
Apr  1 10:56:54 euca-clc-sec kernel: usbcore: registered new device driver usb
Apr  1 10:56:54 euca-clc-sec kernel: PCI: Using ACPI for IRQ routing
Apr  1 10:56:54 euca-clc-sec kernel: NetLabel: Initializing
Apr  1 10:56:54 euca-clc-sec kernel: NetLabel:  domain hash size = 128
Apr  1 10:56:54 euca-clc-sec kernel: NetLabel:  protocols = UNLABELED CIPSOv4
Apr  1 10:56:54 euca-clc-sec kernel: NetLabel:  unlabeled traffic allowed by default
Apr  1 10:56:54 euca-clc-sec kernel: hpet0: at MMIO 0xfed00000, IRQs 2, 8, 0, 0, 0, 0, 0, 0, 0, 0, 0, 0, 0, 0, 0, 0
Apr  1 10:56:54 euca-clc-sec kernel: hpet0: 16 comparators, 64-bit 14.318180 MHz counter
Apr  1 10:56:54 euca-clc-sec kernel: Switching to clocksource tsc
Apr  1 10:56:54 euca-clc-sec kernel: pnp: PnP ACPI init
Apr  1 10:56:54 euca-clc-sec kernel: ACPI: bus type pnp registered
Apr  1 10:56:54 euca-clc-sec kernel: pnp: PnP ACPI: found 14 devices
Apr  1 10:56:54 euca-clc-sec kernel: ACPI: ACPI bus type pnp unregistered
Apr  1 10:56:54 euca-clc-sec kernel: system 00:01: ioport range 0x1000-0x103f has been reserved
Apr  1 10:56:54 euca-clc-sec kernel: system 00:01: ioport range 0x1040-0x104f has been reserved
Apr  1 10:56:54 euca-clc-sec kernel: system 00:01: ioport range 0xcf0-0xcf1 has been reserved
Apr  1 10:56:54 euca-clc-sec kernel: system 00:08: iomem range 0xfed00000-0xfed003ff has been reserved
Apr  1 10:56:54 euca-clc-sec kernel: system 00:0d: ioport range 0x1060-0x107f has been reserved
Apr  1 10:56:54 euca-clc-sec kernel: system 00:0d: iomem range 0xe0000000-0xefffffff has been reserved
Apr  1 10:56:54 euca-clc-sec kernel: system 00:0d: iomem range 0xd0200000-0xd03fffff has been reserved
Apr  1 10:56:54 euca-clc-sec kernel: pci 0000:00:15.3: BAR 13: can't allocate I/O resource [0x1000-0x1fff]
Apr  1 10:56:54 euca-clc-sec kernel: pci 0000:00:15.4: BAR 13: can't allocate I/O resource [0x1000-0x1fff]
Apr  1 10:56:54 euca-clc-sec kernel: pci 0000:00:15.5: BAR 13: can't allocate I/O resource [0x1000-0x1fff]
Apr  1 10:56:54 euca-clc-sec kernel: pci 0000:00:15.6: BAR 13: can't allocate I/O resource [0x1000-0x1fff]
Apr  1 10:56:54 euca-clc-sec kernel: pci 0000:00:15.7: BAR 13: can't allocate I/O resource [0x1000-0x1fff]
Apr  1 10:56:54 euca-clc-sec kernel: pci 0000:00:16.3: BAR 13: can't allocate I/O resource [0x1000-0x1fff]
Apr  1 10:56:54 euca-clc-sec kernel: pci 0000:00:16.4: BAR 13: can't allocate I/O resource [0x1000-0x1fff]
Apr  1 10:56:54 euca-clc-sec kernel: pci 0000:00:16.5: BAR 13: can't allocate I/O resource [0x1000-0x1fff]
Apr  1 10:56:54 euca-clc-sec kernel: pci 0000:00:16.6: BAR 13: can't allocate I/O resource [0x1000-0x1fff]
Apr  1 10:56:54 euca-clc-sec kernel: pci 0000:00:16.7: BAR 13: can't allocate I/O resource [0x1000-0x1fff]
Apr  1 10:56:54 euca-clc-sec kernel: pci 0000:00:17.3: BAR 13: can't allocate I/O resource [0x1000-0x1fff]
Apr  1 10:56:54 euca-clc-sec kernel: pci 0000:00:17.4: BAR 13: can't allocate I/O resource [0x1000-0x1fff]
Apr  1 10:56:54 euca-clc-sec kernel: pci 0000:00:17.5: BAR 13: can't allocate I/O resource [0x1000-0x1fff]
Apr  1 10:56:54 euca-clc-sec kernel: pci 0000:00:17.6: BAR 13: can't allocate I/O resource [0x1000-0x1fff]
Apr  1 10:56:54 euca-clc-sec kernel: pci 0000:00:17.7: BAR 13: can't allocate I/O resource [0x1000-0x1fff]
Apr  1 10:56:54 euca-clc-sec kernel: pci 0000:00:18.3: BAR 13: can't allocate I/O resource [0x1000-0x1fff]
Apr  1 10:56:54 euca-clc-sec kernel: pci 0000:00:18.4: BAR 13: can't allocate I/O resource [0x1000-0x1fff]
Apr  1 10:56:54 euca-clc-sec kernel: pci 0000:00:18.5: BAR 13: can't allocate I/O resource [0x1000-0x1fff]
Apr  1 10:56:54 euca-clc-sec kernel: pci 0000:00:18.6: BAR 13: can't allocate I/O resource [0x1000-0x1fff]
Apr  1 10:56:54 euca-clc-sec kernel: pci 0000:00:18.7: BAR 13: can't allocate I/O resource [0x1000-0x1fff]
Apr  1 10:56:54 euca-clc-sec kernel: pci 0000:00:01.0: PCI bridge to [bus 01-01]
Apr  1 10:56:54 euca-clc-sec kernel: pci 0000:00:01.0: PCI bridge, secondary bus 0000:01
Apr  1 10:56:54 euca-clc-sec kernel: pci 0000:00:01.0:   bridge window [io  disabled]
Apr  1 10:56:54 euca-clc-sec kernel: pci 0000:00:01.0:   bridge window [mem disabled]
Apr  1 10:56:54 euca-clc-sec kernel: pci 0000:00:01.0:   bridge window [mem pref disabled]
Apr  1 10:56:54 euca-clc-sec kernel: pci 0000:00:11.0: PCI bridge to [bus 02-02]
Apr  1 10:56:54 euca-clc-sec kernel: pci 0000:00:11.0: PCI bridge, secondary bus 0000:02
Apr  1 10:56:54 euca-clc-sec kernel: pci 0000:00:11.0:   bridge window [0x2000-0x3fff]
Apr  1 10:56:54 euca-clc-sec kernel: pci 0000:00:11.0:   bridge window [0xd1000000-0xd23fffff]
Apr  1 10:56:54 euca-clc-sec kernel: pci 0000:00:11.0:   bridge window [0xdc400000-0xdc9fffff]
Apr  1 10:56:54 euca-clc-sec kernel: pci 0000:00:15.0: PCI bridge to [bus 03-03]
Apr  1 10:56:54 euca-clc-sec kernel: pci 0000:00:15.0: PCI bridge, secondary bus 0000:03
Apr  1 10:56:54 euca-clc-sec kernel: pci 0000:00:15.0:   bridge window [0x4000-0x4fff]
Apr  1 10:56:54 euca-clc-sec kernel: pci 0000:00:15.0:   bridge window [0xd2400000-0xd24fffff]
Apr  1 10:56:54 euca-clc-sec kernel: pci 0000:00:15.0:   bridge window [0xd4400000-0xd44fffff]
Apr  1 10:56:54 euca-clc-sec kernel: pci 0000:00:15.1: PCI bridge to [bus 04-04]
Apr  1 10:56:54 euca-clc-sec kernel: pci 0000:00:15.1: PCI bridge, secondary bus 0000:04
Apr  1 10:56:54 euca-clc-sec kernel: pci 0000:00:15.1:   bridge window [0x8000-0x8fff]
Apr  1 10:56:54 euca-clc-sec kernel: pci 0000:00:15.1:   bridge window [0xd2800000-0xd28fffff]
Apr  1 10:56:54 euca-clc-sec kernel: pci 0000:00:15.1:   bridge window [0xd4800000-0xd48fffff]
Apr  1 10:56:54 euca-clc-sec kernel: pci 0000:00:15.2: PCI bridge to [bus 05-05]
Apr  1 10:56:54 euca-clc-sec kernel: pci 0000:00:15.2: PCI bridge, secondary bus 0000:05
Apr  1 10:56:54 euca-clc-sec kernel: pci 0000:00:15.2:   bridge window [0xc000-0xcfff]
Apr  1 10:56:54 euca-clc-sec kernel: pci 0000:00:15.2:   bridge window [0xd2c00000-0xd2cfffff]
Apr  1 10:56:54 euca-clc-sec kernel: pci 0000:00:15.2:   bridge window [0xdcb00000-0xdcbfffff]
Apr  1 10:56:54 euca-clc-sec kernel: pci 0000:00:15.3: PCI bridge to [bus 06-06]
Apr  1 10:56:54 euca-clc-sec kernel: pci 0000:00:15.3: PCI bridge, secondary bus 0000:06
Apr  1 10:56:54 euca-clc-sec kernel: pci 0000:00:15.3:   bridge window [io  disabled]
Apr  1 10:56:54 euca-clc-sec kernel: pci 0000:00:15.3:   bridge window [0xd3000000-0xd30fffff]
Apr  1 10:56:54 euca-clc-sec kernel: pci 0000:00:15.3:   bridge window [0xdcd00000-0xdcdfffff]
Apr  1 10:56:54 euca-clc-sec kernel: pci 0000:00:15.4: PCI bridge to [bus 07-07]
Apr  1 10:56:54 euca-clc-sec kernel: pci 0000:00:15.4: PCI bridge, secondary bus 0000:07
Apr  1 10:56:54 euca-clc-sec kernel: pci 0000:00:15.4:   bridge window [io  disabled]
Apr  1 10:56:54 euca-clc-sec kernel: pci 0000:00:15.4:   bridge window [0xd3400000-0xd34fffff]
Apr  1 10:56:54 euca-clc-sec kernel: pci 0000:00:15.4:   bridge window [0xdcf00000-0xdcffffff]
Apr  1 10:56:54 euca-clc-sec kernel: pci 0000:00:15.5: PCI bridge to [bus 08-08]
Apr  1 10:56:54 euca-clc-sec kernel: pci 0000:00:15.5: PCI bridge, secondary bus 0000:08
Apr  1 10:56:54 euca-clc-sec kernel: pci 0000:00:15.5:   bridge window [io  disabled]
Apr  1 10:56:54 euca-clc-sec kernel: pci 0000:00:15.5:   bridge window [0xd3800000-0xd38fffff]
Apr  1 10:56:54 euca-clc-sec kernel: pci 0000:00:15.5:   bridge window [0xdd100000-0xdd1fffff]
Apr  1 10:56:54 euca-clc-sec kernel: pci 0000:00:15.6: PCI bridge to [bus 09-09]
Apr  1 10:56:54 euca-clc-sec kernel: pci 0000:00:15.6: PCI bridge, secondary bus 0000:09
Apr  1 10:56:54 euca-clc-sec kernel: pci 0000:00:15.6:   bridge window [io  disabled]
Apr  1 10:56:54 euca-clc-sec kernel: pci 0000:00:15.6:   bridge window [0xd3c00000-0xd3cfffff]
Apr  1 10:56:54 euca-clc-sec kernel: pci 0000:00:15.6:   bridge window [0xdd300000-0xdd3fffff]
Apr  1 10:56:54 euca-clc-sec kernel: pci 0000:00:15.7: PCI bridge to [bus 0a-0a]
Apr  1 10:56:54 euca-clc-sec kernel: pci 0000:00:15.7: PCI bridge, secondary bus 0000:0a
Apr  1 10:56:54 euca-clc-sec kernel: pci 0000:00:15.7:   bridge window [io  disabled]
Apr  1 10:56:54 euca-clc-sec kernel: pci 0000:00:15.7:   bridge window [0xd4000000-0xd40fffff]
Apr  1 10:56:54 euca-clc-sec kernel: pci 0000:00:15.7:   bridge window [0xdd500000-0xdd5fffff]
Apr  1 10:56:54 euca-clc-sec kernel: pci 0000:00:16.0: PCI bridge to [bus 0b-0b]
Apr  1 10:56:54 euca-clc-sec kernel: pci 0000:00:16.0: PCI bridge, secondary bus 0000:0b
Apr  1 10:56:54 euca-clc-sec kernel: pci 0000:00:16.0:   bridge window [0x5000-0x5fff]
Apr  1 10:56:54 euca-clc-sec kernel: pci 0000:00:16.0:   bridge window [0xd2500000-0xd25fffff]
Apr  1 10:56:54 euca-clc-sec kernel: pci 0000:00:16.0:   bridge window [0xd4500000-0xd45fffff]
Apr  1 10:56:54 euca-clc-sec kernel: pci 0000:00:16.1: PCI bridge to [bus 0c-0c]
Apr  1 10:56:54 euca-clc-sec kernel: pci 0000:00:16.1: PCI bridge, secondary bus 0000:0c
Apr  1 10:56:54 euca-clc-sec kernel: pci 0000:00:16.1:   bridge window [0x9000-0x9fff]
Apr  1 10:56:54 euca-clc-sec kernel: pci 0000:00:16.1:   bridge window [0xd2900000-0xd29fffff]
Apr  1 10:56:54 euca-clc-sec kernel: pci 0000:00:16.1:   bridge window [0xd4900000-0xd49fffff]
Apr  1 10:56:54 euca-clc-sec kernel: pci 0000:00:16.2: PCI bridge to [bus 0d-0d]
Apr  1 10:56:54 euca-clc-sec kernel: pci 0000:00:16.2: PCI bridge, secondary bus 0000:0d
Apr  1 10:56:54 euca-clc-sec kernel: pci 0000:00:16.2:   bridge window [0xd000-0xdfff]
Apr  1 10:56:54 euca-clc-sec kernel: pci 0000:00:16.2:   bridge window [0xd2d00000-0xd2dfffff]
Apr  1 10:56:54 euca-clc-sec kernel: pci 0000:00:16.2:   bridge window [0xd4b00000-0xd4bfffff]
Apr  1 10:56:54 euca-clc-sec kernel: pci 0000:00:16.3: PCI bridge to [bus 0e-0e]
Apr  1 10:56:54 euca-clc-sec kernel: pci 0000:00:16.3: PCI bridge, secondary bus 0000:0e
Apr  1 10:56:54 euca-clc-sec kernel: pci 0000:00:16.3:   bridge window [io  disabled]
Apr  1 10:56:54 euca-clc-sec kernel: pci 0000:00:16.3:   bridge window [0xd3100000-0xd31fffff]
Apr  1 10:56:54 euca-clc-sec kernel: pci 0000:00:16.3:   bridge window [0xd4d00000-0xd4dfffff]
Apr  1 10:56:54 euca-clc-sec kernel: pci 0000:00:16.4: PCI bridge to [bus 0f-0f]
Apr  1 10:56:54 euca-clc-sec kernel: pci 0000:00:16.4: PCI bridge, secondary bus 0000:0f
Apr  1 10:56:54 euca-clc-sec kernel: pci 0000:00:16.4:   bridge window [io  disabled]
Apr  1 10:56:54 euca-clc-sec kernel: pci 0000:00:16.4:   bridge window [0xd3500000-0xd35fffff]
Apr  1 10:56:54 euca-clc-sec kernel: pci 0000:00:16.4:   bridge window [0xd4f00000-0xd4ffffff]
Apr  1 10:56:54 euca-clc-sec kernel: pci 0000:00:16.5: PCI bridge to [bus 10-10]
Apr  1 10:56:54 euca-clc-sec kernel: pci 0000:00:16.5: PCI bridge, secondary bus 0000:10
Apr  1 10:56:54 euca-clc-sec kernel: pci 0000:00:16.5:   bridge window [io  disabled]
Apr  1 10:56:54 euca-clc-sec kernel: pci 0000:00:16.5:   bridge window [0xd3900000-0xd39fffff]
Apr  1 10:56:54 euca-clc-sec kernel: pci 0000:00:16.5:   bridge window [0xd5100000-0xd51fffff]
Apr  1 10:56:54 euca-clc-sec kernel: pci 0000:00:16.6: PCI bridge to [bus 11-11]
Apr  1 10:56:54 euca-clc-sec kernel: pci 0000:00:16.6: PCI bridge, secondary bus 0000:11
Apr  1 10:56:54 euca-clc-sec kernel: pci 0000:00:16.6:   bridge window [io  disabled]
Apr  1 10:56:54 euca-clc-sec kernel: pci 0000:00:16.6:   bridge window [0xd3d00000-0xd3dfffff]
Apr  1 10:56:54 euca-clc-sec kernel: pci 0000:00:16.6:   bridge window [0xd5300000-0xd53fffff]
Apr  1 10:56:54 euca-clc-sec kernel: pci 0000:00:16.7: PCI bridge to [bus 12-12]
Apr  1 10:56:54 euca-clc-sec kernel: pci 0000:00:16.7: PCI bridge, secondary bus 0000:12
Apr  1 10:56:54 euca-clc-sec kernel: pci 0000:00:16.7:   bridge window [io  disabled]
Apr  1 10:56:54 euca-clc-sec kernel: pci 0000:00:16.7:   bridge window [0xd4100000-0xd41fffff]
Apr  1 10:56:54 euca-clc-sec kernel: pci 0000:00:16.7:   bridge window [0xd5500000-0xd55fffff]
Apr  1 10:56:54 euca-clc-sec kernel: pci 0000:00:17.0: PCI bridge to [bus 13-13]
Apr  1 10:56:54 euca-clc-sec kernel: pci 0000:00:17.0: PCI bridge, secondary bus 0000:13
Apr  1 10:56:54 euca-clc-sec kernel: pci 0000:00:17.0:   bridge window [0x6000-0x6fff]
Apr  1 10:56:54 euca-clc-sec kernel: pci 0000:00:17.0:   bridge window [0xd2600000-0xd26fffff]
Apr  1 10:56:54 euca-clc-sec kernel: pci 0000:00:17.0:   bridge window [0xd4600000-0xd46fffff]
Apr  1 10:56:54 euca-clc-sec kernel: pci 0000:00:17.1: PCI bridge to [bus 14-14]
Apr  1 10:56:54 euca-clc-sec kernel: pci 0000:00:17.1: PCI bridge, secondary bus 0000:14
Apr  1 10:56:54 euca-clc-sec kernel: pci 0000:00:17.1:   bridge window [0xa000-0xafff]
Apr  1 10:56:54 euca-clc-sec kernel: pci 0000:00:17.1:   bridge window [0xd2a00000-0xd2afffff]
Apr  1 10:56:54 euca-clc-sec kernel: pci 0000:00:17.1:   bridge window [0xdca00000-0xdcafffff]
Apr  1 10:56:54 euca-clc-sec kernel: pci 0000:00:17.2: PCI bridge to [bus 15-15]
Apr  1 10:56:54 euca-clc-sec kernel: pci 0000:00:17.2: PCI bridge, secondary bus 0000:15
Apr  1 10:56:54 euca-clc-sec kernel: pci 0000:00:17.2:   bridge window [0xe000-0xefff]
Apr  1 10:56:54 euca-clc-sec kernel: pci 0000:00:17.2:   bridge window [0xd2e00000-0xd2efffff]
Apr  1 10:56:54 euca-clc-sec kernel: pci 0000:00:17.2:   bridge window [0xdcc00000-0xdccfffff]
Apr  1 10:56:54 euca-clc-sec kernel: pci 0000:00:17.3: PCI bridge to [bus 16-16]
Apr  1 10:56:54 euca-clc-sec kernel: pci 0000:00:17.3: PCI bridge, secondary bus 0000:16
Apr  1 10:56:54 euca-clc-sec kernel: pci 0000:00:17.3:   bridge window [io  disabled]
Apr  1 10:56:54 euca-clc-sec kernel: pci 0000:00:17.3:   bridge window [0xd3200000-0xd32fffff]
Apr  1 10:56:54 euca-clc-sec kernel: pci 0000:00:17.3:   bridge window [0xdce00000-0xdcefffff]
Apr  1 10:56:54 euca-clc-sec kernel: pci 0000:00:17.4: PCI bridge to [bus 17-17]
Apr  1 10:56:54 euca-clc-sec kernel: pci 0000:00:17.4: PCI bridge, secondary bus 0000:17
Apr  1 10:56:54 euca-clc-sec kernel: pci 0000:00:17.4:   bridge window [io  disabled]
Apr  1 10:56:54 euca-clc-sec kernel: pci 0000:00:17.4:   bridge window [0xd3600000-0xd36fffff]
Apr  1 10:56:54 euca-clc-sec kernel: pci 0000:00:17.4:   bridge window [0xdd000000-0xdd0fffff]
Apr  1 10:56:54 euca-clc-sec kernel: pci 0000:00:17.5: PCI bridge to [bus 18-18]
Apr  1 10:56:54 euca-clc-sec kernel: pci 0000:00:17.5: PCI bridge, secondary bus 0000:18
Apr  1 10:56:54 euca-clc-sec kernel: pci 0000:00:17.5:   bridge window [io  disabled]
Apr  1 10:56:54 euca-clc-sec kernel: pci 0000:00:17.5:   bridge window [0xd3a00000-0xd3afffff]
Apr  1 10:56:54 euca-clc-sec kernel: pci 0000:00:17.5:   bridge window [0xdd200000-0xdd2fffff]
Apr  1 10:56:54 euca-clc-sec kernel: pci 0000:00:17.6: PCI bridge to [bus 19-19]
Apr  1 10:56:54 euca-clc-sec kernel: pci 0000:00:17.6: PCI bridge, secondary bus 0000:19
Apr  1 10:56:54 euca-clc-sec kernel: pci 0000:00:17.6:   bridge window [io  disabled]
Apr  1 10:56:54 euca-clc-sec kernel: pci 0000:00:17.6:   bridge window [0xd3e00000-0xd3efffff]
Apr  1 10:56:54 euca-clc-sec kernel: pci 0000:00:17.6:   bridge window [0xdd400000-0xdd4fffff]
Apr  1 10:56:54 euca-clc-sec kernel: pci 0000:00:17.7: PCI bridge to [bus 1a-1a]
Apr  1 10:56:54 euca-clc-sec kernel: pci 0000:00:17.7: PCI bridge, secondary bus 0000:1a
Apr  1 10:56:54 euca-clc-sec kernel: pci 0000:00:17.7:   bridge window [io  disabled]
Apr  1 10:56:54 euca-clc-sec kernel: pci 0000:00:17.7:   bridge window [0xd4200000-0xd42fffff]
Apr  1 10:56:54 euca-clc-sec kernel: pci 0000:00:17.7:   bridge window [0xdd600000-0xdd6fffff]
Apr  1 10:56:54 euca-clc-sec kernel: pci 0000:00:18.0: PCI bridge to [bus 1b-1b]
Apr  1 10:56:54 euca-clc-sec kernel: pci 0000:00:18.0: PCI bridge, secondary bus 0000:1b
Apr  1 10:56:54 euca-clc-sec kernel: pci 0000:00:18.0:   bridge window [0x7000-0x7fff]
Apr  1 10:56:54 euca-clc-sec kernel: pci 0000:00:18.0:   bridge window [0xd2700000-0xd27fffff]
Apr  1 10:56:54 euca-clc-sec kernel: pci 0000:00:18.0:   bridge window [0xd4700000-0xd47fffff]
Apr  1 10:56:54 euca-clc-sec kernel: pci 0000:00:18.1: PCI bridge to [bus 1c-1c]
Apr  1 10:56:54 euca-clc-sec kernel: pci 0000:00:18.1: PCI bridge, secondary bus 0000:1c
Apr  1 10:56:54 euca-clc-sec kernel: pci 0000:00:18.1:   bridge window [0xb000-0xbfff]
Apr  1 10:56:54 euca-clc-sec kernel: pci 0000:00:18.1:   bridge window [0xd2b00000-0xd2bfffff]
Apr  1 10:56:54 euca-clc-sec kernel: pci 0000:00:18.1:   bridge window [0xd4a00000-0xd4afffff]
Apr  1 10:56:54 euca-clc-sec kernel: pci 0000:00:18.2: PCI bridge to [bus 1d-1d]
Apr  1 10:56:54 euca-clc-sec kernel: pci 0000:00:18.2: PCI bridge, secondary bus 0000:1d
Apr  1 10:56:54 euca-clc-sec kernel: pci 0000:00:18.2:   bridge window [0xf000-0xffff]
Apr  1 10:56:54 euca-clc-sec kernel: pci 0000:00:18.2:   bridge window [0xd2f00000-0xd2ffffff]
Apr  1 10:56:54 euca-clc-sec kernel: pci 0000:00:18.2:   bridge window [0xd4c00000-0xd4cfffff]
Apr  1 10:56:54 euca-clc-sec kernel: pci 0000:00:18.3: PCI bridge to [bus 1e-1e]
Apr  1 10:56:54 euca-clc-sec kernel: pci 0000:00:18.3: PCI bridge, secondary bus 0000:1e
Apr  1 10:56:54 euca-clc-sec kernel: pci 0000:00:18.3:   bridge window [io  disabled]
Apr  1 10:56:54 euca-clc-sec kernel: pci 0000:00:18.3:   bridge window [0xd3300000-0xd33fffff]
Apr  1 10:56:54 euca-clc-sec kernel: pci 0000:00:18.3:   bridge window [0xd4e00000-0xd4efffff]
Apr  1 10:56:54 euca-clc-sec kernel: pci 0000:00:18.4: PCI bridge to [bus 1f-1f]
Apr  1 10:56:54 euca-clc-sec kernel: pci 0000:00:18.4: PCI bridge, secondary bus 0000:1f
Apr  1 10:56:54 euca-clc-sec kernel: pci 0000:00:18.4:   bridge window [io  disabled]
Apr  1 10:56:54 euca-clc-sec kernel: pci 0000:00:18.4:   bridge window [0xd3700000-0xd37fffff]
Apr  1 10:56:54 euca-clc-sec kernel: pci 0000:00:18.4:   bridge window [0xd5000000-0xd50fffff]
Apr  1 10:56:54 euca-clc-sec kernel: pci 0000:00:18.5: PCI bridge to [bus 20-20]
Apr  1 10:56:54 euca-clc-sec kernel: pci 0000:00:18.5: PCI bridge, secondary bus 0000:20
Apr  1 10:56:54 euca-clc-sec kernel: pci 0000:00:18.5:   bridge window [io  disabled]
Apr  1 10:56:54 euca-clc-sec kernel: pci 0000:00:18.5:   bridge window [0xd3b00000-0xd3bfffff]
Apr  1 10:56:54 euca-clc-sec kernel: pci 0000:00:18.5:   bridge window [0xd5200000-0xd52fffff]
Apr  1 10:56:54 euca-clc-sec kernel: pci 0000:00:18.6: PCI bridge to [bus 21-21]
Apr  1 10:56:54 euca-clc-sec kernel: pci 0000:00:18.6: PCI bridge, secondary bus 0000:21
Apr  1 10:56:54 euca-clc-sec kernel: pci 0000:00:18.6:   bridge window [io  disabled]
Apr  1 10:56:54 euca-clc-sec kernel: pci 0000:00:18.6:   bridge window [0xd3f00000-0xd3ffffff]
Apr  1 10:56:54 euca-clc-sec kernel: pci 0000:00:18.6:   bridge window [0xd5400000-0xd54fffff]
Apr  1 10:56:54 euca-clc-sec kernel: pci 0000:00:18.7: PCI bridge to [bus 22-22]
Apr  1 10:56:54 euca-clc-sec kernel: pci 0000:00:18.7: PCI bridge, secondary bus 0000:22
Apr  1 10:56:54 euca-clc-sec kernel: pci 0000:00:18.7:   bridge window [io  disabled]
Apr  1 10:56:54 euca-clc-sec kernel: pci 0000:00:18.7:   bridge window [0xd4300000-0xd43fffff]
Apr  1 10:56:54 euca-clc-sec kernel: pci 0000:00:18.7:   bridge window [0xd5600000-0xd56fffff]
Apr  1 10:56:54 euca-clc-sec kernel: NET: Registered protocol family 2
Apr  1 10:56:54 euca-clc-sec kernel: IP route cache hash table entries: 131072 (order: 8, 1048576 bytes)
Apr  1 10:56:54 euca-clc-sec kernel: TCP established hash table entries: 524288 (order: 11, 8388608 bytes)
Apr  1 10:56:54 euca-clc-sec kernel: TCP bind hash table entries: 65536 (order: 8, 1048576 bytes)
Apr  1 10:56:54 euca-clc-sec kernel: TCP: Hash tables configured (established 524288 bind 65536)
Apr  1 10:56:54 euca-clc-sec kernel: TCP reno registered
Apr  1 10:56:54 euca-clc-sec kernel: NET: Registered protocol family 1
Apr  1 10:56:54 euca-clc-sec kernel: pci 0000:00:00.0: Limiting direct PCI/PCI transfers
Apr  1 10:56:54 euca-clc-sec kernel: Trying to unpack rootfs image as initramfs...
Apr  1 10:56:54 euca-clc-sec kernel: Freeing initrd memory: 15717k freed
Apr  1 10:56:54 euca-clc-sec kernel: Simple Boot Flag at 0x36 set to 0x80
Apr  1 10:56:54 euca-clc-sec kernel: audit: initializing netlink socket (disabled)
Apr  1 10:56:54 euca-clc-sec kernel: type=2000 audit(1364793998.525:1): initialized
Apr  1 10:56:54 euca-clc-sec kernel: HugeTLB registered 2 MB page size, pre-allocated 0 pages
Apr  1 10:56:54 euca-clc-sec kernel: VFS: Disk quotas dquot_6.5.2
Apr  1 10:56:54 euca-clc-sec kernel: Dquot-cache hash table entries: 512 (order 0, 4096 bytes)
Apr  1 10:56:54 euca-clc-sec kernel: msgmni has been set to 7658
Apr  1 10:56:54 euca-clc-sec kernel: alg: No test for stdrng (krng)
Apr  1 10:56:54 euca-clc-sec kernel: ksign: Installing public key data
Apr  1 10:56:54 euca-clc-sec kernel: Loading keyring
Apr  1 10:56:54 euca-clc-sec kernel: - Added public key 3A25C209CBB1D210
Apr  1 10:56:54 euca-clc-sec kernel: - User ID: CentOS (Kernel Module GPG key)
Apr  1 10:56:54 euca-clc-sec kernel: Block layer SCSI generic (bsg) driver version 0.4 loaded (major 252)
Apr  1 10:56:54 euca-clc-sec kernel: io scheduler noop registered
Apr  1 10:56:54 euca-clc-sec kernel: io scheduler anticipatory registered
Apr  1 10:56:54 euca-clc-sec kernel: io scheduler deadline registered
Apr  1 10:56:54 euca-clc-sec kernel: io scheduler cfq registered (default)
Apr  1 10:56:54 euca-clc-sec kernel: pci_hotplug: PCI Hot Plug PCI Core version: 0.5
Apr  1 10:56:54 euca-clc-sec kernel: pciehp 0000:00:15.0:pcie5e4: HPC vendor_id 15ad device_id 7a0 ss_vid 0 ss_did 0
Apr  1 10:56:54 euca-clc-sec kernel: pciehp 0000:00:15.1:pcie244: HPC vendor_id 15ad device_id 7a0 ss_vid 0 ss_did 0
Apr  1 10:56:54 euca-clc-sec kernel: pciehp 0000:00:15.2:pcieffffffc4: HPC vendor_id 15ad device_id 7a0 ss_vid 0 ss_did 0
Apr  1 10:56:54 euca-clc-sec kernel: pciehp 0000:00:15.3:pcie344: HPC vendor_id 15ad device_id 7a0 ss_vid 0 ss_did 0
Apr  1 10:56:54 euca-clc-sec kernel: pciehp 0000:00:15.4:pcieffffffc4: HPC vendor_id 15ad device_id 7a0 ss_vid 0 ss_did 0
Apr  1 10:56:54 euca-clc-sec kernel: pciehp 0000:00:15.5:pcie344: HPC vendor_id 15ad device_id 7a0 ss_vid 0 ss_did 0
Apr  1 10:56:54 euca-clc-sec kernel: pciehp 0000:00:15.6:pcieffffffc4: HPC vendor_id 15ad device_id 7a0 ss_vid 0 ss_did 0
Apr  1 10:56:54 euca-clc-sec kernel: pciehp 0000:00:15.7:pcieffffffc4: HPC vendor_id 15ad device_id 7a0 ss_vid 0 ss_did 0
Apr  1 10:56:54 euca-clc-sec kernel: pciehp 0000:00:16.0:pcieffffffc4: HPC vendor_id 15ad device_id 7a0 ss_vid 0 ss_did 0
Apr  1 10:56:54 euca-clc-sec kernel: pciehp 0000:00:16.1:pcieffffffc4: HPC vendor_id 15ad device_id 7a0 ss_vid 0 ss_did 0
Apr  1 10:56:54 euca-clc-sec kernel: pciehp 0000:00:16.2:pcieffffffc4: HPC vendor_id 15ad device_id 7a0 ss_vid 0 ss_did 0
Apr  1 10:56:54 euca-clc-sec kernel: pciehp 0000:00:16.3:pcie344: HPC vendor_id 15ad device_id 7a0 ss_vid 0 ss_did 0
Apr  1 10:56:54 euca-clc-sec kernel: pciehp 0000:00:16.4:pcieffffffc4: HPC vendor_id 15ad device_id 7a0 ss_vid 0 ss_did 0
Apr  1 10:56:54 euca-clc-sec kernel: pciehp 0000:00:16.5:pcieffffffc4: HPC vendor_id 15ad device_id 7a0 ss_vid 0 ss_did 0
Apr  1 10:56:54 euca-clc-sec kernel: pciehp 0000:00:16.6:pcieffffffc4: HPC vendor_id 15ad device_id 7a0 ss_vid 0 ss_did 0
Apr  1 10:56:54 euca-clc-sec kernel: pciehp 0000:00:16.7:pcieffffffc4: HPC vendor_id 15ad device_id 7a0 ss_vid 0 ss_did 0
Apr  1 10:56:54 euca-clc-sec kernel: pciehp 0000:00:17.0:pcie854: HPC vendor_id 15ad device_id 7a0 ss_vid 0 ss_did 0
Apr  1 10:56:54 euca-clc-sec kernel: pciehp 0000:00:17.1:pcie854: HPC vendor_id 15ad device_id 7a0 ss_vid 0 ss_did 0
Apr  1 10:56:54 euca-clc-sec kernel: pciehp 0000:00:17.2:pciea54: HPC vendor_id 15ad device_id 7a0 ss_vid 0 ss_did 0
Apr  1 10:56:54 euca-clc-sec kernel: pciehp 0000:00:17.3:pciea84: HPC vendor_id 15ad device_id 7a0 ss_vid 0 ss_did 0
Apr  1 10:56:54 euca-clc-sec kernel: pciehp 0000:00:17.4:pcieffffffc4: HPC vendor_id 15ad device_id 7a0 ss_vid 0 ss_did 0
Apr  1 10:56:54 euca-clc-sec kernel: pciehp 0000:00:17.5:pcieb34: HPC vendor_id 15ad device_id 7a0 ss_vid 0 ss_did 0
Apr  1 10:56:54 euca-clc-sec kernel: pciehp 0000:00:17.6:pcie484: HPC vendor_id 15ad device_id 7a0 ss_vid 0 ss_did 0
Apr  1 10:56:54 euca-clc-sec kernel: pciehp 0000:00:17.7:pcie704: HPC vendor_id 15ad device_id 7a0 ss_vid 0 ss_did 0
Apr  1 10:56:54 euca-clc-sec kernel: pciehp 0000:00:18.0:pcieffffffc4: HPC vendor_id 15ad device_id 7a0 ss_vid 0 ss_did 0
Apr  1 10:56:54 euca-clc-sec kernel: pciehp 0000:00:18.1:pcieffffffc4: HPC vendor_id 15ad device_id 7a0 ss_vid 0 ss_did 0
Apr  1 10:56:54 euca-clc-sec kernel: pciehp 0000:00:18.2:pcieffffffc4: HPC vendor_id 15ad device_id 7a0 ss_vid 0 ss_did 0
Apr  1 10:56:54 euca-clc-sec kernel: pciehp 0000:00:18.3:pcieffffffc4: HPC vendor_id 15ad device_id 7a0 ss_vid 0 ss_did 0
Apr  1 10:56:54 euca-clc-sec kernel: pciehp 0000:00:18.4:pcieffffffc4: HPC vendor_id 15ad device_id 7a0 ss_vid 0 ss_did 0
Apr  1 10:56:54 euca-clc-sec kernel: pciehp 0000:00:18.5:pcieffffffc4: HPC vendor_id 15ad device_id 7a0 ss_vid 0 ss_did 0
Apr  1 10:56:54 euca-clc-sec kernel: pciehp 0000:00:18.6:pcieffffffc4: HPC vendor_id 15ad device_id 7a0 ss_vid 0 ss_did 0
Apr  1 10:56:54 euca-clc-sec kernel: pciehp 0000:00:18.7:pcieffffffc4: HPC vendor_id 15ad device_id 7a0 ss_vid 0 ss_did 0
Apr  1 10:56:54 euca-clc-sec kernel: pciehp: PCI Express Hot Plug Controller Driver version: 0.4
Apr  1 10:56:54 euca-clc-sec kernel: acpiphp: ACPI Hot Plug PCI Controller Driver version: 0.5
Apr  1 10:56:54 euca-clc-sec kernel: acpiphp: Slot [32] registered
Apr  1 10:56:54 euca-clc-sec kernel: acpiphp: Slot [33] registered
Apr  1 10:56:54 euca-clc-sec kernel: acpiphp: Slot [34] registered
Apr  1 10:56:54 euca-clc-sec kernel: acpiphp: Slot [35] registered
Apr  1 10:56:54 euca-clc-sec kernel: acpiphp: Slot [36] registered
Apr  1 10:56:54 euca-clc-sec kernel: acpiphp: Slot [37] registered
Apr  1 10:56:54 euca-clc-sec kernel: acpiphp: Slot [38] registered
Apr  1 10:56:54 euca-clc-sec kernel: acpiphp: Slot [39] registered
Apr  1 10:56:54 euca-clc-sec kernel: acpiphp: Slot [40] registered
Apr  1 10:56:54 euca-clc-sec kernel: acpiphp: Slot [41] registered
Apr  1 10:56:54 euca-clc-sec kernel: acpiphp: Slot [42] registered
Apr  1 10:56:54 euca-clc-sec kernel: acpiphp: Slot [43] registered
Apr  1 10:56:54 euca-clc-sec kernel: acpiphp: Slot [44] registered
Apr  1 10:56:54 euca-clc-sec kernel: acpiphp: Slot [45] registered
Apr  1 10:56:54 euca-clc-sec kernel: acpiphp: Slot [46] registered
Apr  1 10:56:54 euca-clc-sec kernel: acpiphp: Slot [47] registered
Apr  1 10:56:54 euca-clc-sec kernel: acpiphp: Slot [48] registered
Apr  1 10:56:54 euca-clc-sec kernel: acpiphp: Slot [49] registered
Apr  1 10:56:54 euca-clc-sec kernel: acpiphp: Slot [50] registered
Apr  1 10:56:54 euca-clc-sec kernel: acpiphp: Slot [51] registered
Apr  1 10:56:54 euca-clc-sec kernel: acpiphp: Slot [52] registered
Apr  1 10:56:54 euca-clc-sec kernel: acpiphp: Slot [53] registered
Apr  1 10:56:54 euca-clc-sec kernel: acpiphp: Slot [54] registered
Apr  1 10:56:54 euca-clc-sec kernel: acpiphp: Slot [55] registered
Apr  1 10:56:54 euca-clc-sec kernel: acpiphp: Slot [56] registered
Apr  1 10:56:54 euca-clc-sec kernel: acpiphp: Slot [57] registered
Apr  1 10:56:54 euca-clc-sec kernel: acpiphp: Slot [58] registered
Apr  1 10:56:54 euca-clc-sec kernel: acpiphp: Slot [59] registered
Apr  1 10:56:54 euca-clc-sec kernel: acpiphp: Slot [60] registered
Apr  1 10:56:54 euca-clc-sec kernel: acpiphp: Slot [61] registered
Apr  1 10:56:54 euca-clc-sec kernel: acpiphp: Slot [62] registered
Apr  1 10:56:54 euca-clc-sec kernel: acpiphp: Slot [63] registered
Apr  1 10:56:54 euca-clc-sec kernel: acpiphp_glue: Slot 160 already registered by another hotplug driver
Apr  1 10:56:54 euca-clc-sec kernel: acpiphp_glue: Slot 192 already registered by another hotplug driver
Apr  1 10:56:54 euca-clc-sec kernel: acpiphp_glue: Slot 224 already registered by another hotplug driver
Apr  1 10:56:54 euca-clc-sec kernel: acpiphp_glue: Slot 256 already registered by another hotplug driver
Apr  1 10:56:54 euca-clc-sec kernel: acpiphp_glue: Slot 161 already registered by another hotplug driver
Apr  1 10:56:54 euca-clc-sec kernel: acpiphp_glue: Slot 162 already registered by another hotplug driver
Apr  1 10:56:54 euca-clc-sec kernel: acpiphp_glue: Slot 163 already registered by another hotplug driver
Apr  1 10:56:54 euca-clc-sec kernel: acpiphp_glue: Slot 164 already registered by another hotplug driver
Apr  1 10:56:54 euca-clc-sec kernel: acpiphp_glue: Slot 165 already registered by another hotplug driver
Apr  1 10:56:54 euca-clc-sec kernel: acpiphp_glue: Slot 166 already registered by another hotplug driver
Apr  1 10:56:54 euca-clc-sec kernel: acpiphp_glue: Slot 167 already registered by another hotplug driver
Apr  1 10:56:54 euca-clc-sec kernel: acpiphp_glue: Slot 193 already registered by another hotplug driver
Apr  1 10:56:54 euca-clc-sec kernel: acpiphp_glue: Slot 194 already registered by another hotplug driver
Apr  1 10:56:54 euca-clc-sec kernel: acpiphp_glue: Slot 195 already registered by another hotplug driver
Apr  1 10:56:54 euca-clc-sec kernel: acpiphp_glue: Slot 196 already registered by another hotplug driver
Apr  1 10:56:54 euca-clc-sec kernel: acpiphp_glue: Slot 197 already registered by another hotplug driver
Apr  1 10:56:54 euca-clc-sec kernel: acpiphp_glue: Slot 198 already registered by another hotplug driver
Apr  1 10:56:54 euca-clc-sec kernel: acpiphp_glue: Slot 199 already registered by another hotplug driver
Apr  1 10:56:54 euca-clc-sec kernel: acpiphp_glue: Slot 225 already registered by another hotplug driver
Apr  1 10:56:54 euca-clc-sec kernel: acpiphp_glue: Slot 226 already registered by another hotplug driver
Apr  1 10:56:54 euca-clc-sec kernel: acpiphp_glue: Slot 227 already registered by another hotplug driver
Apr  1 10:56:54 euca-clc-sec kernel: acpiphp_glue: Slot 228 already registered by another hotplug driver
Apr  1 10:56:54 euca-clc-sec kernel: acpiphp_glue: Slot 229 already registered by another hotplug driver
Apr  1 10:56:54 euca-clc-sec kernel: acpiphp_glue: Slot 230 already registered by another hotplug driver
Apr  1 10:56:54 euca-clc-sec kernel: acpiphp_glue: Slot 231 already registered by another hotplug driver
Apr  1 10:56:54 euca-clc-sec kernel: acpiphp_glue: Slot 257 already registered by another hotplug driver
Apr  1 10:56:54 euca-clc-sec kernel: acpiphp_glue: Slot 258 already registered by another hotplug driver
Apr  1 10:56:54 euca-clc-sec kernel: acpiphp_glue: Slot 259 already registered by another hotplug driver
Apr  1 10:56:54 euca-clc-sec kernel: acpiphp_glue: Slot 260 already registered by another hotplug driver
Apr  1 10:56:54 euca-clc-sec kernel: acpiphp_glue: Slot 261 already registered by another hotplug driver
Apr  1 10:56:54 euca-clc-sec kernel: acpiphp_glue: Slot 262 already registered by another hotplug driver
Apr  1 10:56:54 euca-clc-sec kernel: acpiphp_glue: Slot 263 already registered by another hotplug driver
Apr  1 10:56:54 euca-clc-sec kernel: ACPI: AC Adapter [ACAD] (on-line)
Apr  1 10:56:54 euca-clc-sec kernel: input: Power Button as /devices/LNXSYSTM:00/LNXPWRBN:00/input/input0
Apr  1 10:56:54 euca-clc-sec kernel: ACPI: Power Button [PWRF]
Apr  1 10:56:54 euca-clc-sec kernel: processor LNXCPU:00: registered as cooling_device0
Apr  1 10:56:54 euca-clc-sec kernel: ERST: Table is not found!
Apr  1 10:56:54 euca-clc-sec kernel: GHES: HEST is not enabled!
Apr  1 10:56:54 euca-clc-sec kernel: Non-volatile memory driver v1.3
Apr  1 10:56:54 euca-clc-sec kernel: Linux agpgart interface v0.103
Apr  1 10:56:54 euca-clc-sec kernel: agpgart-intel 0000:00:00.0: Intel 440BX Chipset
Apr  1 10:56:54 euca-clc-sec kernel: agpgart-intel 0000:00:00.0: AGP aperture is 256M @ 0x0
Apr  1 10:56:54 euca-clc-sec kernel: crash memory driver: version 1.1
Apr  1 10:56:54 euca-clc-sec kernel: Serial: 8250/16550 driver, 4 ports, IRQ sharing enabled
Apr  1 10:56:54 euca-clc-sec kernel: serial8250: ttyS0 at I/O 0x3f8 (irq = 4) is a 16550A
Apr  1 10:56:54 euca-clc-sec kernel: serial8250: ttyS1 at I/O 0x2f8 (irq = 3) is a 16550A
Apr  1 10:56:54 euca-clc-sec kernel: 00:0a: ttyS0 at I/O 0x3f8 (irq = 4) is a 16550A
Apr  1 10:56:54 euca-clc-sec kernel: 00:0b: ttyS1 at I/O 0x2f8 (irq = 3) is a 16550A
Apr  1 10:56:54 euca-clc-sec kernel: brd: module loaded
Apr  1 10:56:54 euca-clc-sec kernel: loop: module loaded
Apr  1 10:56:54 euca-clc-sec kernel: input: Macintosh mouse button emulation as /devices/virtual/input/input1
Apr  1 10:56:54 euca-clc-sec kernel: Fixed MDIO Bus: probed
Apr  1 10:56:54 euca-clc-sec kernel: ehci_hcd: USB 2.0 'Enhanced' Host Controller (EHCI) Driver
Apr  1 10:56:54 euca-clc-sec kernel: ohci_hcd: USB 1.1 'Open' Host Controller (OHCI) Driver
Apr  1 10:56:54 euca-clc-sec kernel: uhci_hcd: USB Universal Host Controller Interface driver
Apr  1 10:56:54 euca-clc-sec kernel: PNP: PS/2 Controller [PNP0303:KBC,PNP0f13:MOUS] at 0x60,0x64 irq 1,12
Apr  1 10:56:54 euca-clc-sec kernel: serio: i8042 KBD port at 0x60,0x64 irq 1
Apr  1 10:56:54 euca-clc-sec kernel: serio: i8042 AUX port at 0x60,0x64 irq 12
Apr  1 10:56:54 euca-clc-sec kernel: mice: PS/2 mouse device common for all mice
Apr  1 10:56:54 euca-clc-sec kernel: rtc_cmos 00:04: rtc core: registered rtc_cmos as rtc0
Apr  1 10:56:54 euca-clc-sec kernel: rtc0: alarms up to one month, y3k, 114 bytes nvram, hpet irqs
Apr  1 10:56:54 euca-clc-sec kernel: cpuidle: using governor ladder
Apr  1 10:56:54 euca-clc-sec kernel: cpuidle: using governor menu
Apr  1 10:56:54 euca-clc-sec kernel: usbcore: registered new interface driver hiddev
Apr  1 10:56:54 euca-clc-sec kernel: usbcore: registered new interface driver usbhid
Apr  1 10:56:54 euca-clc-sec kernel: usbhid: v2.6:USB HID core driver
Apr  1 10:56:54 euca-clc-sec kernel: TCP cubic registered
Apr  1 10:56:54 euca-clc-sec kernel: Initializing XFRM netlink socket
Apr  1 10:56:54 euca-clc-sec kernel: NET: Registered protocol family 17
Apr  1 10:56:54 euca-clc-sec kernel: registered taskstats version 1
Apr  1 10:56:54 euca-clc-sec kernel: input: AT Translated Set 2 keyboard as /devices/platform/i8042/serio0/input/input2
Apr  1 10:56:54 euca-clc-sec kernel: input: ImPS/2 Generic Wheel Mouse as /devices/platform/i8042/serio1/input/input3
Apr  1 10:56:54 euca-clc-sec kernel: rtc_cmos 00:04: setting system clock to 2013-04-01 05:26:40 UTC (1364794000)
Apr  1 10:56:54 euca-clc-sec kernel: Initalizing network drop monitor service
Apr  1 10:56:54 euca-clc-sec kernel: Freeing unused kernel memory: 1244k freed
Apr  1 10:56:54 euca-clc-sec kernel: Write protecting the kernel read-only data: 10240k
Apr  1 10:56:54 euca-clc-sec kernel: Freeing unused kernel memory: 1040k freed
Apr  1 10:56:54 euca-clc-sec kernel: Freeing unused kernel memory: 1760k freed
Apr  1 10:56:54 euca-clc-sec kernel: dracut: dracut-004-256.el6
Apr  1 10:56:54 euca-clc-sec kernel: dracut: rd_NO_LUKS: removing cryptoluks activation
Apr  1 10:56:54 euca-clc-sec kernel: device-mapper: uevent: version 1.0.3
Apr  1 10:56:54 euca-clc-sec kernel: device-mapper: ioctl: 4.22.6-ioctl (2011-10-19) initialised: dm-devel@redhat.com
Apr  1 10:56:54 euca-clc-sec kernel: udev: starting version 147
Apr  1 10:56:54 euca-clc-sec kernel: dracut: Starting plymouth daemon
Apr  1 10:56:54 euca-clc-sec kernel: dracut: rd_NO_DM: removing DM RAID activation
Apr  1 10:56:54 euca-clc-sec kernel: dracut: rd_NO_MD: removing MD RAID activation
Apr  1 10:56:54 euca-clc-sec kernel: scsi0 : ata_piix
Apr  1 10:56:54 euca-clc-sec kernel: scsi1 : ata_piix
Apr  1 10:56:54 euca-clc-sec kernel: ata1: PATA max UDMA/33 cmd 0x1f0 ctl 0x3f6 bmdma 0x10c0 irq 14
Apr  1 10:56:54 euca-clc-sec kernel: ata2: PATA max UDMA/33 cmd 0x170 ctl 0x376 bmdma 0x10c8 irq 15
Apr  1 10:56:54 euca-clc-sec kernel: ata2.00: ATAPI: VMware Virtual IDE CDROM Drive, 00000001, max UDMA/33
Apr  1 10:56:54 euca-clc-sec kernel: ata2.00: configured for UDMA/33
Apr  1 10:56:54 euca-clc-sec kernel: scsi 1:0:0:0: CD-ROM            NECVMWar VMware IDE CDR10 1.00 PQ: 0 ANSI: 5
Apr  1 10:56:54 euca-clc-sec kernel: Fusion MPT base driver 3.04.19
Apr  1 10:56:54 euca-clc-sec kernel: Copyright (c) 1999-2008 LSI Corporation
Apr  1 10:56:54 euca-clc-sec kernel: Fusion MPT SPI Host driver 3.04.19
Apr  1 10:56:54 euca-clc-sec kernel: mptspi 0000:00:10.0: PCI INT A -> GSI 17 (level, low) -> IRQ 17
Apr  1 10:56:54 euca-clc-sec kernel: mptbase: ioc0: Initiating bringup
Apr  1 10:56:54 euca-clc-sec kernel: ioc0: LSI53C1030 B0: Capabilities={Initiator}
Apr  1 10:56:54 euca-clc-sec kernel: scsi2 : ioc0: LSI53C1030 B0, FwRev=01032920h, Ports=1, MaxQ=128, IRQ=17
Apr  1 10:56:54 euca-clc-sec kernel: scsi 2:0:0:0: Direct-Access     VMware   Virtual disk     1.0  PQ: 0 ANSI: 2
Apr  1 10:56:54 euca-clc-sec kernel: scsi target2:0:0: Beginning Domain Validation
Apr  1 10:56:54 euca-clc-sec kernel: scsi target2:0:0: Domain Validation skipping write tests
Apr  1 10:56:54 euca-clc-sec kernel: scsi target2:0:0: Ending Domain Validation
Apr  1 10:56:54 euca-clc-sec kernel: scsi target2:0:0: FAST-40 WIDE SCSI 80.0 MB/s ST (25 ns, offset 127)
Apr  1 10:56:54 euca-clc-sec kernel: sr0: scsi3-mmc drive: 1x/1x writer dvd-ram cd/rw xa/form2 cdda tray
Apr  1 10:56:54 euca-clc-sec kernel: Uniform CD-ROM driver Revision: 3.20
Apr  1 10:56:54 euca-clc-sec kernel: sd 2:0:0:0: [sda] 83886080 512-byte logical blocks: (42.9 GB/40.0 GiB)
Apr  1 10:56:54 euca-clc-sec kernel: sd 2:0:0:0: [sda] Write Protect is off
Apr  1 10:56:54 euca-clc-sec kernel: sd 2:0:0:0: [sda] Cache data unavailable
Apr  1 10:56:54 euca-clc-sec kernel: sd 2:0:0:0: [sda] Assuming drive cache: write through
Apr  1 10:56:54 euca-clc-sec kernel: sd 2:0:0:0: [sda] Cache data unavailable
Apr  1 10:56:54 euca-clc-sec kernel: sd 2:0:0:0: [sda] Assuming drive cache: write through
Apr  1 10:56:54 euca-clc-sec kernel: sda: sda1 sda2
Apr  1 10:56:54 euca-clc-sec kernel: sd 2:0:0:0: [sda] Cache data unavailable
Apr  1 10:56:54 euca-clc-sec kernel: sd 2:0:0:0: [sda] Assuming drive cache: write through
Apr  1 10:56:54 euca-clc-sec kernel: sd 2:0:0:0: [sda] Attached SCSI disk
Apr  1 10:56:54 euca-clc-sec kernel: dracut: Scanning devices sda2  for LVM logical volumes VolGroup/lv_swap VolGroup/lv_root 
Apr  1 10:56:54 euca-clc-sec kernel: dracut: inactive '/dev/VolGroup/lv_root' [33.63 GiB] inherit
Apr  1 10:56:54 euca-clc-sec kernel: dracut: inactive '/dev/VolGroup/lv_swap' [5.88 GiB] inherit
Apr  1 10:56:54 euca-clc-sec kernel: EXT4-fs (dm-0): mounted filesystem with ordered data mode. Opts: 
Apr  1 10:56:54 euca-clc-sec kernel: dracut: Mounted root filesystem /dev/mapper/VolGroup-lv_root
Apr  1 10:56:54 euca-clc-sec kernel: dracut: Loading SELinux policy
Apr  1 10:56:54 euca-clc-sec kernel: type=1404 audit(1364794001.915:2): enforcing=1 old_enforcing=0 auid=4294967295 ses=4294967295
Apr  1 10:56:54 euca-clc-sec kernel: type=1403 audit(1364794002.403:3): policy loaded auid=4294967295 ses=4294967295
Apr  1 10:56:54 euca-clc-sec kernel: dracut: 
Apr  1 10:56:54 euca-clc-sec kernel: dracut: Switching root
Apr  1 10:56:54 euca-clc-sec kernel: readahead-collector: starting
Apr  1 10:56:54 euca-clc-sec kernel: udev: starting version 147
Apr  1 10:56:54 euca-clc-sec kernel: shpchp: Standard Hot Plug PCI Controller Driver version: 0.4
Apr  1 10:56:54 euca-clc-sec kernel: piix4_smbus 0000:00:07.3: Host SMBus controller not enabled!
Apr  1 10:56:54 euca-clc-sec kernel: sr 1:0:0:0: Attached scsi generic sg0 type 5
Apr  1 10:56:54 euca-clc-sec kernel: sd 2:0:0:0: Attached scsi generic sg1 type 0
Apr  1 10:56:54 euca-clc-sec kernel: microcode: CPU0 sig=0x206a7, pf=0x1, revision=0x25
Apr  1 10:56:54 euca-clc-sec kernel: platform microcode: firmware: requesting intel-ucode/06-2a-07
Apr  1 10:56:54 euca-clc-sec kernel: Microcode Update Driver: v2.00 <tigran@aivazian.fsnet.co.uk>, Peter Oruba
Apr  1 10:56:54 euca-clc-sec kernel: e1000: Intel(R) PRO/1000 Network Driver - version 7.3.21-k6-1-NAPI
Apr  1 10:56:54 euca-clc-sec kernel: e1000: Copyright (c) 1999-2006 Intel Corporation.
Apr  1 10:56:54 euca-clc-sec kernel: e1000 0000:02:00.0: PCI INT A -> GSI 18 (level, low) -> IRQ 18
Apr  1 10:56:54 euca-clc-sec kernel: e1000 0000:02:00.0: eth0: (PCI:66MHz:32-bit) 00:0c:29:45:1d:49
Apr  1 10:56:54 euca-clc-sec kernel: e1000 0000:02:00.0: eth0: Intel(R) PRO/1000 Network Connection
Apr  1 10:56:54 euca-clc-sec kernel: parport_pc 00:09: reported by Plug and Play ACPI
Apr  1 10:56:54 euca-clc-sec kernel: parport0: PC-style at 0x378, irq 7 [PCSPP,TRISTATE]
Apr  1 10:56:54 euca-clc-sec kernel: ppdev: user-space parallel port driver
Apr  1 10:56:54 euca-clc-sec kernel: EXT4-fs (sda1): mounted filesystem with ordered data mode. Opts: 
Apr  1 10:56:54 euca-clc-sec kernel: Adding 6160376k swap on /dev/mapper/VolGroup-lv_swap.  Priority:-1 extents:1 across:6160376k 
Apr  1 10:56:54 euca-clc-sec kernel: readahead-disable-service: delaying service auditd
Apr  1 10:56:54 euca-clc-sec kernel: NET: Registered protocol family 10
Apr  1 10:56:54 euca-clc-sec kernel: lo: Disabled Privacy Extensions
Apr  1 10:56:54 euca-clc-sec kernel: ip6_tables: (C) 2000-2006 Netfilter Core Team
Apr  1 10:56:54 euca-clc-sec kernel: nf_conntrack version 0.5.0 (16384 buckets, 65536 max)
Apr  1 10:56:54 euca-clc-sec kernel: ip_tables: (C) 2000-2006 Netfilter Core Team
Apr  1 10:56:54 euca-clc-sec kernel: e1000: eth0 NIC Link is Up 1000 Mbps Full Duplex, Flow Control: None
Apr  1 10:57:04 euca-clc-sec kdump: kexec: loaded kdump kernel
Apr  1 10:57:04 euca-clc-sec kdump: started up
Apr  1 10:57:04 euca-clc-sec dbus: avc:  netlink poll: error 4
Apr  1 10:57:05 euca-clc-sec NetworkManager[5090]: <info> NetworkManager (version 0.8.1-15.el6) is starting...
Apr  1 10:57:05 euca-clc-sec NetworkManager[5090]: <info> Read config file /etc/NetworkManager/NetworkManager.conf
Apr  1 10:57:05 euca-clc-sec NetworkManager[5090]: <info> trying to start the modem manager...
Apr  1 10:57:05 euca-clc-sec modem-manager: ModemManager (version 0.4.0-3.git20100628.el6) starting...
Apr  1 10:57:05 euca-clc-sec modem-manager: Loaded plugin Gobi
Apr  1 10:57:05 euca-clc-sec modem-manager: Loaded plugin Huawei
Apr  1 10:57:05 euca-clc-sec modem-manager: Loaded plugin SimTech
Apr  1 10:57:05 euca-clc-sec modem-manager: Loaded plugin Generic
Apr  1 10:57:05 euca-clc-sec modem-manager: Loaded plugin Novatel
Apr  1 10:57:05 euca-clc-sec modem-manager: Loaded plugin AnyData
Apr  1 10:57:05 euca-clc-sec modem-manager: Loaded plugin MotoC
Apr  1 10:57:05 euca-clc-sec modem-manager: Loaded plugin Longcheer
Apr  1 10:57:05 euca-clc-sec modem-manager: Loaded plugin Nokia
Apr  1 10:57:05 euca-clc-sec avahi-daemon[5102]: Found user 'avahi' (UID 70) and group 'avahi' (GID 70).
Apr  1 10:57:05 euca-clc-sec avahi-daemon[5102]: Successfully dropped root privileges.
Apr  1 10:57:05 euca-clc-sec avahi-daemon[5102]: avahi-daemon 0.6.25 starting up.
Apr  1 10:57:05 euca-clc-sec avahi-daemon[5102]: WARNING: No NSS support for mDNS detected, consider installing nss-mdns!
Apr  1 10:57:05 euca-clc-sec avahi-daemon[5102]: Successfully called chroot().
Apr  1 10:57:05 euca-clc-sec avahi-daemon[5102]: Successfully dropped remaining capabilities.
Apr  1 10:57:05 euca-clc-sec modem-manager: Loaded plugin Ericsson MBM
Apr  1 10:57:05 euca-clc-sec avahi-daemon[5102]: Loading service file /services/ssh.service.
Apr  1 10:57:05 euca-clc-sec modem-manager: Loaded plugin Option High-Speed
Apr  1 10:57:05 euca-clc-sec avahi-daemon[5102]: Joining mDNS multicast group on interface eth0.IPv4 with address 172.30.58.12.
Apr  1 10:57:05 euca-clc-sec avahi-daemon[5102]: New relevant interface eth0.IPv4 for mDNS.
Apr  1 10:57:05 euca-clc-sec avahi-daemon[5102]: Network interface enumeration completed.
Apr  1 10:57:05 euca-clc-sec avahi-daemon[5102]: Registering new address record for fe80::20c:29ff:fe45:1d49 on eth0.*.
Apr  1 10:57:05 euca-clc-sec avahi-daemon[5102]: Registering new address record for 172.30.58.12 on eth0.IPv4.
Apr  1 10:57:05 euca-clc-sec avahi-daemon[5102]: Registering HINFO record with values 'X86_64'/'LINUX'.
Apr  1 10:57:05 euca-clc-sec NetworkManager[5090]: <info> monitoring kernel firmware directory '/lib/firmware'.
Apr  1 10:57:05 euca-clc-sec modem-manager: Loaded plugin Option
Apr  1 10:57:05 euca-clc-sec modem-manager: Loaded plugin Sierra
Apr  1 10:57:05 euca-clc-sec modem-manager: Loaded plugin ZTE
Apr  1 10:57:05 euca-clc-sec NetworkManager[5090]:    ifcfg-rh: Acquired D-Bus service com.redhat.ifcfgrh1
Apr  1 10:57:05 euca-clc-sec NetworkManager[5090]: <info> Loaded plugin ifcfg-rh: (c) 2007 - 2008 Red Hat, Inc.  To report bugs please use the NetworkManager mailing list.
Apr  1 10:57:05 euca-clc-sec NetworkManager[5090]:    ifcfg-rh: parsing /etc/sysconfig/network-scripts/ifcfg-lo ... 
Apr  1 10:57:05 euca-clc-sec NetworkManager[5090]:    ifcfg-rh: parsing /etc/sysconfig/network-scripts/ifcfg-eth0 ... 
Apr  1 10:57:05 euca-clc-sec NetworkManager[5090]:    ifcfg-rh:     read connection 'System eth0'
Apr  1 10:57:05 euca-clc-sec NetworkManager[5090]: <info> WiFi enabled by radio killswitch; enabled by state file
Apr  1 10:57:05 euca-clc-sec NetworkManager[5090]: <info> WWAN enabled by radio killswitch; enabled by state file
Apr  1 10:57:05 euca-clc-sec NetworkManager[5090]: <info> WiMAX enabled by radio killswitch; enabled by state file
Apr  1 10:57:05 euca-clc-sec NetworkManager[5090]: <info> Networking is enabled by state file
Apr  1 10:57:05 euca-clc-sec NetworkManager[5090]: <info> (eth0): carrier is ON
Apr  1 10:57:05 euca-clc-sec NetworkManager[5090]: <info> (eth0): new Ethernet device (driver: 'e1000' ifindex: 2)
Apr  1 10:57:05 euca-clc-sec NetworkManager[5090]: <info> (eth0): exported as /org/freedesktop/NetworkManager/Devices/0
Apr  1 10:57:05 euca-clc-sec NetworkManager[5090]: <info> (eth0): now managed
Apr  1 10:57:05 euca-clc-sec NetworkManager[5090]: <info> (eth0): device state change: 1 -> 2 (reason 41)
Apr  1 10:57:05 euca-clc-sec NetworkManager[5090]: <info> (eth0): preparing device.
Apr  1 10:57:05 euca-clc-sec NetworkManager[5090]: <info> Activation (eth0) starting connection 'System eth0'
Apr  1 10:57:05 euca-clc-sec NetworkManager[5090]: <info> (eth0): device state change: 2 -> 7 (reason 0)
Apr  1 10:57:05 euca-clc-sec NetworkManager[5090]: <info> Activation (eth0) Stage 3 of 5 (IP Configure Start) scheduled.
Apr  1 10:57:05 euca-clc-sec NetworkManager[5090]: <info> modem-manager is now available
Apr  1 10:57:05 euca-clc-sec NetworkManager[5090]: <warn> bluez error getting default adapter: The name org.bluez was not provided by any .service files
Apr  1 10:57:05 euca-clc-sec NetworkManager[5090]: <info> Trying to start the supplicant...
Apr  1 10:57:05 euca-clc-sec NetworkManager[5090]: <info> Activation (eth0) Stage 3 of 5 (IP Configure Start) started...
Apr  1 10:57:05 euca-clc-sec NetworkManager[5090]: <info> Activation (eth0) Stage 4 of 5 (IP4 Configure Get) scheduled...
Apr  1 10:57:05 euca-clc-sec NetworkManager[5090]: <info> Activation (eth0) Stage 3 of 5 (IP Configure Start) complete.
Apr  1 10:57:05 euca-clc-sec NetworkManager[5090]: <info> Activation (eth0) Stage 4 of 5 (IP4 Configure Get) started...
Apr  1 10:57:05 euca-clc-sec NetworkManager[5090]: <info> Activation (eth0) Stage 5 of 5 (IP Configure Commit) scheduled...
Apr  1 10:57:05 euca-clc-sec NetworkManager[5090]: <info> Activation (eth0) Stage 4 of 5 (IP4 Configure Get) complete.
Apr  1 10:57:05 euca-clc-sec NetworkManager[5090]: <info> Activation (eth0) Stage 5 of 5 (IP Configure Commit) started...
Apr  1 10:57:05 euca-clc-sec NetworkManager[5090]: <info> (eth0): device state change: 7 -> 8 (reason 0)
Apr  1 10:57:05 euca-clc-sec NetworkManager[5090]: <info> Policy set 'System eth0' (eth0) as default for IPv4 routing and DNS.
Apr  1 10:57:05 euca-clc-sec NetworkManager[5090]: <info> Activation (eth0) successful, device activated.
Apr  1 10:57:05 euca-clc-sec NetworkManager[5090]: <info> Activation (eth0) Stage 5 of 5 (IP Configure Commit) complete.
Apr  1 10:57:05 euca-clc-sec rpc.statd[5125]: Version 1.2.3 starting
Apr  1 10:57:05 euca-clc-sec sm-notify[5126]: Version 1.2.3 starting
Apr  1 10:57:05 euca-clc-sec rpc.statd[5125]: Initializing NSM state
Apr  1 10:57:06 euca-clc-sec avahi-daemon[5102]: Server startup complete. Host name is euca-clc-sec.local. Local service cookie is 566702987.
Apr  1 10:57:06 euca-clc-sec kernel: RPC: Registered udp transport module.
Apr  1 10:57:06 euca-clc-sec kernel: RPC: Registered tcp transport module.
Apr  1 10:57:06 euca-clc-sec kernel: RPC: Registered tcp NFSv4.1 backchannel transport module.
Apr  1 10:57:06 euca-clc-sec avahi-daemon[5102]: Service "euca-clc-sec" (/services/ssh.service) successfully established.
Apr  1 10:57:07 euca-clc-sec acpid: starting up
Apr  1 10:57:07 euca-clc-sec acpid: 1 rule loaded
Apr  1 10:57:07 euca-clc-sec acpid: waiting for events: event logging is off
Apr  1 10:57:08 euca-clc-sec acpid: client connected from 5377[68:68]
Apr  1 10:57:08 euca-clc-sec acpid: 1 client rule loaded
Apr  1 10:57:08 euca-clc-sec pcscd: pcscdaemon.c:506:main() pcsc-lite 1.5.2 daemon ready.
Apr  1 10:57:08 euca-clc-sec mcelog: failed to prefill DIMM database from DMI data
Apr  1 10:57:08 euca-clc-sec mcelog: mcelog read: No such device
Apr  1 10:57:10 euca-clc-sec xinetd[5454]: xinetd Version 2.3.14 started with libwrap loadavg labeled-networking options compiled in.
Apr  1 10:57:10 euca-clc-sec xinetd[5454]: Started working: 0 available services
Apr  1 10:57:10 euca-clc-sec abrtd: Init complete, entering main loop
Apr  1 10:57:10 euca-clc-sec /usr/sbin/gpm[5577]: *** info [daemon/startup.c(136)]: 
Apr  1 10:57:10 euca-clc-sec /usr/sbin/gpm[5577]: Started gpm successfully. Entered daemon mode.
Apr  1 10:57:11 euca-clc-sec qpidd[5589]: 2013-04-01 10:57:11 notice Listening on TCP port 5672
Apr  1 10:57:11 euca-clc-sec qpidd[5589]: 2013-04-01 10:57:11 notice SSL plugin not enabled, you must set --ssl-cert-db to enable it.
Apr  1 10:57:11 euca-clc-sec qpidd[5589]: 2013-04-01 10:57:11 notice Broker running
Apr  1 10:57:58 euca-clc-sec ntpd[5779]: ntpd 4.2.4p8@1.1612-o Tue Nov 29 00:09:12 UTC 2011 (1)
Apr  1 10:57:58 euca-clc-sec ntpd[5780]: precision = 0.086 usec
Apr  1 10:57:58 euca-clc-sec ntpd[5780]: Listening on interface #0 wildcard, 0.0.0.0#123 Disabled
Apr  1 10:57:58 euca-clc-sec ntpd[5780]: Listening on interface #1 wildcard, ::#123 Disabled
Apr  1 10:57:58 euca-clc-sec ntpd[5780]: Listening on interface #2 lo, ::1#123 Enabled
Apr  1 10:57:58 euca-clc-sec ntpd[5780]: Listening on interface #3 eth0, fe80::20c:29ff:fe45:1d49#123 Enabled
Apr  1 10:57:58 euca-clc-sec ntpd[5780]: Listening on interface #4 lo, 127.0.0.1#123 Enabled
Apr  1 10:57:58 euca-clc-sec ntpd[5780]: Listening on interface #5 eth0, 172.30.58.12#123 Enabled
Apr  1 10:57:58 euca-clc-sec ntpd[5780]: Listening on routing socket on fd #22 for interface updates
Apr  1 10:57:58 euca-clc-sec ntpd[5780]: kernel time sync status 2040
Apr  1 10:58:05 euca-clc-sec init: rc main process (1106) killed by TERM signal
Apr  1 10:58:05 euca-clc-sec init: plymouth-shutdown main process (5794) terminated with status 1
Apr  1 10:58:05 euca-clc-sec init: splash-manager main process (5789) terminated with status 1
Apr  1 10:58:06 euca-clc-sec avahi-daemon[5102]: Got SIGTERM, quitting.
Apr  1 10:58:06 euca-clc-sec avahi-daemon[5102]: Leaving mDNS multicast group on interface eth0.IPv4 with address 172.30.58.12.
Apr  1 10:58:06 euca-clc-sec abrt[5813]: saved core dump of pid 5282 (/usr/libexec/systemtap/stap-serverd) to /var/spool/abrt/ccpp-2013-04-01-10:58:06-5282.new/coredump (17268736 bytes)
Apr  1 10:58:06 euca-clc-sec abrtd: Directory 'ccpp-2013-04-01-10:58:06-5282' creation detected
Apr  1 10:58:06 euca-clc-sec qpidd[5589]: 2013-04-01 10:58:06 notice Shut down
Apr  1 10:58:11 euca-clc-sec xinetd[5454]: Exiting...
Apr  1 10:58:11 euca-clc-sec acpid: exiting
Apr  1 10:58:11 euca-clc-sec ntpd[5780]: ntpd exiting on signal 15
Apr  1 10:58:11 euca-clc-sec kernel: Bridge firewalling registered
Apr  1 10:58:12 euca-clc-sec pcscd: pcscdaemon.c:581:signal_trap() Preparing for suicide
Apr  1 10:58:13 euca-clc-sec pcscd: readerfactory.c:1267:RFCleanupReaders() entering cleaning function
Apr  1 10:58:13 euca-clc-sec pcscd: pcscdaemon.c:531:at_exit() cleaning /var/run
Apr  1 10:58:13 euca-clc-sec NetworkManager[5090]: <info> caught signal 15, shutting down normally.
Apr  1 10:58:13 euca-clc-sec NetworkManager[5090]: <info> exiting (success)
Apr  1 10:58:13 euca-clc-sec init: Disconnected from system bus
Apr  1 10:58:13 euca-clc-sec rpcbind: rpcbind terminating on signal. Restart with "rpcbind -w"
Apr  1 10:58:13 euca-clc-sec kernel: Kernel logging (proc) stopped.
Apr  1 10:58:13 euca-clc-sec rsyslogd: [origin software="rsyslogd" swVersion="4.6.2" x-pid="1375" x-info="http://www.rsyslog.com"] exiting on signal 15.
Apr  1 10:58:46 euca-clc-sec kernel: imklog 4.6.2, log source = /proc/kmsg started.
Apr  1 10:58:46 euca-clc-sec rsyslogd: [origin software="rsyslogd" swVersion="4.6.2" x-pid="1349" x-info="http://www.rsyslog.com"] (re)start
Apr  1 10:58:46 euca-clc-sec kernel: Initializing cgroup subsys cpuset
Apr  1 10:58:46 euca-clc-sec kernel: Initializing cgroup subsys cpu
Apr  1 10:58:46 euca-clc-sec kernel: Linux version 2.6.32-220.el6.x86_64 (mockbuild@c6b18n3.bsys.dev.centos.org) (gcc version 4.4.6 20110731 (Red Hat 4.4.6-3) (GCC) ) #1 SMP Tue Dec 6 19:48:22 GMT 2011
Apr  1 10:58:46 euca-clc-sec kernel: Command line: ro root=/dev/mapper/VolGroup-lv_root rd_NO_LUKS LANG=en_US.UTF-8 rd_NO_MD rd_LVM_LV=VolGroup/lv_swap SYSFONT=latarcyrheb-sun16 rhgb crashkernel=128M quiet rd_LVM_LV=VolGroup/lv_root  KEYBOARDTYPE=pc KEYTABLE=us rd_NO_DM
Apr  1 10:58:46 euca-clc-sec kernel: KERNEL supported cpus:
Apr  1 10:58:46 euca-clc-sec kernel:  Intel GenuineIntel
Apr  1 10:58:46 euca-clc-sec kernel:  AMD AuthenticAMD
Apr  1 10:58:46 euca-clc-sec kernel:  Centaur CentaurHauls
Apr  1 10:58:46 euca-clc-sec kernel: Disabled fast string operations
Apr  1 10:58:46 euca-clc-sec kernel: BIOS-provided physical RAM map:
Apr  1 10:58:46 euca-clc-sec kernel: BIOS-e820: 0000000000000000 - 000000000009f800 (usable)
Apr  1 10:58:46 euca-clc-sec kernel: BIOS-e820: 000000000009f800 - 00000000000a0000 (reserved)
Apr  1 10:58:46 euca-clc-sec kernel: BIOS-e820: 00000000000ca000 - 00000000000cc000 (reserved)
Apr  1 10:58:46 euca-clc-sec kernel: BIOS-e820: 00000000000dc000 - 0000000000100000 (reserved)
Apr  1 10:58:46 euca-clc-sec kernel: BIOS-e820: 0000000000100000 - 00000000bfef0000 (usable)
Apr  1 10:58:46 euca-clc-sec kernel: BIOS-e820: 00000000bfef0000 - 00000000bfeff000 (ACPI data)
Apr  1 10:58:46 euca-clc-sec kernel: BIOS-e820: 00000000bfeff000 - 00000000bff00000 (ACPI NVS)
Apr  1 10:58:46 euca-clc-sec kernel: BIOS-e820: 00000000bff00000 - 00000000c0000000 (usable)
Apr  1 10:58:46 euca-clc-sec kernel: BIOS-e820: 00000000e0000000 - 00000000f0000000 (reserved)
Apr  1 10:58:46 euca-clc-sec kernel: BIOS-e820: 00000000fec00000 - 00000000fec10000 (reserved)
Apr  1 10:58:46 euca-clc-sec kernel: BIOS-e820: 00000000fee00000 - 00000000fee01000 (reserved)
Apr  1 10:58:46 euca-clc-sec kernel: BIOS-e820: 00000000fffe0000 - 0000000100000000 (reserved)
Apr  1 10:58:46 euca-clc-sec kernel: BIOS-e820: 0000000100000000 - 0000000140000000 (usable)
Apr  1 10:58:46 euca-clc-sec kernel: DMI present.
Apr  1 10:58:46 euca-clc-sec kernel: SMBIOS version 2.4 @ 0xF68F0
Apr  1 10:58:46 euca-clc-sec kernel: Phoenix BIOS detected: BIOS may corrupt low RAM, working around it.
Apr  1 10:58:46 euca-clc-sec kernel: last_pfn = 0x140000 max_arch_pfn = 0x400000000
Apr  1 10:58:46 euca-clc-sec kernel: x86 PAT enabled: cpu 0, old 0x0, new 0x7010600070106
Apr  1 10:58:46 euca-clc-sec kernel: total RAM covered: 4096M
Apr  1 10:58:46 euca-clc-sec kernel: Found optimal setting for mtrr clean up
Apr  1 10:58:46 euca-clc-sec kernel: gran_size: 64K 	chunk_size: 64K 	num_reg: 3  	lose cover RAM: 0G
Apr  1 10:58:46 euca-clc-sec kernel: x86 PAT enabled: cpu 0, old 0x0, new 0x7010600070106
Apr  1 10:58:46 euca-clc-sec kernel: last_pfn = 0xc0000 max_arch_pfn = 0x400000000
Apr  1 10:58:46 euca-clc-sec kernel: init_memory_mapping: 0000000000000000-00000000c0000000
Apr  1 10:58:46 euca-clc-sec kernel: init_memory_mapping: 0000000100000000-0000000140000000
Apr  1 10:58:46 euca-clc-sec kernel: RAMDISK: 37096000 - 37fef549
Apr  1 10:58:46 euca-clc-sec kernel: ACPI: RSDP 00000000000f6940 00024 (v02 PTLTD )
Apr  1 10:58:46 euca-clc-sec kernel: ACPI: XSDT 00000000bfef0394 00054 (v01 INTEL  440BX    06040000 VMW  01324272)
Apr  1 10:58:46 euca-clc-sec kernel: ACPI: FACP 00000000bfefee98 000F4 (v04 INTEL  440BX    06040000 PTL  000F4240)
Apr  1 10:58:46 euca-clc-sec kernel: ACPI: DSDT 00000000bfef05c8 0E8D0 (v01 PTLTD  Custom   06040000 MSFT 03000001)
Apr  1 10:58:46 euca-clc-sec kernel: ACPI: FACS 00000000bfefffc0 00040
Apr  1 10:58:46 euca-clc-sec kernel: ACPI: BOOT 00000000bfef05a0 00028 (v01 PTLTD  $SBFTBL$ 06040000  LTP 00000001)
Apr  1 10:58:46 euca-clc-sec kernel: ACPI: APIC 00000000bfef0550 00050 (v01 PTLTD  ? APIC   06040000  LTP 00000000)
Apr  1 10:58:46 euca-clc-sec kernel: ACPI: MCFG 00000000bfef0514 0003C (v01 PTLTD  $PCITBL$ 06040000  LTP 00000001)
Apr  1 10:58:46 euca-clc-sec kernel: ACPI: SRAT 00000000bfef045c 000B8 (v02 VMWARE MEMPLUG  06040000 VMW  00000001)
Apr  1 10:58:46 euca-clc-sec kernel: ACPI: HPET 00000000bfef0424 00038 (v01 VMWARE VMW HPET 06040000 WMV  00000001)
Apr  1 10:58:46 euca-clc-sec kernel: SRAT: PXM 0 -> APIC 0 -> Node 0
Apr  1 10:58:46 euca-clc-sec kernel: SRAT: Node 0 PXM 0 0-a0000
Apr  1 10:58:46 euca-clc-sec kernel: SRAT: Node 0 PXM 0 100000-c0000000
Apr  1 10:58:46 euca-clc-sec kernel: SRAT: Node 0 PXM 0 100000000-140000000
Apr  1 10:58:46 euca-clc-sec kernel: Bootmem setup node 0 0000000000000000-0000000140000000
Apr  1 10:58:46 euca-clc-sec kernel:  NODE_DATA [0000000000015840 - 000000000004983f]
Apr  1 10:58:46 euca-clc-sec kernel:  bootmap [000000000004a000 -  0000000000071fff] pages 28
Apr  1 10:58:46 euca-clc-sec kernel: (9 early reservations) ==> bootmem [0000000000 - 0140000000]
Apr  1 10:58:46 euca-clc-sec kernel:  #0 [0000000000 - 0000001000]   BIOS data page ==> [0000000000 - 0000001000]
Apr  1 10:58:46 euca-clc-sec kernel:  #1 [0000006000 - 0000008000]       TRAMPOLINE ==> [0000006000 - 0000008000]
Apr  1 10:58:46 euca-clc-sec kernel:  #2 [0001000000 - 000200c7e4]    TEXT DATA BSS ==> [0001000000 - 000200c7e4]
Apr  1 10:58:46 euca-clc-sec kernel:  #3 [0037096000 - 0037fef549]          RAMDISK ==> [0037096000 - 0037fef549]
Apr  1 10:58:46 euca-clc-sec kernel:  #4 [000009f800 - 0000100000]    BIOS reserved ==> [000009f800 - 0000100000]
Apr  1 10:58:46 euca-clc-sec kernel:  #5 [000200d000 - 000200d1f0]              BRK ==> [000200d000 - 000200d1f0]
Apr  1 10:58:46 euca-clc-sec kernel:  #6 [0000010000 - 0000012000]          PGTABLE ==> [0000010000 - 0000012000]
Apr  1 10:58:46 euca-clc-sec kernel:  #7 [0000012000 - 0000013000]          PGTABLE ==> [0000012000 - 0000013000]
Apr  1 10:58:46 euca-clc-sec kernel:  #8 [0000013000 - 0000015840]       MEMNODEMAP ==> [0000013000 - 0000015840]
Apr  1 10:58:46 euca-clc-sec kernel: found SMP MP-table at [ffff8800000f69b0] f69b0
Apr  1 10:58:46 euca-clc-sec kernel: Reserving 128MB of memory at 48MB for crashkernel (System RAM: 5120MB)
Apr  1 10:58:46 euca-clc-sec kernel: Zone PFN ranges:
Apr  1 10:58:46 euca-clc-sec kernel:  DMA      0x00000010 -> 0x00001000
Apr  1 10:58:46 euca-clc-sec kernel:  DMA32    0x00001000 -> 0x00100000
Apr  1 10:58:46 euca-clc-sec kernel:  Normal   0x00100000 -> 0x00140000
Apr  1 10:58:46 euca-clc-sec kernel: Movable zone start PFN for each node
Apr  1 10:58:46 euca-clc-sec kernel: early_node_map[4] active PFN ranges
Apr  1 10:58:46 euca-clc-sec kernel:    0: 0x00000010 -> 0x0000009f
Apr  1 10:58:46 euca-clc-sec kernel:    0: 0x00000100 -> 0x000bfef0
Apr  1 10:58:46 euca-clc-sec kernel:    0: 0x000bff00 -> 0x000c0000
Apr  1 10:58:46 euca-clc-sec kernel:    0: 0x00100000 -> 0x00140000
Apr  1 10:58:46 euca-clc-sec kernel: ACPI: PM-Timer IO Port: 0x1008
Apr  1 10:58:46 euca-clc-sec kernel: ACPI: LAPIC (acpi_id[0x00] lapic_id[0x00] enabled)
Apr  1 10:58:46 euca-clc-sec kernel: ACPI: LAPIC_NMI (acpi_id[0x00] high edge lint[0x1])
Apr  1 10:58:46 euca-clc-sec kernel: ACPI: IOAPIC (id[0x01] address[0xfec00000] gsi_base[0])
Apr  1 10:58:46 euca-clc-sec kernel: IOAPIC[0]: apic_id 1, version 17, address 0xfec00000, GSI 0-23
Apr  1 10:58:46 euca-clc-sec kernel: ACPI: INT_SRC_OVR (bus 0 bus_irq 0 global_irq 2 high edge)
Apr  1 10:58:46 euca-clc-sec kernel: Using ACPI (MADT) for SMP configuration information
Apr  1 10:58:46 euca-clc-sec kernel: ACPI: HPET id: 0x8086af01 base: 0xfed00000
Apr  1 10:58:46 euca-clc-sec kernel: SMP: Allowing 1 CPUs, 0 hotplug CPUs
Apr  1 10:58:46 euca-clc-sec kernel: PM: Registered nosave memory: 000000000009f000 - 00000000000a0000
Apr  1 10:58:46 euca-clc-sec kernel: PM: Registered nosave memory: 00000000000a0000 - 00000000000ca000
Apr  1 10:58:46 euca-clc-sec kernel: PM: Registered nosave memory: 00000000000ca000 - 00000000000cc000
Apr  1 10:58:46 euca-clc-sec kernel: PM: Registered nosave memory: 00000000000cc000 - 00000000000dc000
Apr  1 10:58:46 euca-clc-sec kernel: PM: Registered nosave memory: 00000000000dc000 - 0000000000100000
Apr  1 10:58:46 euca-clc-sec kernel: PM: Registered nosave memory: 00000000bfef0000 - 00000000bfeff000
Apr  1 10:58:46 euca-clc-sec kernel: PM: Registered nosave memory: 00000000bfeff000 - 00000000bff00000
Apr  1 10:58:46 euca-clc-sec kernel: PM: Registered nosave memory: 00000000c0000000 - 00000000e0000000
Apr  1 10:58:46 euca-clc-sec kernel: PM: Registered nosave memory: 00000000e0000000 - 00000000f0000000
Apr  1 10:58:46 euca-clc-sec kernel: PM: Registered nosave memory: 00000000f0000000 - 00000000fec00000
Apr  1 10:58:46 euca-clc-sec kernel: PM: Registered nosave memory: 00000000fec00000 - 00000000fec10000
Apr  1 10:58:46 euca-clc-sec kernel: PM: Registered nosave memory: 00000000fec10000 - 00000000fee00000
Apr  1 10:58:46 euca-clc-sec kernel: PM: Registered nosave memory: 00000000fee00000 - 00000000fee01000
Apr  1 10:58:46 euca-clc-sec kernel: PM: Registered nosave memory: 00000000fee01000 - 00000000fffe0000
Apr  1 10:58:46 euca-clc-sec kernel: PM: Registered nosave memory: 00000000fffe0000 - 0000000100000000
Apr  1 10:58:46 euca-clc-sec kernel: Allocating PCI resources starting at c0000000 (gap: c0000000:20000000)
Apr  1 10:58:46 euca-clc-sec kernel: Booting paravirtualized kernel on bare hardware
Apr  1 10:58:46 euca-clc-sec kernel: NR_CPUS:4096 nr_cpumask_bits:1 nr_cpu_ids:1 nr_node_ids:1
Apr  1 10:58:46 euca-clc-sec kernel: PERCPU: Embedded 30 pages/cpu @ffff880028200000 s92696 r8192 d21992 u2097152
Apr  1 10:58:46 euca-clc-sec kernel: pcpu-alloc: s92696 r8192 d21992 u2097152 alloc=1*2097152
Apr  1 10:58:46 euca-clc-sec kernel: pcpu-alloc: [0] 0 
Apr  1 10:58:46 euca-clc-sec kernel: Built 1 zonelists in Node order, mobility grouping on.  Total pages: 1030423
Apr  1 10:58:46 euca-clc-sec kernel: Policy zone: Normal
Apr  1 10:58:46 euca-clc-sec kernel: Kernel command line: ro root=/dev/mapper/VolGroup-lv_root rd_NO_LUKS LANG=en_US.UTF-8 rd_NO_MD rd_LVM_LV=VolGroup/lv_swap SYSFONT=latarcyrheb-sun16 rhgb crashkernel=128M quiet rd_LVM_LV=VolGroup/lv_root  KEYBOARDTYPE=pc KEYTABLE=us rd_NO_DM
Apr  1 10:58:46 euca-clc-sec kernel: PID hash table entries: 4096 (order: 3, 32768 bytes)
Apr  1 10:58:46 euca-clc-sec kernel: xsave/xrstor: enabled xstate_bv 0x7, cntxt size 0x340
Apr  1 10:58:46 euca-clc-sec kernel: Checking aperture...
Apr  1 10:58:46 euca-clc-sec kernel: No AGP bridge found
Apr  1 10:58:46 euca-clc-sec kernel: PCI-DMA: Using software bounce buffering for IO (SWIOTLB)
Apr  1 10:58:46 euca-clc-sec kernel: Placing 64MB software IO TLB between ffff880020000000 - ffff880024000000
Apr  1 10:58:46 euca-clc-sec kernel: software IO TLB at phys 0x20000000 - 0x24000000
Apr  1 10:58:46 euca-clc-sec kernel: Memory: 3906532k/5242880k available (5084k kernel code, 1049092k absent, 287256k reserved, 7229k data, 1244k init)
Apr  1 10:58:46 euca-clc-sec kernel: Hierarchical RCU implementation.
Apr  1 10:58:46 euca-clc-sec kernel: NR_IRQS:33024 nr_irqs:256
Apr  1 10:58:46 euca-clc-sec kernel: Extended CMOS year: 2000
Apr  1 10:58:46 euca-clc-sec kernel: Console: colour VGA+ 80x25
Apr  1 10:58:46 euca-clc-sec kernel: console [tty0] enabled
Apr  1 10:58:46 euca-clc-sec kernel: allocated 33554432 bytes of page_cgroup
Apr  1 10:58:46 euca-clc-sec kernel: please try 'cgroup_disable=memory' option if you don't want memory cgroups
Apr  1 10:58:46 euca-clc-sec kernel: HPET: 16 timers in total, 0 timers will be used for per-cpu timer
Apr  1 10:58:46 euca-clc-sec kernel: TSC freq read from hypervisor : 3092.974 MHz
Apr  1 10:58:46 euca-clc-sec kernel: Detected 3092.974 MHz processor.
Apr  1 10:58:46 euca-clc-sec kernel: Calibrating delay loop (skipped) preset value.. 6185.94 BogoMIPS (lpj=3092974)
Apr  1 10:58:46 euca-clc-sec kernel: pid_max: default: 32768 minimum: 301
Apr  1 10:58:46 euca-clc-sec kernel: Security Framework initialized
Apr  1 10:58:46 euca-clc-sec kernel: SELinux:  Initializing.
Apr  1 10:58:46 euca-clc-sec kernel: Dentry cache hash table entries: 524288 (order: 10, 4194304 bytes)
Apr  1 10:58:46 euca-clc-sec kernel: Inode-cache hash table entries: 262144 (order: 9, 2097152 bytes)
Apr  1 10:58:46 euca-clc-sec kernel: Mount-cache hash table entries: 256
Apr  1 10:58:46 euca-clc-sec kernel: Initializing cgroup subsys ns
Apr  1 10:58:46 euca-clc-sec kernel: Initializing cgroup subsys cpuacct
Apr  1 10:58:46 euca-clc-sec kernel: Initializing cgroup subsys memory
Apr  1 10:58:46 euca-clc-sec kernel: Initializing cgroup subsys devices
Apr  1 10:58:46 euca-clc-sec kernel: Initializing cgroup subsys freezer
Apr  1 10:58:46 euca-clc-sec kernel: Initializing cgroup subsys net_cls
Apr  1 10:58:46 euca-clc-sec kernel: Initializing cgroup subsys blkio
Apr  1 10:58:46 euca-clc-sec kernel: Initializing cgroup subsys perf_event
Apr  1 10:58:46 euca-clc-sec kernel: Disabled fast string operations
Apr  1 10:58:46 euca-clc-sec kernel: CPU: Physical Processor ID: 0
Apr  1 10:58:46 euca-clc-sec kernel: mce: CPU supports 0 MCE banks
Apr  1 10:58:46 euca-clc-sec kernel: alternatives: switching to unfair spinlock
Apr  1 10:58:46 euca-clc-sec kernel: SMP alternatives: switching to UP code
Apr  1 10:58:46 euca-clc-sec kernel: Freeing SMP alternatives: 33k freed
Apr  1 10:58:46 euca-clc-sec kernel: ACPI: Core revision 20090903
Apr  1 10:58:46 euca-clc-sec kernel: ftrace: converting mcount calls to 0f 1f 44 00 00
Apr  1 10:58:46 euca-clc-sec kernel: ftrace: allocating 20776 entries in 82 pages
Apr  1 10:58:46 euca-clc-sec kernel: Setting APIC routing to flat
Apr  1 10:58:46 euca-clc-sec kernel: ..TIMER: vector=0x30 apic1=0 pin1=2 apic2=-1 pin2=-1
Apr  1 10:58:46 euca-clc-sec kernel: CPU0: Intel(R) Xeon(R) CPU E31220 @ 3.10GHz stepping 07
Apr  1 10:58:46 euca-clc-sec kernel: Performance Events: SandyBridge events, Intel PMU driver.
Apr  1 10:58:46 euca-clc-sec kernel: ... version:                3
Apr  1 10:58:46 euca-clc-sec kernel: ... bit width:              48
Apr  1 10:58:46 euca-clc-sec kernel: ... generic registers:      4
Apr  1 10:58:46 euca-clc-sec kernel: ... value mask:             0000ffffffffffff
Apr  1 10:58:46 euca-clc-sec kernel: ... max period:             000000007fffffff
Apr  1 10:58:46 euca-clc-sec kernel: ... fixed-purpose events:   3
Apr  1 10:58:46 euca-clc-sec kernel: ... event mask:             000000070000000f
Apr  1 10:58:46 euca-clc-sec kernel: NMI watchdog enabled, takes one hw-pmu counter.
Apr  1 10:58:46 euca-clc-sec kernel: Brought up 1 CPUs
Apr  1 10:58:46 euca-clc-sec kernel: Total of 1 processors activated (6185.94 BogoMIPS).
Apr  1 10:58:46 euca-clc-sec kernel: devtmpfs: initialized
Apr  1 10:58:46 euca-clc-sec kernel: regulator: core version 0.5
Apr  1 10:58:46 euca-clc-sec kernel: NET: Registered protocol family 16
Apr  1 10:58:46 euca-clc-sec kernel: ACPI: bus type pci registered
Apr  1 10:58:46 euca-clc-sec kernel: PCI: MCFG configuration 0: base e0000000 segment 0 buses 0 - 255
Apr  1 10:58:46 euca-clc-sec kernel: PCI: MCFG area at e0000000 reserved in E820
Apr  1 10:58:46 euca-clc-sec kernel: PCI: Using MMCONFIG at e0000000 - efffffff
Apr  1 10:58:46 euca-clc-sec kernel: PCI: Using configuration type 1 for base access
Apr  1 10:58:46 euca-clc-sec kernel: bio: create slab <bio-0> at 0
Apr  1 10:58:46 euca-clc-sec kernel: ACPI: BIOS _OSI(Linux) query ignored
Apr  1 10:58:46 euca-clc-sec kernel: ACPI: Interpreter enabled
Apr  1 10:58:46 euca-clc-sec kernel: ACPI: (supports S0 S1 S4 S5)
Apr  1 10:58:46 euca-clc-sec kernel: ACPI: Using IOAPIC for interrupt routing
Apr  1 10:58:46 euca-clc-sec kernel: ACPI: No dock devices found.
Apr  1 10:58:46 euca-clc-sec kernel: HEST: Table not found.
Apr  1 10:58:46 euca-clc-sec kernel: ACPI: PCI Root Bridge [PCI0] (0000:00)
Apr  1 10:58:46 euca-clc-sec kernel: pci 0000:00:07.3: quirk: region 1000-103f claimed by PIIX4 ACPI
Apr  1 10:58:46 euca-clc-sec kernel: pci 0000:00:07.3: quirk: region 1040-104f claimed by PIIX4 SMB
Apr  1 10:58:46 euca-clc-sec kernel: pci 0000:00:15.0: PME# supported from D0 D3hot D3cold
Apr  1 10:58:46 euca-clc-sec kernel: pci 0000:00:15.0: PME# disabled
Apr  1 10:58:46 euca-clc-sec kernel: pci 0000:00:15.1: PME# supported from D0 D3hot D3cold
Apr  1 10:58:46 euca-clc-sec kernel: pci 0000:00:15.1: PME# disabled
Apr  1 10:58:46 euca-clc-sec kernel: pci 0000:00:15.2: PME# supported from D0 D3hot D3cold
Apr  1 10:58:46 euca-clc-sec kernel: pci 0000:00:15.2: PME# disabled
Apr  1 10:58:46 euca-clc-sec kernel: pci 0000:00:15.3: PME# supported from D0 D3hot D3cold
Apr  1 10:58:46 euca-clc-sec kernel: pci 0000:00:15.3: PME# disabled
Apr  1 10:58:46 euca-clc-sec kernel: pci 0000:00:15.4: PME# supported from D0 D3hot D3cold
Apr  1 10:58:46 euca-clc-sec kernel: pci 0000:00:15.4: PME# disabled
Apr  1 10:58:46 euca-clc-sec kernel: pci 0000:00:15.5: PME# supported from D0 D3hot D3cold
Apr  1 10:58:46 euca-clc-sec kernel: pci 0000:00:15.5: PME# disabled
Apr  1 10:58:46 euca-clc-sec kernel: pci 0000:00:15.6: PME# supported from D0 D3hot D3cold
Apr  1 10:58:46 euca-clc-sec kernel: pci 0000:00:15.6: PME# disabled
Apr  1 10:58:46 euca-clc-sec kernel: pci 0000:00:15.7: PME# supported from D0 D3hot D3cold
Apr  1 10:58:46 euca-clc-sec kernel: pci 0000:00:15.7: PME# disabled
Apr  1 10:58:46 euca-clc-sec kernel: pci 0000:00:16.0: PME# supported from D0 D3hot D3cold
Apr  1 10:58:46 euca-clc-sec kernel: pci 0000:00:16.0: PME# disabled
Apr  1 10:58:46 euca-clc-sec kernel: pci 0000:00:16.1: PME# supported from D0 D3hot D3cold
Apr  1 10:58:46 euca-clc-sec kernel: pci 0000:00:16.1: PME# disabled
Apr  1 10:58:46 euca-clc-sec kernel: pci 0000:00:16.2: PME# supported from D0 D3hot D3cold
Apr  1 10:58:46 euca-clc-sec kernel: pci 0000:00:16.2: PME# disabled
Apr  1 10:58:46 euca-clc-sec kernel: pci 0000:00:16.3: PME# supported from D0 D3hot D3cold
Apr  1 10:58:46 euca-clc-sec kernel: pci 0000:00:16.3: PME# disabled
Apr  1 10:58:46 euca-clc-sec kernel: pci 0000:00:16.4: PME# supported from D0 D3hot D3cold
Apr  1 10:58:46 euca-clc-sec kernel: pci 0000:00:16.4: PME# disabled
Apr  1 10:58:46 euca-clc-sec kernel: pci 0000:00:16.5: PME# supported from D0 D3hot D3cold
Apr  1 10:58:46 euca-clc-sec kernel: pci 0000:00:16.5: PME# disabled
Apr  1 10:58:46 euca-clc-sec kernel: pci 0000:00:16.6: PME# supported from D0 D3hot D3cold
Apr  1 10:58:46 euca-clc-sec kernel: pci 0000:00:16.6: PME# disabled
Apr  1 10:58:46 euca-clc-sec kernel: pci 0000:00:16.7: PME# supported from D0 D3hot D3cold
Apr  1 10:58:46 euca-clc-sec kernel: pci 0000:00:16.7: PME# disabled
Apr  1 10:58:46 euca-clc-sec kernel: pci 0000:00:17.0: PME# supported from D0 D3hot D3cold
Apr  1 10:58:46 euca-clc-sec kernel: pci 0000:00:17.0: PME# disabled
Apr  1 10:58:46 euca-clc-sec kernel: pci 0000:00:17.1: PME# supported from D0 D3hot D3cold
Apr  1 10:58:46 euca-clc-sec kernel: pci 0000:00:17.1: PME# disabled
Apr  1 10:58:46 euca-clc-sec kernel: pci 0000:00:17.2: PME# supported from D0 D3hot D3cold
Apr  1 10:58:46 euca-clc-sec kernel: pci 0000:00:17.2: PME# disabled
Apr  1 10:58:46 euca-clc-sec kernel: pci 0000:00:17.3: PME# supported from D0 D3hot D3cold
Apr  1 10:58:46 euca-clc-sec kernel: pci 0000:00:17.3: PME# disabled
Apr  1 10:58:46 euca-clc-sec kernel: pci 0000:00:17.4: PME# supported from D0 D3hot D3cold
Apr  1 10:58:46 euca-clc-sec kernel: pci 0000:00:17.4: PME# disabled
Apr  1 10:58:46 euca-clc-sec kernel: pci 0000:00:17.5: PME# supported from D0 D3hot D3cold
Apr  1 10:58:46 euca-clc-sec kernel: pci 0000:00:17.5: PME# disabled
Apr  1 10:58:46 euca-clc-sec kernel: pci 0000:00:17.6: PME# supported from D0 D3hot D3cold
Apr  1 10:58:46 euca-clc-sec kernel: pci 0000:00:17.6: PME# disabled
Apr  1 10:58:46 euca-clc-sec kernel: pci 0000:00:17.7: PME# supported from D0 D3hot D3cold
Apr  1 10:58:46 euca-clc-sec kernel: pci 0000:00:17.7: PME# disabled
Apr  1 10:58:46 euca-clc-sec kernel: pci 0000:00:18.0: PME# supported from D0 D3hot D3cold
Apr  1 10:58:46 euca-clc-sec kernel: pci 0000:00:18.0: PME# disabled
Apr  1 10:58:46 euca-clc-sec kernel: pci 0000:00:18.1: PME# supported from D0 D3hot D3cold
Apr  1 10:58:46 euca-clc-sec kernel: pci 0000:00:18.1: PME# disabled
Apr  1 10:58:46 euca-clc-sec kernel: pci 0000:00:18.2: PME# supported from D0 D3hot D3cold
Apr  1 10:58:46 euca-clc-sec kernel: pci 0000:00:18.2: PME# disabled
Apr  1 10:58:46 euca-clc-sec kernel: pci 0000:00:18.3: PME# supported from D0 D3hot D3cold
Apr  1 10:58:46 euca-clc-sec kernel: pci 0000:00:18.3: PME# disabled
Apr  1 10:58:46 euca-clc-sec kernel: pci 0000:00:18.4: PME# supported from D0 D3hot D3cold
Apr  1 10:58:46 euca-clc-sec kernel: pci 0000:00:18.4: PME# disabled
Apr  1 10:58:46 euca-clc-sec kernel: pci 0000:00:18.5: PME# supported from D0 D3hot D3cold
Apr  1 10:58:46 euca-clc-sec kernel: pci 0000:00:18.5: PME# disabled
Apr  1 10:58:46 euca-clc-sec kernel: pci 0000:00:18.6: PME# supported from D0 D3hot D3cold
Apr  1 10:58:46 euca-clc-sec kernel: pci 0000:00:18.6: PME# disabled
Apr  1 10:58:46 euca-clc-sec kernel: pci 0000:00:18.7: PME# supported from D0 D3hot D3cold
Apr  1 10:58:46 euca-clc-sec kernel: pci 0000:00:18.7: PME# disabled
Apr  1 10:58:46 euca-clc-sec kernel: pci 0000:02:00.0: PME# supported from D0 D3hot D3cold
Apr  1 10:58:46 euca-clc-sec kernel: pci 0000:02:00.0: PME# disabled
Apr  1 10:58:46 euca-clc-sec kernel: pci 0000:00:11.0: transparent bridge
Apr  1 10:58:46 euca-clc-sec kernel: pci0000:00: Requesting ACPI _OSC control (0x1d)
Apr  1 10:58:46 euca-clc-sec kernel: pci0000:00: ACPI _OSC control (0x15) granted
Apr  1 10:58:46 euca-clc-sec kernel: ACPI: PCI Interrupt Link [LNKA] (IRQs 3 4 5 6 7 *9 10 11 14 15)
Apr  1 10:58:46 euca-clc-sec kernel: ACPI: PCI Interrupt Link [LNKB] (IRQs 3 4 5 6 7 9 10 *11 14 15)
Apr  1 10:58:46 euca-clc-sec kernel: ACPI: PCI Interrupt Link [LNKC] (IRQs 3 4 5 6 7 9 *10 11 14 15)
Apr  1 10:58:46 euca-clc-sec kernel: ACPI: PCI Interrupt Link [LNKD] (IRQs 3 4 5 6 7 9 10 11 14 15) *0, disabled.
Apr  1 10:58:46 euca-clc-sec kernel: vgaarb: device added: PCI:0000:00:0f.0,decodes=io+mem,owns=io+mem,locks=none
Apr  1 10:58:46 euca-clc-sec kernel: vgaarb: loaded
Apr  1 10:58:46 euca-clc-sec kernel: vgaarb: bridge control possible 0000:00:0f.0
Apr  1 10:58:46 euca-clc-sec kernel: SCSI subsystem initialized
Apr  1 10:58:46 euca-clc-sec kernel: usbcore: registered new interface driver usbfs
Apr  1 10:58:46 euca-clc-sec kernel: usbcore: registered new interface driver hub
Apr  1 10:58:46 euca-clc-sec kernel: usbcore: registered new device driver usb
Apr  1 10:58:46 euca-clc-sec kernel: PCI: Using ACPI for IRQ routing
Apr  1 10:58:46 euca-clc-sec kernel: NetLabel: Initializing
Apr  1 10:58:46 euca-clc-sec kernel: NetLabel:  domain hash size = 128
Apr  1 10:58:46 euca-clc-sec kernel: NetLabel:  protocols = UNLABELED CIPSOv4
Apr  1 10:58:46 euca-clc-sec kernel: NetLabel:  unlabeled traffic allowed by default
Apr  1 10:58:46 euca-clc-sec kernel: hpet0: at MMIO 0xfed00000, IRQs 2, 8, 0, 0, 0, 0, 0, 0, 0, 0, 0, 0, 0, 0, 0, 0
Apr  1 10:58:46 euca-clc-sec kernel: hpet0: 16 comparators, 64-bit 14.318180 MHz counter
Apr  1 10:58:46 euca-clc-sec kernel: Switching to clocksource tsc
Apr  1 10:58:46 euca-clc-sec kernel: pnp: PnP ACPI init
Apr  1 10:58:46 euca-clc-sec kernel: ACPI: bus type pnp registered
Apr  1 10:58:46 euca-clc-sec kernel: pnp: PnP ACPI: found 14 devices
Apr  1 10:58:46 euca-clc-sec kernel: ACPI: ACPI bus type pnp unregistered
Apr  1 10:58:46 euca-clc-sec kernel: system 00:01: ioport range 0x1000-0x103f has been reserved
Apr  1 10:58:46 euca-clc-sec kernel: system 00:01: ioport range 0x1040-0x104f has been reserved
Apr  1 10:58:46 euca-clc-sec kernel: system 00:01: ioport range 0xcf0-0xcf1 has been reserved
Apr  1 10:58:46 euca-clc-sec kernel: system 00:08: iomem range 0xfed00000-0xfed003ff has been reserved
Apr  1 10:58:46 euca-clc-sec kernel: system 00:0d: ioport range 0x1060-0x107f has been reserved
Apr  1 10:58:46 euca-clc-sec kernel: system 00:0d: iomem range 0xe0000000-0xefffffff has been reserved
Apr  1 10:58:46 euca-clc-sec kernel: system 00:0d: iomem range 0xd0200000-0xd03fffff has been reserved
Apr  1 10:58:46 euca-clc-sec kernel: pci 0000:00:15.3: BAR 13: can't allocate I/O resource [0x1000-0x1fff]
Apr  1 10:58:46 euca-clc-sec kernel: pci 0000:00:15.4: BAR 13: can't allocate I/O resource [0x1000-0x1fff]
Apr  1 10:58:46 euca-clc-sec kernel: pci 0000:00:15.5: BAR 13: can't allocate I/O resource [0x1000-0x1fff]
Apr  1 10:58:46 euca-clc-sec kernel: pci 0000:00:15.6: BAR 13: can't allocate I/O resource [0x1000-0x1fff]
