{"expand":"renderedFields,names,schema,operations,editmeta,changelog,versionedRepresentations","id":"17517","self":"https://eucalyptus.atlassian.net/rest/api/2/issue/17517","key":"TOOLS-156","fields":{"issuetype":{"self":"https://eucalyptus.atlassian.net/rest/api/2/issuetype/1","id":"1","description":"A problem which impairs or prevents the functions of the product.","iconUrl":"https://eucalyptus.atlassian.net/secure/viewavatar?size=xsmall&avatarId=14803&avatarType=issuetype","name":"Bug","subtask":false,"avatarId":14803},"timespent":null,"customfield_13100":null,"project":{"self":"https://eucalyptus.atlassian.net/rest/api/2/project/10001","id":"10001","key":"TOOLS","name":"Euca2ools","avatarUrls":{"48x48":"https://eucalyptus.atlassian.net/secure/projectavatar?pid=10001&avatarId=10011","24x24":"https://eucalyptus.atlassian.net/secure/projectavatar?size=small&pid=10001&avatarId=10011","16x16":"https://eucalyptus.atlassian.net/secure/projectavatar?size=xsmall&pid=10001&avatarId=10011","32x32":"https://eucalyptus.atlassian.net/secure/projectavatar?size=medium&pid=10001&avatarId=10011"}},"customfield_11000":null,"customfield_11001":null,"fixVersions":[{"self":"https://eucalyptus.atlassian.net/rest/api/2/version/10303","id":"10303","description":"2.1.2","name":"2.1.2","archived":false,"released":true,"releaseDate":"2012-12-19"}],"aggregatetimespent":null,"customfield_10310":null,"resolution":{"self":"https://eucalyptus.atlassian.net/rest/api/2/resolution/1","id":"1","description":"A fix for this issue is checked into the tree and tested.","name":"Fixed"},"customfield_11401":null,"customfield_11400":null,"customfield_10104":null,"customfield_10302":null,"customfield_10500":{"self":"https://eucalyptus.atlassian.net/rest/api/2/customFieldOption/10403","value":"Not Applicable","id":"10403"},"customfield_10303":null,"customfield_10105":{"self":"https://eucalyptus.atlassian.net/rest/api/2/customFieldOption/10100","value":"Yes","id":"10100"},"customfield_10700":null,"customfield_10304":[{"self":"https://eucalyptus.atlassian.net/rest/api/2/version/10303","id":"10303","description":"2.1.2","name":"2.1.2","archived":false,"released":true,"releaseDate":"2012-12-19"}],"customfield_10701":null,"customfield_10306":null,"customfield_10702":null,"customfield_10703":null,"customfield_10704":null,"customfield_10308":null,"resolutiondate":"2012-11-27T18:09:49.311-0600","customfield_10309":null,"customfield_10705":null,"workratio":-1,"watches":{"self":"https://eucalyptus.atlassian.net/rest/api/2/issue/TOOLS-156/watchers","watchCount":3,"isWatching":false},"lastViewed":null,"created":"2012-11-26T18:09:34.416-0600","customfield_12000":null,"priority":{"self":"https://eucalyptus.atlassian.net/rest/api/2/priority/3","iconUrl":"https://eucalyptus.atlassian.net/images/icons/priorities/major.svg","name":"Major","id":"3"},"customfield_12400":null,"customfield_12201":null,"customfield_10300":null,"customfield_12600":"{repository={count=1, dataType=repository}, json={\"cachedValue\":{\"errors\":[],\"summary\":{\"repository\":{\"overall\":{\"count\":1,\"lastUpdated\":\"2012-11-27T18:01:38.000-0600\",\"dataType\":\"repository\"},\"byInstanceType\":{\"github\":{\"count\":1,\"name\":\"GitHub\"}}}}},\"isStale\":true}}","customfield_10102":null,"customfield_10301":null,"labels":[],"customfield_11700":null,"aggregatetimeoriginalestimate":null,"timeestimate":null,"customfield_11901":null,"versions":[{"self":"https://eucalyptus.atlassian.net/rest/api/2/version/10709","id":"10709","description":"2.1.1","name":"2.1.1","archived":false,"released":true,"releaseDate":"2012-08-22"}],"issuelinks":[],"assignee":{"self":"https://eucalyptus.atlassian.net/rest/api/2/user?username=gholms","name":"gholms","key":"gholms","accountId":"557058:6e5fdc25-c797-4d3d-8fd4-55c3c4ed99b0","avatarUrls":{"48x48":"https://avatar-cdn.atlassian.com/3e16def22dd4a96dbe507df70f15f37f?s=48&d=https%3A%2F%2Feucalyptus.atlassian.net%2Fsecure%2Fuseravatar%3FownerId%3Dgholms%26avatarId%3D18100%26noRedirect%3Dtrue","24x24":"https://avatar-cdn.atlassian.com/3e16def22dd4a96dbe507df70f15f37f?s=24&d=https%3A%2F%2Feucalyptus.atlassian.net%2Fsecure%2Fuseravatar%3Fsize%3Dsmall%26ownerId%3Dgholms%26avatarId%3D18100%26noRedirect%3Dtrue","16x16":"https://avatar-cdn.atlassian.com/3e16def22dd4a96dbe507df70f15f37f?s=16&d=https%3A%2F%2Feucalyptus.atlassian.net%2Fsecure%2Fuseravatar%3Fsize%3Dxsmall%26ownerId%3Dgholms%26avatarId%3D18100%26noRedirect%3Dtrue","32x32":"https://avatar-cdn.atlassian.com/3e16def22dd4a96dbe507df70f15f37f?s=32&d=https%3A%2F%2Feucalyptus.atlassian.net%2Fsecure%2Fuseravatar%3Fsize%3Dmedium%26ownerId%3Dgholms%26avatarId%3D18100%26noRedirect%3Dtrue"},"displayName":"Garrett Holmstrom","active":true,"timeZone":"America/Los_Angeles"},"updated":"2013-01-09T20:13:31.423-0600","status":{"self":"https://eucalyptus.atlassian.net/rest/api/2/status/6","description":"The issue is considered finished, the resolution is correct. Issues which are closed can be reopened.","iconUrl":"https://eucalyptus.atlassian.net/images/icons/statuses/generic.png","name":"Closed","id":"6","statusCategory":{"self":"https://eucalyptus.atlassian.net/rest/api/2/statuscategory/3","id":3,"key":"done","colorName":"green","name":"Done"}},"components":[],"timeoriginalestimate":null,"description":"When getting console output for an instance, text can be left at the prompt. An example is:\r\n\r\n{code}\r\n# euca-get-console-output i-EC96408C\r\ni-EC96408C\r\n2012-11-26T23:54:44.008Z\r\n\r\nGoogle, Inc.\r\nSerial Graphics Adapter 12/07/11\r\nSGABIOS $Id: sgabios.S 8 2010-04-22 00:03:40Z nlaredo $ (mockbuild@c6b18n1.dev.centos.org) Wed
Dec  7 17:04:47 UTC 2011\r\nTerm: 80x24\r\n4 0\r\n\r\n\r\n\r\n\r\n\r\n\r\n\r\n\r\n\r\n\r\n\r\n\r\n\r\n\r\n\r\n\r\n\r\n\r\n\r\n\r\n\r\n\r\n\r\n\r\n\r\n\r\n\r\n\r\n\r\n\r\n\r\n\r\n\r\n\r\n\r\n\r\n\r\n\r\n\r\n\r\n\r\n\r\n\r\n\r\n\r\n\r\n\r\n\r\nSeaBIOS (version seabios-0.6.1.2-19.el6)\r\n\r\n\r\n\r\ngPXE (http://etherboot.org) - 00:03.0 C100 PCI2.10 PnP BBS PMM1FE0@10 C100\r\n                                                                               \r\n\r\nProbing EDD (edd=off to disable)... ok\r\n\r\n\r\n\r\n\r\n\r\n\r\n\r\n\r\n\r\n\r\n\r\n\r\n\r\n\r\n\r\n\r\n\r\n\r\n\r\n\r\n\r\n\r\n\r\n\r\n\r\n\r\n\r\n\r\n\r\n\r\n\r\n\r\n\r\n\r\n\r\n\r\n\r\n\r\n\r\n\r\n\r\n\r\n\r\n\r\n\r\n\r\n\r\n\r\nInitializing cgroup subsys cpuset\r\nInitializing cgroup subsys cpu\r\nLinux version 2.6.32-279.14.1.el6.x86_64 (mockbuild@c6b8.bsys.dev.centos.org) (gcc version 4.4.6 20120305 (Red Hat 4.4.6-4) (GCC) ) #1 SMP Tue Nov 6 23:43:09 UTC 2012\r\nCommand line: root=/dev/vda1 console=ttyS0\r\nKERNEL supported cpus:\r\n  Intel GenuineIntel\r\n  AMD AuthenticAMD\r\n  Centaur CentaurHauls\r\nDisabled fast string operations\r\nBIOS-provided physical RAM map:\r\n BIOS-e820: 0000000000000000 - 000000000009d800 (usable)\r\n BIOS-e820: 000000000009d800 - 00000000000a0000 (reserved)\r\n BIOS-e820: 00000000000f0000 - 0000000000100000 (reserved)\r\n BIOS-e820: 0000000000100000 - 000000001fffd000 (usable)\r\n BIOS-e820: 000000001fffd000 - 0000000020000000 (reserved)\r\n BIOS-e820: 00000000fffbc000 - 0000000100000000 (reserved)\r\nDMI 2.4 present.\r\nSMBIOS version 2.4 @ 0xFDA50\r\nlast_pfn = 0x1fffd max_arch_pfn = 0x400000000\r\nPAT not supported by CPU.\r\ninit_memory_mapping: 0000000000000000-000000001fffd000\r\nRAMDISK: 1fa45000 - 1ffeff08\r\nACPI: RSDP 00000000000fda20 00014 (v00 BOCHS )\r\nACPI: RSDT 000000001fffd740 00030 (v01 BOCHS  BXPCRSDT 00000001 BXPC 00000001)\r\nACPI: FACP 000000001ffffe40 00074 (v01 BOCHS  BXPCFACP 00000001 BXPC 00000001)\r\nACPI: DSDT 000000001fffd900 024FD (v01   BXPC   BXDSDT 00000001 INTL 20090123)\r\nACPI: FACS 000000001ffffe00 00040\r\nACPI: SSDT 000000001fffd860 0009E (v01 BOCHS  BXPCSSDT 00000001 BXPC 00000001)\r\nACPI: APIC 000000001fffd770 00078 (v01 BOCHS  BXPCAPIC 00000001 BXPC 00000001)\r\nNo NUMA configuration found\r\nFaking a node at 0000000000000000-000000001fffd000\r\nBootmem setup node 0 0000000000000000-000000001fffd000\r\n  NODE_DATA [0000000000009000 - 000000000003cfff]\r\n  bootmap [000000000003d000 -  0000000000040fff] pages 4\r\n(7 early reservations) ==> bootmem [0000000000 - 001fffd000]\r\n  #0 [0000000000 - 0000001000]   BIOS data page ==> [0000000000 - 0000001000]\r\n  #1 [0000006000 - 0000008000]       TRAMPOLINE ==> [0000006000 - 0000008000]\r\n  #2 [0001000000 - 0002012024]    TEXT DATA BSS ==> [0001000000 - 0002012024]\r\n  #3 [001fa45000 - 001ffeff08]          RAMDISK ==> [001fa45000 - 001ffeff08]\r\n  #4 [000009d800 - 0000100000]    BIOS reserved ==> [000009d800 - 0000100000]\r\n  #5 [0002013000 - 0002013081]              BRK ==> [0002013000 - 0002013081]\r\n  #6 [0000008000 - 0000009000]          PGTABLE ==> [0000008000 - 0000009000]\r\nfound SMP MP-table at [ffff8800000fda70] fda70\r\nkvm-clock: Using msrs 4b564d01 and 4b564d00\r\nkvm-clock: cpu 0, msr 0:1c1f601, boot clock\r\nZone PFN ranges:\r\n  DMA      0x00000001 -> 0x00001000\r\n  DMA32    0x00001000 -> 0x00100000\r\n  Normal   0x00100000 -> 0x00100000\r\nMovable zone start PFN for each node\r\nearly_node_map[2] active PFN ranges\r\n    0: 0x00000001 -> 0x0000009d\r\n    0: 0x00000100 -> 0x0001fffd\r\nACPI: PM-Timer IO Port: 0xb008\r\nACPI: LAPIC (acpi_id[0x00] lapic_id[0x00] enabled)\r\nACPI: LAPIC_NMI (acpi_id[0xff] dfl dfl lint[0x1])\r\nACPI: IOAPIC (id[0x01] address[0xfec00000] gsi_base[0])\r\nIOAPIC[0]: apic_id 1, version 17, address 0xfec00000, GSI 0-23\r\nACPI: INT_SRC_OVR (bus 0 bus_irq 0 global_irq 2 dfl dfl)\r\nACPI: INT_SRC_OVR (bus 0 bus_irq 5 global_irq 5 high level)\r\nACPI: INT_SRC_OVR (bus 0 bus_irq 9 global_irq 9 high level)\r\nACPI: INT_SRC_OVR (bus 0 bus_irq 10 global_irq 10 high level)\r\nACPI: INT_SRC_OVR (bus 0 bus_irq 11 global_irq 11 high level)\r\nUsing ACPI (MADT) for SMP configuration information\r\nSMP: Allowing 1 CPUs, 0 hotplug CPUs\r\nPM: Registered nosave memory: 000000000009d000 - 000000000009e000\r\nPM: Registered nosave memory: 000000000009e000 - 00000000000a0000\r\nPM: Registered nosave memory: 00000000000a0000 - 00000000000f0000\r\nPM: Registered nosave memory: 00000000000f0000 - 0000000000100000\r\nAllocating PCI resources starting at 20000000 (gap: 20000000:dffbc000)\r\nBooting paravirtualized kernel on KVM\r\nNR_CPUS:4096 nr_cpumask_bits:1 nr_cpu_ids:1 nr_node_ids:1\r\nPERCPU: Embedded 31 pages/cpu @ffff880002200000 s94424 r8192 d24360 u2097152\r\npcpu-alloc: s94424 r8192 d24360 u2097152 alloc=1*2097152\r\npcpu-alloc: [0] 0 \r\nkvm-clock: cpu 0, msr 0:2216601, primary cpu clock\r\nkvm-stealtime: cpu 0, msr 220e840\r\nBuilt 1 zonelists in Node order, mobility grouping on.  Total pages: 129075\r\nPolicy zone: DMA32\r\nKernel command line: root=/dev/vda1 console=ttyS0\r\nPID hash table entries: 2048 (order: 2, 16384 bytes)\r\nChecking aperture...\r\nNo AGP bridge found\r\nMemory: 492808k/524276k available (5154k kernel code, 400k absent, 31068k reserved, 7164k data, 1260k init)\r\nHierarchical RCU implementation.\r\nNR_IRQS:33024 nr_irqs:256\r\nConsole: colour dummy device 80x25\r\nconsole [ttyS0] enabled\r\nallocated 4194304 bytes of page_cgroup\r\nplease try 'cgroup_disable=memory' option if you don't want memory cgroups\r\nDetected 3100.020 MHz processor.\r\nCalibrating delay loop (skipped) preset value.. 6200.04 BogoMIPS (lpj=3100020)\r\npid_max: default: 32768 minimum: 301\r\nSecurity Framework initialized\r\nSELinux:  Initializing.\r\nDentry cache hash table entries: 65536 (order: 7, 524288 bytes)\r\nInode-cache hash table entries: 32768 (order: 6, 262144 bytes)\r\nMount-cache hash table entries: 256\r\nInitializing cgroup subsys ns\r\nInitializing cgroup subsys cpuacct\r\nInitializing cgroup subsys memory\r\nInitializing cgroup subsys devices\r\nInitializing cgroup subsys freezer\r\nInitializing cgroup subsys net_cls\r\nInitializing cgroup subsys blkio\r\nInitializing cgroup subsys perf_event\r\nInitializing cgroup subsys net_prio\r\nDisabled fast string operations\r\nmce: CPU supports 10 MCE banks\r\nalternatives: switching to unfair spinlock\r\nSMP alternatives: switching to UP code\r\nFreeing SMP alternatives: 34k freed\r\nACPI: Core revision 20090903\r\nftrace: converting mcount calls to 0f 1f 44 00 00\r\nftrace: allocating 21019 entries in 83 pages\r\nSetting APIC routing to flat\r\n..TIMER: vector=0x30 apic1=0 pin1=2 apic2=-1 pin2=-1\r\nCPU0: Intel QEMU Virtual CPU version (cpu64-rhel6) stepping 03\r\nPerformance Events: Broken PMU hardware detected, using software events only.\r\nNMI watchdog disabled (cpu0): hardware events not enabled\r\nBrought up 1 CPUs\r\nTotal of 1 processors activated (6200.04 BogoMIPS).\r\ndevtmpfs: initialized\r\nregulator: core version 0.5\r\nNET: Registered protocol family 16\r\nACPI: bus type pci registered\r\nPCI: Using configuration type 1 for base access\r\nbio: create slab <bio-0> at 0\r\nACPI: Interpreter enabled\r\nACPI: (supports S0 S5)\r\nACPI: Using IOAPIC for interrupt routing\r\nACPI: No dock devices found.\r\nHEST: Table not found.\r\nPCI: Ignoring host bridge windows from ACPI; if necessary, use \"pci=use_crs\" and report a bug\r\nACPI: PCI Root Bridge [PCI0] (domain 0000 [bus 00-ff])\r\npci 0000:00:01.3: quirk: [io  0xb000-0xb03f] claimed by PIIX4 ACPI\r\npci 0000:00:01.3: quirk: [io  0xb100-0xb10f] claimed by PIIX4 SMB\r\nACPI: PCI Interrupt Link [LNKA] (IRQs 5 *10 11)\r\nACPI: PCI Interrupt Link [LNKB] (IRQs 5 *10 11)\r\nACPI: PCI Interrupt Link [LNKC] (IRQs 5 10 *11)\r\nACPI: PCI Interrupt Link [LNKD] (IRQs 5 10 *11)\r\nACPI: PCI Interrupt Link [LNKS] (IRQs 9) *0\r\nvgaarb: loaded\r\nSCSI subsystem initialized\r\nusbcore: registered new interface driver usbfs\r\nusbcore: registered new interface driver hub\r\nusbcore: registered new device driver usb\r\nPCI: Using ACPI for IRQ routing\r\nNetLabel: Initializing\r\nNetLabel:  domain hash size = 128\r\nNetLabel:  protocols = UNLABELED CIPSOv4\r\nNetLabel:  unlabeled traffic allowed by default\r\nSwitching to clocksource kvm-clock\r\npnp: PnP ACPI init\r\nACPI: bus type pnp registered\r\npnp: PnP ACPI: found 6 devices\r\nACPI: ACPI bus type pnp unregistered\r\nNET: Registered protocol family 2\r\nIP route cache hash table entries: 4096 (order: 3, 32768 bytes)\r\nTCP established hash table entries: 16384 (order: 6, 262144 bytes)\r\nTCP bind hash table entries: 16384 (order: 6, 262144 bytes)\r\nTCP: Hash tables configured (established 16384 bind 16384)\r\nTCP reno registered\r\nNET: Registered protocol family 1\r\npci 0000:00:00.0: Limiting direct PCI/PCI transfers\r\npci 0000:00:01.0: PIIX3: Enabling Passive Release\r\npci 0000:00:01.0: Activating ISA DMA hang workarounds\r\nACPI: PCI Interrupt Link [LNKD] enabled at IRQ 11\r\npci 0000:00:01.2: PCI INT D -> Link[LNKD] -> GSI 11 (level, high) -> IRQ 11\r\npci 0000:00:01.2: PCI INT D disabled\r\nTrying to unpack rootfs image as initramfs...\r\nFreeing initrd memory: 5803k freed\r\naudit: initializing netlink socket (disabled)\r\ntype=2000 audit(1353964564.141:1): initialized\r\nHugeTLB registered 2 MB page size, pre-allocated 0 pages\r\nVFS: Disk quotas dquot_6.5.2\r\nDquot-cache hash table entries: 512 (order 0, 4096 bytes)\r\nmsgmni has been set to 973\r\nalg: No test for stdrng (krng)\r\nksign: Installing public key data\r\nLoading keyring\r\n- Added public key F6C3AA06EA24DE0A\r\n- User ID: CentOS (Kernel Module GPG key)\r\nBlock layer SCSI generic (bsg) driver version 0.4 loaded (major 252)\r\nio scheduler noop registered\r\nio scheduler anticipatory registered\r\nio scheduler deadline registered\r\nio scheduler cfq registered (default)\r\npci_hotplug: PCI Hot Plug PCI Core version: 0.5\r\npciehp: PCI Express Hot Plug Controller Driver version: 0.4\r\nacpiphp: ACPI Hot Plug PCI Controller Driver version: 0.5\r\nacpiphp: Slot [1] registered\r\nacpiphp: Slot [2] registered\r\nacpiphp: Slot [3] registered\r\nacpiphp: Slot [4] registered\r\nacpiphp: Slot [5] registered\r\nacpiphp: Slot [6] registered\r\nacpiphp: Slot [7] registered\r\nacpiphp: Slot [8] registered\r\nacpiphp: Slot [9] registered\r\nacpiphp: Slot [10] registered\r\nacpiphp: Slot [11] registered\r\nacpiphp: Slot [12] registered\r\nacpiphp: Slot [13] registered\r\nacpiphp: Slot [14] registered\r\nacpiphp: Slot [15] registered\r\nacpiphp: Slot [16] registered\r\nacpiphp: Slot [17] registered\r\nacpiphp: Slot [18] registered\r\nacpiphp: Slot [19] registered\r\nacpiphp: Slot [20] registered\r\nacpiphp: Slot [21] registered\r\nacpiphp: Slot [22] registered\r\nacpiphp: Slot [23] registered\r\nacpiphp: Slot [24] registered\r\nacpiphp: Slot [25] registered\r\nacpiphp: Slot [26] registered\r\nacpiphp: Slot [27] registered\r\nacpiphp: Slot [28] registered\r\nacpiphp: Slot [29] registered\r\nacpiphp: Slot [30] registered\r\nacpiphp: Slot [31] registered\r\ninput: Power Button as /devices/LNXSYSTM:00/LNXPWRBN:00/input/input0\r\nACPI: Power Button [PWRF]\r\nERST: Table is not found!\r\nGHES: HEST is not enabled!\r\nNon-volatile memory driver v1.3\r\nLinux agpgart interface v0.103\r\ncrash memory driver: version 1.1\r\nSerial: 8250/16550 driver, 4 ports, IRQ sharing enabled\r\nï¿½serial8250: ttyS0 at I/O 0x3f8 (irq = 4) is a 16550A\r\n00:05: ttyS0 at I/O 0x3f8 (irq = 4) is a 16550A\r\nbrd: module loaded\r\nloop: module loaded\r\ninput: Macintosh mouse button emulation as /devices/virtual/input/input1\r\nFixed MDIO Bus: probed\r\nehci_hcd: USB 2.0 'Enhanced' Host Controller (EHCI) Driver\r\nohci_hcd: USB 1.1 'Open' Host Controller (OHCI) Driver\r\nuhci_hcd: USB Universal Host Controller Interface driver\r\nuhci_hcd 0000:00:01.2: PCI INT D -> Link[LNKD] -> GSI 11 (level, high) -> IRQ 11\r\nuhci_hcd 0000:00:01.2: UHCI Host Controller\r\nuhci_hcd 0000:00:01.2: new USB bus registered, assigned bus number 1\r\nuhci_hcd 0000:00:01.2: irq 11, io base 0x0000c020\r\nusb usb1: New USB device found, idVendor=1d6b, idProduct=0001\r\nusb usb1: New USB device strings: Mfr=3, Product=2, SerialNumber=1\r\nusb usb1: Product: UHCI Host Controller\r\nusb usb1: Manufacturer: Linux 2.6.32-279.14.1.el6.x86_64 uhci_hcd\r\nusb usb1: SerialNumber: 0000:00:01.2\r\nusb usb1: configuration #1 chosen from 1 choice\r\nhub 1-0:1.0: USB hub found\r\nhub 1-0:1.0: 2 ports detected\r\nPNP: PS/2 Controller [PNP0303:KBD,PNP0f13:MOU] at 0x60,0x64 irq 1,12\r\nserio: i8042 KBD port at 0x60,0x64 irq 1\r\nserio: i8042 AUX port at 0x60,0x64 irq 12\r\nmice: PS/2 mouse device common for all mice\r\ninput: AT Translated Set 2 keyboard as /devices/platform/i8042/serio0/input/input2\r\nrtc_cmos 00:01: RTC can wake from S4\r\nrtc_cmos 00:01: rtc core: registered rtc_cmos as rtc0\r\nrtc0: alarms up to one day, 114 bytes nvram\r\ncpuidle: using governor ladder\r\ncpuidle: using governor menu\r\nEFI Variables Facility v0.08 2004-May-17\r\nusbcore: registered new interface driver hiddev\r\nusbcore: registered new interface driver usbhid\r\nusbhid: v2.6:USB HID core driver\r\nTCP cubic registered\r\nInitializing XFRM netlink socket\r\nNET: Registered protocol family 17\r\nregistered taskstats version 1\r\nrtc_cmos 00:01: setting system clock to 2012-11-26 13:16:04 UTC (1353935764)\r\nInitalizing network drop monitor service\r\nFreeing unused kernel memory: 1260k freed\r\nWrite protecting the kernel read-only data: 10240k\r\nFreeing unused kernel memory: 972k freed\r\nFreeing unused kernel memory: 1732k freed\r\ndracut: dracut-004-284.el6_3.1\r\nudev: starting version 147\r\ndracut: Starting plymouth daemon\r\nACPI: PCI Interrupt Link [LNKC] enabled at IRQ 10\r\nvirtio-pci 0000:00:03.0: PCI INT A -> Link[LNKC] -> GSI 10 (level, high) -> IRQ 10\r\nvirtio-pci 0000:00:04.0: PCI INT A -> Link[LNKD] -> GSI 11 (level, high) -> IRQ 11\r\nACPI: PCI Interrupt Link [LNKA] enabled at IRQ 10\r\nvirtio-pci 0000:00:05.0: PCI INT A -> Link[LNKA] -> GSI 10 (level, high) -> IRQ 10\r\n vda: vda1 vda2 vda3\r\nkjournald starting.  Commit interval 5 seconds\r\nEXT3-fs (vda1): mounted filesystem with ordered data mode\r\ndracut: Mounted root filesystem /dev/vda1\r\nSELinux:  Disabled at runtime.\r\ntype=1404 audit(1353935764.851:2): selinux=0 auid=4294967295 ses=4294967295\r\ndracut: \r\ndracut: Switching root\r\ninput: ImExPS/2 Generic Explorer Mouse as /devices/platform/i8042/serio1/input/input3\r\n\t\tWelcome to CentOS \r\nRefined TSC clocksource calibration: 3099.878 MHz.\r\nStarting udev: udev: starting version 147\r\nscsi0 : ata_piix\r\nscsi1 : ata_piix\r\nata1: PATA max MWDMA2 cmd 0x1f0 ctl 0x3f6 bmdma 0xc000 irq 14\r\nata2: PATA max MWDMA2 cmd 0x170 ctl 0x376 bmdma 0xc008 irq 15\r\npiix4_smbus 0000:00:01.3: SMBus Host Controller at 0xb100, revision 0\r\n[  OK  ]\r\nSetting hostname localhost.localdomain:  [  OK  ]\r\ndevice-mapper: uevent: version 1.0.3\r\ndevice-mapper: ioctl: 4.22.6-ioctl (2011-10-19) initialised: dm-devel@redhat.com\r\nChecking filesystems\r\nChecking all file systems.\r\n[  OK  ]\r\nRemounting root filesystem in read-write mode:  EXT3-fs (vda1): using internal journal\r\n[  OK  ]\r\nMounting local filesystems:  [  OK  ]\r\nEnabling /etc/fstab swaps:  [  OK  ]\r\nEntering non-interactive startup\r\nNET: Registered protocol family 10\r\nlo: Disabled Privacy Extensions\r\nBringing up loopback interface:  [  OK  ]\r\nBringing up interface eth0:  \r\nDetermining IP information for eth0... failed.\r\n[FAILED]\r\nStarting auditd: [  OK  ]\r\nStarting system logger: [  OK  ]\r\nMounting other filesystems:  [  OK  ]\r\nStarting acpi daemon: [  OK  ]\r\nRetrigger failed udev events[  OK  ]\r\nAdding udev persistent rules[  OK  ]\r\nGenerating SSH1 RSA host key: [  OK  ]\r\nGenerating SSH2 RSA host key: [  OK  ]\r\nGenerating SSH2 DSA host key: [  OK  ]\r\nStarting sshd: [  OK  ]\r\nStarting ntpd: [  OK  ]\r\nStarting postfix: [  OK  ]\r\nStarting crond: [  OK  ]\r\nAdding 524280k swap on /dev/vda3.  Priority:-1 extents:1 across:524280k \r\nls: cannot access /media/ephemeral0/*: No such file or directory\r\nkjournald starting.  Commit interval 5 seconds\r\nEXT3-fs (vda2): using internal journal\r\nEXT3-fs (vda2): mounted filesystem with ordered data mode\r\nFATAL: Module acpiphp not found.\r\nStopping sshd: [  OK  ]\r\nStarting sshd: [  OK  ]\r\n\r\nCentOS release 6.3 (Final)\r\nKernel 2.6.32-279.14.1.el6.x86_64 on an x86_64\r\n\r\nlocalhost.localdomain login: \r\n# ;193R\r\n{code}\r\n\r\nNote the ';193R' text at the prompt after getting console output.","customfield_13000":null,"customfield_13200":null,"customfield_11300":null,"customfield_11500":null,"timetracking":{},"customfield_10401":null,"customfield_10005":null,"customfield_10600":null,"customfield_12900":null,"aggregatetimeestimate":null,"attachment":[],"summary":"euca-get-console-output text left at prompt","creator":{"self":"https://eucalyptus.atlassian.net/rest/api/2/user?username=sjones","name":"sjones","key":"sjones","accountId":"557058:f5dce1b0-db45-4dd6-a0e8-3cea5effb5ce","avatarUrls":{"48x48":"https://avatar-cdn.atlassian.com/037fddf6d3bf6d691a448e01136f233a?s=48&d=https%3A%2F%2Feucalyptus.atlassian.net%2Fsecure%2Fuseravatar%3FownerId%3Dsjones%26avatarId%3D18300%26noRedirect%3Dtrue","24x24":"https://avatar-cdn.atlassian.com/037fddf6d3bf6d691a448e01136f233a?s=24&d=https%3A%2F%2Feucalyptus.atlassian.net%2Fsecure%2Fuseravatar%3Fsize%3Dsmall%26ownerId%3Dsjones%26avatarId%3D18300%26noRedirect%3Dtrue","16x16":"https://avatar-cdn.atlassian.com/037fddf6d3bf6d691a448e01136f233a?s=16&d=https%3A%2F%2Feucalyptus.atlassian.net%2Fsecure%2Fuseravatar%3Fsize%3Dxsmall%26ownerId%3Dsjones%26avatarId%3D18300%26noRedirect%3Dtrue","32x32":"https://avatar-cdn.atlassian.com/037fddf6d3bf6d691a448e01136f233a?s=32&d=https%3A%2F%2Feucalyptus.atlassian.net%2Fsecure%2Fuseravatar%3Fsize%3Dmedium%26ownerId%3Dsjones%26avatarId%3D18300%26noRedirect%3Dtrue"},"displayName":"Steve Jones","active":true,"timeZone":"America/Los_Angeles"},"subtasks":[],"reporter":{"self":"https://eucalyptus.atlassian.net/rest/api/2/user?username=sjones","name":"sjones","key":"sjones","accountId":"557058:f5dce1b0-db45-4dd6-a0e8-3cea5effb5ce","avatarUrls":{"48x48":"https://avatar-cdn.atlassian.com/037fddf6d3bf6d691a448e01136f233a?s=48&d=https%3A%2F%2Feucalyptus.atlassian.net%2Fsecure%2Fuseravatar%3FownerId%3Dsjones%26avatarId%3D18300%26noRedirect%3Dtrue","24x24":"https://avatar-cdn.atlassian.com/037fddf6d3bf6d691a448e01136f233a?s=24&d=https%3A%2F%2Feucalyptus.atlassian.net%2Fsecure%2Fuseravatar%3Fsize%3Dsmall%26ownerId%3Dsjones%26avatarId%3D18300%26noRedirect%3Dtrue","16x16":"https://avatar-cdn.atlassian.com/037fddf6d3bf6d691a448e01136f233a?s=16&d=https%3A%2F%2Feucalyptus.atlassian.net%2Fsecure%2Fuseravatar%3Fsize%3Dxsmall%26ownerId%3Dsjones%26avatarId%3D18300%26noRedirect%3Dtrue","32x32":"https://avatar-cdn.atlassian.com/037fddf6d3bf6d691a448e01136f233a?s=32&d=https%3A%2F%2Feucalyptus.atlassian.net%2Fsecure%2Fuseravatar%3Fsize%3Dmedium%26ownerId%3Dsjones%26avatarId%3D18300%26noRedirect%3Dtrue"},"displayName":"Steve Jones","active":true,"timeZone":"America/Los_Angeles"},"customfield_10000":"3_*:*_1_*:*_14430833_*|*_10001_*:*_1_*:*_7362905_*|*_10002_*:*_1_*:*_6784_*|*_10000_*:*_1_*:*_64523955_*|*_10006_*:*_1_*:*_0_*|*_10003_*:*_1_*:*_90451","customfield_12100":"0|i01ppr:","aggregateprogress":{"progress":0,"total":0},"customfield_10001":"2012-11-27T18:09:49.334-0600","customfield_10200":null,"customfield_10002":null,"customfield_10003":null,"customfield_10400":null,"customfield_12500":null,"customfield_10116":null,"customfield_11600":["gholms(gholms)","sjones(sjones)"],"customfield_10117":null,"environment":null,"customfield_11800":null,"customfield_11802":null,"duedate":null,"customfield_11805":null,"progress":{"progress":0,"total":0},"customfield_11806":null,"votes":{"self":"https://eucalyptus.atlassian.net/rest/api/2/issue/TOOLS-156/votes","votes":0,"hasVoted":false},"comment":{"comments":[{"self":"https://eucalyptus.atlassian.net/rest/api/2/issue/17517/comment/36311","id":"36311","author":{"self":"https://eucalyptus.atlassian.net/rest/api/2/user?username=gholms","name":"gholms","key":"gholms","accountId":"557058:6e5fdc25-c797-4d3d-8fd4-55c3c4ed99b0","avatarUrls":{"48x48":"https://avatar-cdn.atlassian.com/3e16def22dd4a96dbe507df70f15f37f?s=48&d=https%3A%2F%2Feucalyptus.atlassian.net%2Fsecure%2Fuseravatar%3FownerId%3Dgholms%26avatarId%3D18100%26noRedirect%3Dtrue","24x24":"https://avatar-cdn.atlassian.com/3e16def22dd4a96dbe507df70f15f37f?s=24&d=https%3A%2F%2Feucalyptus.atlassian.net%2Fsecure%2Fuseravatar%3Fsize%3Dsmall%26ownerId%3Dgholms%26avatarId%3D18100%26noRedirect%3Dtrue","16x16":"https://avatar-cdn.atlassian.com/3e16def22dd4a96dbe507df70f15f37f?s=16&d=https%3A%2F%2Feucalyptus.atlassian.net%2Fsecure%2Fuseravatar%3Fsize%3Dxsmall%26ownerId%3Dgholms%26avatarId%3D18100%26noRedirect%3Dtrue","32x32":"https://avatar-cdn.atlassian.com/3e16def22dd4a96dbe507df70f15f37f?s=32&d=https%3A%2F%2Feucalyptus.atlassian.net%2Fsecure%2Fuseravatar%3Fsize%3Dmedium%26ownerId%3Dgholms%26avatarId%3D18100%26noRedirect%3Dtrue"},"displayName":"Garrett Holmstrom","active":true,"timeZone":"America/Los_Angeles"},"body":"The fix is to simply make euca-get-console-output escape control codes by default.  To get the old behavior back, use the {{--raw}} switch.","updateAuthor":{"self":"https://eucalyptus.atlassian.net/rest/api/2/user?username=gholms","name":"gholms","key":"gholms","accountId":"557058:6e5fdc25-c797-4d3d-8fd4-55c3c4ed99b0","avatarUrls":{"48x48":"https://avatar-cdn.atlassian.com/3e16def22dd4a96dbe507df70f15f37f?s=48&d=https%3A%2F%2Feucalyptus.atlassian.net%2Fsecure%2Fuseravatar%3FownerId%3Dgholms%26avatarId%3D18100%26noRedirect%3Dtrue","24x24":"https://avatar-cdn.atlassian.com/3e16def22dd4a96dbe507df70f15f37f?s=24&d=https%3A%2F%2Feucalyptus.atlassian.net%2Fsecure%2Fuseravatar%3Fsize%3Dsmall%26ownerId%3Dgholms%26avatarId%3D18100%26noRedirect%3Dtrue","16x16":"https://avatar-cdn.atlassian.com/3e16def22dd4a96dbe507df70f15f37f?s=16&d=https%3A%2F%2Feucalyptus.atlassian.net%2Fsecure%2Fuseravatar%3Fsize%3Dxsmall%26ownerId%3Dgholms%26avatarId%3D18100%26noRedirect%3Dtrue","32x32":"https://avatar-cdn.atlassian.com/3e16def22dd4a96dbe507df70f15f37f?s=32&d=https%3A%2F%2Feucalyptus.atlassian.net%2Fsecure%2Fuseravatar%3Fsize%3Dmedium%26ownerId%3Dgholms%26avatarId%3D18100%26noRedirect%3Dtrue"},"displayName":"Garrett Holmstrom","active":true,"timeZone":"America/Los_Angeles"},"created":"2012-11-27T18:09:49.334-0600","updated":"2012-11-27T18:09:49.334-0600"}],"maxResults":1,"total":1,"startAt":0},"worklog":{"startAt":0,"maxResults":20,"total":0,"worklogs":[]},"customfield_11808":null}}